(23:0) LPAREN: (
(23:1) IDENTIFIER: define
(23:8) IDENTIFIER: tau
(23:12) LPAREN: (
(23:13) IDENTIFIER: *
(23:15) NUMBER: 2
(23:17) NUMBER: 3.1415926
(23:26) RPAREN: )
(23:27) RPAREN: )
(26:0) LPAREN: (
(26:1) IDENTIFIER: define
(26:8) LPAREN: (
(26:9) IDENTIFIER: f
(26:11) IDENTIFIER: x
(26:12) RPAREN: )
(26:14) LPAREN: (
(26:15) IDENTIFIER: *
(26:17) IDENTIFIER: x
(26:19) NUMBER: 2
(26:20) RPAREN: )
(26:21) RPAREN: )
(29:0) LPAREN: (
(29:1) IDENTIFIER: define
(29:8) LPAREN: (
(29:9) IDENTIFIER: deep-map
(29:18) IDENTIFIER: fn
(29:21) IDENTIFIER: s
(29:22) RPAREN: )
(30:2) LPAREN: (
(30:3) IDENTIFIER: cond
(30:8) LPAREN: (
(30:9) LPAREN: (
(30:10) IDENTIFIER: null?
(30:16) IDENTIFIER: s
(30:17) RPAREN: )
(30:19) QUOTE: '
(30:20) LPAREN: (
(30:21) RPAREN: )
(30:22) RPAREN: )
(31:2) LPAREN: (
(31:3) LPAREN: (
(31:4) IDENTIFIER: list?
(31:10) LPAREN: (
(31:11) IDENTIFIER: car
(31:15) IDENTIFIER: s
(31:16) RPAREN: )
(31:17) RPAREN: )
(32:4) LPAREN: (
(32:5) IDENTIFIER: cons
(32:10) LPAREN: (
(32:11) IDENTIFIER: deep-map
(32:20) IDENTIFIER: fn
(32:23) LPAREN: (
(32:24) IDENTIFIER: car
(32:28) IDENTIFIER: s
(32:29) RPAREN: )
(32:30) RPAREN: )
(33:6) LPAREN: (
(33:7) IDENTIFIER: deep-map
(33:16) IDENTIFIER: fn
(33:19) LPAREN: (
(33:20) IDENTIFIER: cdr
(33:24) IDENTIFIER: s
(33:25) RPAREN: )
(33:26) RPAREN: )
(33:27) RPAREN: )
(33:28) RPAREN: )
(34:6) LPAREN: (
(34:7) IDENTIFIER: else
(34:12) LPAREN: (
(34:13) IDENTIFIER: cons
(34:18) LPAREN: (
(34:19) IDENTIFIER: fn
(34:22) LPAREN: (
(34:23) IDENTIFIER: car
(34:27) IDENTIFIER: s
(34:28) RPAREN: )
(34:29) RPAREN: )
(35:4) LPAREN: (
(35:5) IDENTIFIER: deep-map
(35:14) IDENTIFIER: fn
(35:17) LPAREN: (
(35:18) IDENTIFIER: cdr
(35:22) IDENTIFIER: s
(35:23) RPAREN: )
(35:24) RPAREN: )
(35:25) RPAREN: )
(35:26) RPAREN: )
(35:27) RPAREN: )
(35:28) RPAREN: )
(38:0) LPAREN: (
(38:1) IDENTIFIER: define
(38:8) LPAREN: (
(38:9) IDENTIFIER: square
(38:16) IDENTIFIER: x
(38:17) RPAREN: )
(38:19) LPAREN: (
(38:20) IDENTIFIER: *
(38:22) IDENTIFIER: x
(38:24) IDENTIFIER: x
(38:25) RPAREN: )
(38:26) RPAREN: )
(41:0) LPAREN: (
(41:1) IDENTIFIER: deep-map
(41:10) IDENTIFIER: square
(41:17) QUOTE: '
(41:18) LPAREN: (
(41:19) NUMBER: 1
(41:21) NUMBER: 2
(41:23) LPAREN: (
(41:24) NUMBER: 3
(41:26) NUMBER: 4
(41:29) LPAREN: (
(41:30) NUMBER: 5
(41:33) NUMBER: 6
(41:34) RPAREN: )
(41:37) LPAREN: (
(41:38) LPAREN: (
(41:39) NUMBER: 7
(41:40) RPAREN: )
(41:41) RPAREN: )
(41:44) NUMBER: 8
(41:45) RPAREN: )
(41:48) LPAREN: (
(41:49) NUMBER: 9
(41:52) NUMBER: 10
(41:54) RPAREN: )
(41:55) RPAREN: )
(41:56) RPAREN: )
(44:0) LPAREN: (
(44:1) IDENTIFIER: define
(44:8) IDENTIFIER: x
(44:10) NUMBER: 15
(44:12) RPAREN: )
(47:0) LPAREN: (
(47:1) IDENTIFIER: define
(47:8) IDENTIFIER: y
(47:10) LPAREN: (
(47:11) IDENTIFIER: *
(47:13) NUMBER: 2
(47:15) IDENTIFIER: x
(47:16) RPAREN: )
(47:17) RPAREN: )
(50:0) LPAREN: (
(50:1) IDENTIFIER: +
(50:3) IDENTIFIER: y
(50:5) LPAREN: (
(50:6) IDENTIFIER: *
(50:8) IDENTIFIER: y
(50:10) NUMBER: 2
(50:11) RPAREN: )
(50:13) NUMBER: 1
(50:14) RPAREN: )
(54:0) QUOTE: '
(54:1) LPAREN: (
(54:2) NUMBER: 1
(54:4) LPAREN: (
(54:5) NUMBER: 2
(54:7) IDENTIFIER: three
(54:13) DOT: .
(54:15) LPAREN: (
(54:16) NUMBER: 4
(54:18) DOT: .
(54:20) NUMBER: 5
(54:21) RPAREN: )
(54:22) RPAREN: )
(54:23) RPAREN: )
(57:0) LPAREN: (
(57:1) IDENTIFIER: eval
(57:6) LPAREN: (
(57:7) IDENTIFIER: cons
(57:12) QUOTE: '
(57:13) IDENTIFIER: car
(57:17) QUOTE: '
(57:18) LPAREN: (
(57:19) QUOTE: '
(57:20) LPAREN: (
(57:21) NUMBER: 1
(57:23) NUMBER: 2
(57:24) RPAREN: )
(57:25) RPAREN: )
(57:26) RPAREN: )
(57:27) RPAREN: )
(60:0) QUOTE: '
(60:1) LPAREN: (
(60:2) NUMBER: 1
(60:4) NUMBER: 2
(60:5) RPAREN: )
(65:0) LPAREN: (
(65:1) IDENTIFIER: begin
(65:7) LPAREN: (
(65:8) IDENTIFIER: print
(65:14) NUMBER: 3
(65:15) RPAREN: )
(65:17) QUOTE: '
(65:18) LPAREN: (
(65:19) IDENTIFIER: +
(65:21) NUMBER: 2
(65:23) NUMBER: 3
(65:24) RPAREN: )
(65:25) RPAREN: )
(68:0) LPAREN: (
(68:1) IDENTIFIER: define
(68:8) IDENTIFIER: x
(68:10) LPAREN: (
(68:11) IDENTIFIER: begin
(68:17) LPAREN: (
(68:18) IDENTIFIER: display
(68:26) NUMBER: 3
(68:27) RPAREN: )
(68:29) LPAREN: (
(68:30) IDENTIFIER: newline
(68:37) RPAREN: )
(68:39) LPAREN: (
(68:40) IDENTIFIER: +
(68:42) NUMBER: 2
(68:44) NUMBER: 3
(68:45) RPAREN: )
(68:46) RPAREN: )
(68:47) RPAREN: )
(71:0) LPAREN: (
(71:1) IDENTIFIER: +
(71:3) IDENTIFIER: x
(71:5) NUMBER: 5
(71:6) RPAREN: )
(74:0) LPAREN: (
(74:1) IDENTIFIER: define
(74:8) IDENTIFIER: x
(74:10) NUMBER: 0
(74:11) RPAREN: )
(77:0) LPAREN: (
(77:1) IDENTIFIER: begin
(77:7) LPAREN: (
(77:8) IDENTIFIER: define
(77:15) IDENTIFIER: x
(77:17) NUMBER: 5
(77:18) RPAREN: )
(78:7) LPAREN: (
(78:8) IDENTIFIER: +
(78:10) IDENTIFIER: x
(78:12) NUMBER: 1
(78:13) RPAREN: )
(78:14) RPAREN: )
(84:0) LPAREN: (
(84:1) IDENTIFIER: let
(84:5) LPAREN: (
(84:6) LPAREN: (
(84:7) IDENTIFIER: x
(84:9) NUMBER: 42
(84:11) RPAREN: )
(84:12) RPAREN: )
(84:14) IDENTIFIER: x
(84:16) NUMBER: 1
(84:18) NUMBER: 2
(84:19) RPAREN: )
(87:0) LPAREN: (
(87:1) IDENTIFIER: let
(87:5) LPAREN: (
(87:6) LPAREN: (
(87:7) IDENTIFIER: a
(87:9) NUMBER: 5
(87:10) RPAREN: )
(87:12) LPAREN: (
(87:13) IDENTIFIER: b
(87:15) NUMBER: 9
(87:16) RPAREN: )
(87:17) RPAREN: )
(88:2) LPAREN: (
(88:3) IDENTIFIER: let
(88:7) LPAREN: (
(88:8) LPAREN: (
(88:9) IDENTIFIER: c
(88:11) LPAREN: (
(88:12) IDENTIFIER: *
(88:14) IDENTIFIER: a
(88:16) IDENTIFIER: b
(88:17) RPAREN: )
(88:18) RPAREN: )
(88:19) RPAREN: )
(89:4) IDENTIFIER: c
(89:5) RPAREN: )
(89:6) RPAREN: )
(92:0) LPAREN: (
(92:1) IDENTIFIER: let
(92:5) LPAREN: (
(92:6) LPAREN: (
(92:7) IDENTIFIER: a
(92:9) LPAREN: (
(92:10) IDENTIFIER: lambda
(92:17) LPAREN: (
(92:18) IDENTIFIER: x
(92:20) IDENTIFIER: y
(92:21) RPAREN: )
(92:23) LPAREN: (
(92:24) IDENTIFIER: +
(92:26) IDENTIFIER: x
(92:28) IDENTIFIER: y
(92:29) RPAREN: )
(92:30) RPAREN: )
(92:31) RPAREN: )
(92:33) LPAREN: (
(92:34) IDENTIFIER: b
(92:36) NUMBER: 5
(92:37) RPAREN: )
(92:39) LPAREN: (
(92:40) IDENTIFIER: c
(92:42) NUMBER: 7
(92:43) RPAREN: )
(92:44) RPAREN: )
(93:2) LPAREN: (
(93:3) IDENTIFIER: a
(93:5) IDENTIFIER: b
(93:7) IDENTIFIER: c
(93:8) RPAREN: )
(93:9) RPAREN: )
(96:0) LPAREN: (
(96:1) IDENTIFIER: let
(96:5) LPAREN: (
(96:6) LPAREN: (
(96:7) IDENTIFIER: a
(96:9) LPAREN: (
(96:10) IDENTIFIER: lambda
(96:17) LPAREN: (
(96:18) IDENTIFIER: x
(96:20) IDENTIFIER: y
(96:21) RPAREN: )
(96:23) LPAREN: (
(96:24) IDENTIFIER: *
(96:26) IDENTIFIER: x
(96:28) IDENTIFIER: y
(96:29) RPAREN: )
(96:30) RPAREN: )
(96:31) RPAREN: )
(96:33) LPAREN: (
(96:34) IDENTIFIER: b
(96:36) NUMBER: 5
(96:37) RPAREN: )
(96:39) LPAREN: (
(96:40) IDENTIFIER: c
(96:42) NUMBER: 7
(96:43) RPAREN: )
(96:44) RPAREN: )
(97:2) LPAREN: (
(97:3) IDENTIFIER: a
(97:5) IDENTIFIER: b
(97:7) IDENTIFIER: c
(97:8) RPAREN: )
(97:9) RPAREN: )
(100:0) LPAREN: (
(100:1) IDENTIFIER: let
(100:5) LPAREN: (
(100:6) LPAREN: (
(100:7) IDENTIFIER: x
(100:9) NUMBER: 2
(100:10) RPAREN: )
(100:12) LPAREN: (
(100:13) IDENTIFIER: y
(100:15) NUMBER: 3
(100:16) RPAREN: )
(100:17) RPAREN: )
(101:2) LPAREN: (
(101:3) IDENTIFIER: let
(101:7) LPAREN: (
(101:8) LPAREN: (
(101:9) IDENTIFIER: x
(101:11) NUMBER: 7
(101:12) RPAREN: )
(102:8) LPAREN: (
(102:9) IDENTIFIER: z
(102:11) LPAREN: (
(102:12) IDENTIFIER: +
(102:14) IDENTIFIER: x
(102:16) IDENTIFIER: y
(102:17) RPAREN: )
(102:18) RPAREN: )
(102:19) RPAREN: )
(103:4) LPAREN: (
(103:5) IDENTIFIER: *
(103:7) IDENTIFIER: z
(103:9) IDENTIFIER: x
(103:10) RPAREN: )
(103:11) RPAREN: )
(103:12) RPAREN: )
(106:0) LPAREN: (
(106:1) IDENTIFIER: let
(106:5) LPAREN: (
(106:6) LPAREN: (
(106:7) IDENTIFIER: x
(106:9) NUMBER: 2
(106:10) RPAREN: )
(106:12) LPAREN: (
(106:13) IDENTIFIER: y
(106:15) NUMBER: 3
(106:16) RPAREN: )
(106:17) RPAREN: )
(107:2) LPAREN: (
(107:3) IDENTIFIER: let
(107:7) LPAREN: (
(107:8) LPAREN: (
(107:9) IDENTIFIER: x
(107:11) NUMBER: 7
(107:12) RPAREN: )
(108:9) LPAREN: (
(108:10) IDENTIFIER: z
(108:12) LPAREN: (
(108:13) IDENTIFIER: *
(108:15) IDENTIFIER: x
(108:17) IDENTIFIER: y
(108:18) RPAREN: )
(108:19) RPAREN: )
(108:20) RPAREN: )
(109:4) LPAREN: (
(109:5) IDENTIFIER: +
(109:7) IDENTIFIER: z
(109:9) IDENTIFIER: x
(109:10) RPAREN: )
(109:11) RPAREN: )
(109:12) RPAREN: )
(112:0) LPAREN: (
(112:1) IDENTIFIER: let
(112:5) LPAREN: (
(112:6) LPAREN: (
(112:7) IDENTIFIER: x
(112:9) QUOTE: '
(112:10) LPAREN: (
(112:11) NUMBER: 1
(112:13) NUMBER: 3
(112:15) NUMBER: 5
(112:17) NUMBER: 7
(112:19) NUMBER: 9
(112:20) RPAREN: )
(112:21) RPAREN: )
(112:22) RPAREN: )
(113:2) LPAREN: (
(113:3) IDENTIFIER: +
(113:5) LPAREN: (
(113:6) IDENTIFIER: car
(113:10) IDENTIFIER: x
(113:11) RPAREN: )
(113:13) LPAREN: (
(113:14) IDENTIFIER: car
(113:17) LPAREN: (
(113:18) IDENTIFIER: cdr
(113:22) IDENTIFIER: x
(113:23) RPAREN: )
(113:24) RPAREN: )
(113:25) RPAREN: )
(114:2) RPAREN: )
(118:0) LPAREN: (
(118:1) LPAREN: (
(118:2) IDENTIFIER: lambda
(118:9) LPAREN: (
(118:10) IDENTIFIER: a
(118:12) IDENTIFIER: b
(118:13) RPAREN: )
(118:15) LPAREN: (
(118:16) IDENTIFIER: +
(118:18) LPAREN: (
(118:19) IDENTIFIER: *
(118:21) NUMBER: 2
(118:23) IDENTIFIER: a
(118:24) RPAREN: )
(118:26) IDENTIFIER: b
(118:27) RPAREN: )
(118:28) RPAREN: )
(118:30) NUMBER: 5
(118:32) NUMBER: 6
(118:33) RPAREN: )
(121:0) LPAREN: (
(121:1) IDENTIFIER: define
(121:8) IDENTIFIER: fac
(121:12) LPAREN: (
(121:13) IDENTIFIER: lambda
(121:20) LPAREN: (
(121:21) IDENTIFIER: n
(121:22) RPAREN: )
(122:2) LPAREN: (
(122:3) IDENTIFIER: if
(122:6) LPAREN: (
(122:7) IDENTIFIER: =
(122:9) IDENTIFIER: n
(122:11) NUMBER: 0
(122:12) RPAREN: )
(123:4) NUMBER: 1
(124:4) LPAREN: (
(124:5) IDENTIFIER: *
(124:7) IDENTIFIER: n
(124:9) LPAREN: (
(124:10) IDENTIFIER: fac
(124:14) LPAREN: (
(124:15) IDENTIFIER: -
(124:17) IDENTIFIER: n
(124:19) NUMBER: 1
(124:20) RPAREN: )
(124:21) RPAREN: )
(124:22) RPAREN: )
(124:23) RPAREN: )
(124:24) RPAREN: )
(124:25) RPAREN: )
(127:0) LPAREN: (
(127:1) IDENTIFIER: fac
(127:5) NUMBER: 4
(127:6) RPAREN: )
(130:0) LPAREN: (
(130:1) IDENTIFIER: define
(130:8) IDENTIFIER: gcd
(131:4) LPAREN: (
(131:5) IDENTIFIER: lambda
(131:12) LPAREN: (
(131:13) IDENTIFIER: a
(131:15) IDENTIFIER: b
(131:16) RPAREN: )
(132:8) LPAREN: (
(132:9) IDENTIFIER: if
(132:12) LPAREN: (
(132:13) IDENTIFIER: =
(132:15) IDENTIFIER: a
(132:17) IDENTIFIER: b
(132:18) RPAREN: )
(133:10) IDENTIFIER: a
(134:10) LPAREN: (
(134:11) IDENTIFIER: if
(134:14) LPAREN: (
(134:15) IDENTIFIER: >
(134:17) IDENTIFIER: a
(134:19) IDENTIFIER: b
(134:20) RPAREN: )
(134:22) LPAREN: (
(134:23) IDENTIFIER: gcd
(134:27) LPAREN: (
(134:28) IDENTIFIER: -
(134:30) IDENTIFIER: a
(134:32) IDENTIFIER: b
(134:33) RPAREN: )
(134:35) IDENTIFIER: b
(134:36) RPAREN: )
(134:38) LPAREN: (
(134:39) IDENTIFIER: gcd
(134:43) IDENTIFIER: a
(134:45) LPAREN: (
(134:46) IDENTIFIER: -
(134:48) IDENTIFIER: b
(134:50) IDENTIFIER: a
(134:51) RPAREN: )
(134:52) RPAREN: )
(134:53) RPAREN: )
(134:54) RPAREN: )
(134:55) RPAREN: )
(134:56) RPAREN: )
(137:0) LPAREN: (
(137:1) IDENTIFIER: gcd
(137:5) NUMBER: 51
(137:8) NUMBER: 17
(137:10) RPAREN: )
(141:0) LPAREN: (
(141:1) IDENTIFIER: define
(141:8) IDENTIFIER: f
(141:10) LPAREN: (
(141:11) IDENTIFIER: mu
(141:14) LPAREN: (
(141:15) IDENTIFIER: b
(141:16) RPAREN: )
(141:18) LPAREN: (
(141:19) IDENTIFIER: +
(141:21) IDENTIFIER: a
(141:23) IDENTIFIER: b
(141:24) RPAREN: )
(141:25) RPAREN: )
(141:26) RPAREN: )
(144:0) LPAREN: (
(144:1) IDENTIFIER: define
(144:8) IDENTIFIER: g
(144:10) LPAREN: (
(144:11) IDENTIFIER: lambda
(144:18) LPAREN: (
(144:19) IDENTIFIER: a
(144:21) IDENTIFIER: b
(144:22) RPAREN: )
(144:24) LPAREN: (
(144:25) IDENTIFIER: f
(144:27) LPAREN: (
(144:28) IDENTIFIER: +
(144:30) IDENTIFIER: a
(144:32) IDENTIFIER: b
(144:33) RPAREN: )
(144:34) RPAREN: )
(144:35) RPAREN: )
(144:36) RPAREN: )
(147:0) LPAREN: (
(147:1) IDENTIFIER: g
(147:3) NUMBER: 5
(147:5) NUMBER: 6
(147:6) RPAREN: )
(150:0) LPAREN: (
(150:1) IDENTIFIER: define
(150:8) IDENTIFIER: f
(150:10) LPAREN: (
(150:11) IDENTIFIER: mu
(150:14) LPAREN: (
(150:15) IDENTIFIER: b
(150:16) RPAREN: )
(150:18) LPAREN: (
(150:19) IDENTIFIER: *
(150:21) IDENTIFIER: a
(150:23) IDENTIFIER: b
(150:24) RPAREN: )
(150:25) RPAREN: )
(150:26) RPAREN: )
(153:0) LPAREN: (
(153:1) IDENTIFIER: define
(153:8) IDENTIFIER: g
(153:10) LPAREN: (
(153:11) IDENTIFIER: lambda
(153:18) LPAREN: (
(153:19) IDENTIFIER: a
(153:21) IDENTIFIER: b
(153:22) RPAREN: )
(153:24) LPAREN: (
(153:25) IDENTIFIER: f
(153:27) LPAREN: (
(153:28) IDENTIFIER: -
(153:30) IDENTIFIER: a
(153:32) IDENTIFIER: b
(153:33) RPAREN: )
(153:34) RPAREN: )
(153:35) RPAREN: )
(153:36) RPAREN: )
(156:0) LPAREN: (
(156:1) IDENTIFIER: g
(156:3) NUMBER: 2
(156:5) NUMBER: 9
(156:6) RPAREN: )
(159:0) LPAREN: (
(159:1) IDENTIFIER: define
(159:8) IDENTIFIER: f
(159:10) LPAREN: (
(159:11) IDENTIFIER: mu
(159:14) LPAREN: (
(159:15) IDENTIFIER: b
(159:16) RPAREN: )
(159:18) LPAREN: (
(159:19) IDENTIFIER: /
(159:21) IDENTIFIER: a
(159:23) IDENTIFIER: b
(159:24) RPAREN: )
(159:25) RPAREN: )
(159:26) RPAREN: )
(162:0) LPAREN: (
(162:1) IDENTIFIER: define
(162:8) IDENTIFIER: g
(162:10) LPAREN: (
(162:11) IDENTIFIER: lambda
(162:18) LPAREN: (
(162:19) IDENTIFIER: a
(162:21) IDENTIFIER: b
(162:22) RPAREN: )
(162:24) LPAREN: (
(162:25) IDENTIFIER: f
(162:27) LPAREN: (
(162:28) IDENTIFIER: +
(162:30) IDENTIFIER: a
(162:32) IDENTIFIER: b
(162:33) RPAREN: )
(162:34) RPAREN: )
(162:35) RPAREN: )
(162:36) RPAREN: )
(165:0) LPAREN: (
(165:1) IDENTIFIER: g
(165:3) NUMBER: 0
(165:5) NUMBER: 1
(165:6) RPAREN: )
(168:0) LPAREN: (
(168:1) IDENTIFIER: define
(168:8) IDENTIFIER: f
(168:10) LPAREN: (
(168:11) IDENTIFIER: mu
(168:14) LPAREN: (
(168:15) IDENTIFIER: b
(168:16) RPAREN: )
(168:18) LPAREN: (
(168:19) IDENTIFIER: <
(168:21) IDENTIFIER: a
(168:23) IDENTIFIER: b
(168:24) RPAREN: )
(168:25) RPAREN: )
(168:26) RPAREN: )
(171:0) LPAREN: (
(171:1) IDENTIFIER: define
(171:8) IDENTIFIER: g
(171:10) LPAREN: (
(171:11) IDENTIFIER: lambda
(171:18) LPAREN: (
(171:19) IDENTIFIER: a
(171:21) IDENTIFIER: b
(171:22) RPAREN: )
(171:24) LPAREN: (
(171:25) IDENTIFIER: f
(171:27) LPAREN: (
(171:28) IDENTIFIER: +
(171:30) IDENTIFIER: a
(171:32) IDENTIFIER: b
(171:33) RPAREN: )
(171:34) RPAREN: )
(171:35) RPAREN: )
(171:36) RPAREN: )
(174:0) LPAREN: (
(174:1) IDENTIFIER: g
(174:3) NUMBER: 4
(174:5) NUMBER: 6
(174:6) RPAREN: )
(180:0) LPAREN: (
(180:1) IDENTIFIER: define
(180:8) IDENTIFIER: three
(180:14) NUMBER: 3
(180:15) RPAREN: )
(183:0) LPAREN: (
(183:1) IDENTIFIER: define
(183:8) IDENTIFIER: four
(183:13) NUMBER: 4
(183:14) RPAREN: )
(186:0) LPAREN: (
(186:1) IDENTIFIER: +
(186:3) IDENTIFIER: three
(186:9) IDENTIFIER: four
(186:13) RPAREN: )
(189:0) LPAREN: (
(189:1) IDENTIFIER: define
(189:8) LPAREN: (
(189:9) IDENTIFIER: substitute
(189:20) IDENTIFIER: s
(189:22) IDENTIFIER: old
(189:26) IDENTIFIER: new
(189:29) RPAREN: )
(190:2) LPAREN: (
(190:3) IDENTIFIER: cond
(191:3) LPAREN: (
(191:4) LPAREN: (
(191:5) IDENTIFIER: null?
(191:11) IDENTIFIER: s
(191:12) RPAREN: )
(191:14) IDENTIFIER: nil
(191:17) RPAREN: )
(192:3) LPAREN: (
(192:4) LPAREN: (
(192:5) IDENTIFIER: list?
(192:11) LPAREN: (
(192:12) IDENTIFIER: car
(192:16) IDENTIFIER: s
(192:17) RPAREN: )
(192:18) RPAREN: )
(192:20) LPAREN: (
(192:21) IDENTIFIER: cons
(192:26) LPAREN: (
(192:27) IDENTIFIER: substitute
(192:38) LPAREN: (
(192:39) IDENTIFIER: car
(192:43) IDENTIFIER: s
(192:44) RPAREN: )
(192:46) IDENTIFIER: old
(192:50) IDENTIFIER: new
(192:53) RPAREN: )
(192:55) LPAREN: (
(192:56) IDENTIFIER: substitute
(192:67) LPAREN: (
(192:68) IDENTIFIER: cdr
(192:72) IDENTIFIER: s
(192:73) RPAREN: )
(192:75) IDENTIFIER: old
(192:79) IDENTIFIER: new
(192:82) RPAREN: )
(192:83) RPAREN: )
(192:84) RPAREN: )
(193:3) LPAREN: (
(193:4) LPAREN: (
(193:5) IDENTIFIER: eq?
(193:9) LPAREN: (
(193:10) IDENTIFIER: car
(193:14) IDENTIFIER: s
(193:15) RPAREN: )
(193:17) IDENTIFIER: old
(193:20) RPAREN: )
(193:22) LPAREN: (
(193:23) IDENTIFIER: cons
(193:28) IDENTIFIER: new
(193:32) LPAREN: (
(193:33) IDENTIFIER: substitute
(193:44) LPAREN: (
(193:45) IDENTIFIER: cdr
(193:49) IDENTIFIER: s
(193:50) RPAREN: )
(193:52) IDENTIFIER: old
(193:56) IDENTIFIER: new
(193:59) RPAREN: )
(193:60) RPAREN: )
(193:61) RPAREN: )
(194:3) LPAREN: (
(194:4) IDENTIFIER: else
(194:9) LPAREN: (
(194:10) IDENTIFIER: cons
(194:15) LPAREN: (
(194:16) IDENTIFIER: car
(194:20) IDENTIFIER: s
(194:21) RPAREN: )
(194:23) LPAREN: (
(194:24) IDENTIFIER: substitute
(194:35) LPAREN: (
(194:36) IDENTIFIER: cdr
(194:40) IDENTIFIER: s
(194:41) RPAREN: )
(194:43) IDENTIFIER: old
(194:47) IDENTIFIER: new
(194:50) RPAREN: )
(194:51) RPAREN: )
(194:52) RPAREN: )
(194:53) RPAREN: )
(195:0) RPAREN: )
(198:0) LPAREN: (
(198:1) IDENTIFIER: substitute
(198:12) QUOTE: '
(198:13) LPAREN: (
(198:14) LPAREN: (
(198:15) IDENTIFIER: lead
(198:20) IDENTIFIER: guitar
(198:26) RPAREN: )
(198:28) LPAREN: (
(198:29) IDENTIFIER: bass
(198:34) IDENTIFIER: guitar
(198:40) RPAREN: )
(198:42) LPAREN: (
(198:43) IDENTIFIER: rhythm
(198:50) IDENTIFIER: guitar
(198:56) RPAREN: )
(198:58) IDENTIFIER: drums
(198:63) RPAREN: )
(199:29) QUOTE: '
(199:30) IDENTIFIER: guitar
(199:37) QUOTE: '
(199:38) IDENTIFIER: axe
(199:41) RPAREN: )
(202:0) LPAREN: (
(202:1) IDENTIFIER: define
(202:8) LPAREN: (
(202:9) IDENTIFIER: substitute-list
(202:25) IDENTIFIER: s
(202:27) IDENTIFIER: olds
(202:32) IDENTIFIER: news
(202:36) RPAREN: )
(203:2) LPAREN: (
(203:3) IDENTIFIER: cond
(204:3) LPAREN: (
(204:4) LPAREN: (
(204:5) IDENTIFIER: null?
(204:11) LPAREN: (
(204:12) IDENTIFIER: cdr
(204:16) IDENTIFIER: olds
(204:20) RPAREN: )
(204:21) RPAREN: )
(204:23) LPAREN: (
(204:24) IDENTIFIER: substitute
(204:35) IDENTIFIER: s
(204:37) LPAREN: (
(204:38) IDENTIFIER: car
(204:42) IDENTIFIER: olds
(204:46) RPAREN: )
(204:48) LPAREN: (
(204:49) IDENTIFIER: car
(204:53) IDENTIFIER: news
(204:57) RPAREN: )
(204:58) RPAREN: )
(204:59) RPAREN: )
(205:3) LPAREN: (
(205:4) IDENTIFIER: else
(206:4) LPAREN: (
(206:5) IDENTIFIER: substitute-list
(206:21) LPAREN: (
(206:22) IDENTIFIER: substitute
(206:33) IDENTIFIER: s
(206:35) LPAREN: (
(206:36) IDENTIFIER: car
(206:40) IDENTIFIER: olds
(206:44) RPAREN: )
(206:46) LPAREN: (
(206:47) IDENTIFIER: car
(206:51) IDENTIFIER: news
(206:55) RPAREN: )
(206:56) RPAREN: )
(206:58) LPAREN: (
(206:59) IDENTIFIER: cdr
(206:63) IDENTIFIER: olds
(206:67) RPAREN: )
(206:69) LPAREN: (
(206:70) IDENTIFIER: cdr
(206:74) IDENTIFIER: news
(206:78) RPAREN: )
(206:79) RPAREN: )
(206:80) RPAREN: )
(206:81) RPAREN: )
(207:2) RPAREN: )
(210:0) LPAREN: (
(210:1) IDENTIFIER: substitute-list
(211:18) QUOTE: '
(211:19) LPAREN: (
(211:20) LPAREN: (
(211:21) NUMBER: 4
(211:23) IDENTIFIER: calling
(211:31) IDENTIFIER: birds
(211:36) RPAREN: )
(211:38) LPAREN: (
(211:39) NUMBER: 3
(211:41) IDENTIFIER: french
(211:48) IDENTIFIER: hens
(211:52) RPAREN: )
(211:54) LPAREN: (
(211:55) NUMBER: 2
(211:57) IDENTIFIER: turtle
(211:64) IDENTIFIER: doves
(211:69) RPAREN: )
(211:70) RPAREN: )
(212:18) QUOTE: '
(212:19) LPAREN: (
(212:20) NUMBER: 1
(212:22) NUMBER: 2
(212:24) NUMBER: 3
(212:26) NUMBER: 4
(212:27) RPAREN: )
(213:18) QUOTE: '
(213:19) LPAREN: (
(213:20) IDENTIFIER: one
(213:24) IDENTIFIER: two
(213:28) IDENTIFIER: three
(213:34) IDENTIFIER: four
(213:38) RPAREN: )
(213:39) RPAREN: )
(217:0) LPAREN: (
(217:1) IDENTIFIER: if
(217:4) LPAREN: (
(217:5) IDENTIFIER: =
(217:7) NUMBER: 4
(217:9) NUMBER: 4
(217:10) RPAREN: )
(217:12) LPAREN: (
(217:13) IDENTIFIER: *
(217:15) NUMBER: 1
(217:17) NUMBER: 2
(217:18) RPAREN: )
(217:20) LPAREN: (
(217:21) IDENTIFIER: +
(217:23) NUMBER: 3
(217:25) NUMBER: 4
(217:26) RPAREN: )
(217:27) RPAREN: )
(220:0) LPAREN: (
(220:1) IDENTIFIER: if
(220:4) IDENTIFIER: nil
(220:8) NUMBER: 1
(220:10) NUMBER: 0
(220:11) RPAREN: )
(223:0) LPAREN: (
(223:1) IDENTIFIER: if
(223:4) NUMBER: 0
(223:6) NUMBER: 1
(223:8) NUMBER: 2
(223:9) RPAREN: )
(226:0) LPAREN: (
(226:1) IDENTIFIER: if
(226:4) LPAREN: (
(226:5) NUMBER: 1
(226:6) IDENTIFIER: /0
(226:8) RPAREN: )
(226:10) NUMBER: 0
(226:12) NUMBER: 1
(226:13) RPAREN: )
(230:1) LPAREN: (
(230:2) IDENTIFIER: or
(230:5) LPAREN: (
(230:6) IDENTIFIER: =
(230:8) NUMBER: 2
(230:10) NUMBER: 2
(230:11) RPAREN: )
(230:13) LPAREN: (
(230:14) IDENTIFIER: >
(230:16) NUMBER: 2
(230:18) NUMBER: 1
(230:19) RPAREN: )
(230:20) RPAREN: )
(233:1) LPAREN: (
(233:2) IDENTIFIER: or
(233:5) BOOL: #f
(233:8) BOOL: #f
(233:11) BOOL: #f
(233:13) RPAREN: )
(236:1) LPAREN: (
(236:2) IDENTIFIER: or
(236:5) BOOL: #f
(236:8) BOOL: #t
(236:11) BOOL: #f
(236:13) RPAREN: )
(239:1) LPAREN: (
(239:2) IDENTIFIER: or
(239:5) BOOL: #t
(239:8) BOOL: #t
(239:11) BOOL: #t
(239:13) RPAREN: )
(242:1) LPAREN: (
(242:2) IDENTIFIER: or
(242:4) RPAREN: )
(246:0) LPAREN: (
(246:1) IDENTIFIER: and
(246:4) RPAREN: )
(249:0) LPAREN: (
(249:1) IDENTIFIER: and
(249:5) LPAREN: (
(249:6) IDENTIFIER: =
(249:8) NUMBER: 2
(249:10) NUMBER: 2
(249:11) RPAREN: )
(249:13) LPAREN: (
(249:14) IDENTIFIER: =
(249:16) NUMBER: 6
(249:18) LPAREN: (
(249:19) IDENTIFIER: +
(249:21) NUMBER: 3
(249:23) NUMBER: 2
(249:24) RPAREN: )
(249:26) BOOL: #t
(249:28) RPAREN: )
(249:29) RPAREN: )
(252:0) LPAREN: (
(252:1) IDENTIFIER: and
(252:5) BOOL: #t
(252:8) BOOL: #f
(252:11) NUMBER: 42
(252:14) LPAREN: (
(252:15) IDENTIFIER: /
(252:17) NUMBER: 1
(252:19) NUMBER: 0
(252:20) RPAREN: )
(252:21) RPAREN: )
(255:0) LPAREN: (
(255:1) IDENTIFIER: and
(255:5) NUMBER: 4
(255:7) NUMBER: 5
(255:9) LPAREN: (
(255:10) IDENTIFIER: *
(255:12) NUMBER: 6
(255:14) NUMBER: 2
(255:15) RPAREN: )
(255:16) RPAREN: )
(259:0) LPAREN: (
(259:1) IDENTIFIER: cond
(259:6) LPAREN: (
(259:7) LPAREN: (
(259:8) IDENTIFIER: =
(259:10) NUMBER: 4
(259:12) NUMBER: 3
(259:13) RPAREN: )
(259:15) QUOTE: '
(259:16) IDENTIFIER: nope
(259:20) RPAREN: )
(260:11) LPAREN: (
(260:12) LPAREN: (
(260:13) IDENTIFIER: =
(260:15) NUMBER: 4
(260:17) NUMBER: 4
(260:18) RPAREN: )
(260:20) QUOTE: '
(260:21) IDENTIFIER: hi
(260:23) RPAREN: )
(261:11) LPAREN: (
(261:12) IDENTIFIER: else
(261:17) QUOTE: '
(261:18) IDENTIFIER: wait
(261:22) RPAREN: )
(261:23) RPAREN: )
(264:0) LPAREN: (
(264:1) IDENTIFIER: cond
(264:6) LPAREN: (
(264:7) LPAREN: (
(264:8) IDENTIFIER: >
(264:10) NUMBER: 3
(264:12) NUMBER: 3
(264:13) RPAREN: )
(264:15) QUOTE: '
(264:16) IDENTIFIER: greater
(264:23) RPAREN: )
(265:16) LPAREN: (
(265:17) LPAREN: (
(265:18) IDENTIFIER: <
(265:20) NUMBER: 3
(265:22) NUMBER: 3
(265:23) RPAREN: )
(265:25) QUOTE: '
(265:26) IDENTIFIER: less
(265:30) RPAREN: )
(266:16) LPAREN: (
(266:17) IDENTIFIER: else
(266:22) QUOTE: '
(266:23) IDENTIFIER: equal
(266:28) RPAREN: )
(266:29) RPAREN: )
(269:0) LPAREN: (
(269:1) IDENTIFIER: cond
(269:6) LPAREN: (
(269:7) LPAREN: (
(269:8) IDENTIFIER: not
(269:12) IDENTIFIER: nil
(269:15) RPAREN: )
(269:17) QUOTE: '
(269:18) IDENTIFIER: nil_is_false
(269:30) RPAREN: )
(270:6) LPAREN: (
(270:7) LPAREN: (
(270:8) IDENTIFIER: not
(270:12) NUMBER: 0
(270:13) RPAREN: )
(270:15) QUOTE: '
(270:16) IDENTIFIER: zero_is_false
(270:29) RPAREN: )
(271:6) LPAREN: (
(271:7) LPAREN: (
(271:8) IDENTIFIER: not
(271:12) LPAREN: (
(271:13) IDENTIFIER: null?
(271:19) IDENTIFIER: nil
(271:22) RPAREN: )
(271:23) RPAREN: )
(271:25) QUOTE: '
(271:26) IDENTIFIER: nil_is_not_null
(271:41) RPAREN: )
(272:6) LPAREN: (
(272:7) IDENTIFIER: else
(272:12) QUOTE: '
(272:13) IDENTIFIER: all_false
(272:22) RPAREN: )
(273:1) RPAREN: )
(276:0) LPAREN: (
(276:1) IDENTIFIER: cond
(276:6) LPAREN: (
(276:7) IDENTIFIER: else
(276:12) NUMBER: 1
(276:13) RPAREN: )
(277:6) LPAREN: (
(277:7) NUMBER: 1
(277:9) QUOTE: '
(277:10) IDENTIFIER: else_is_wierd
(277:23) RPAREN: )
(278:1) RPAREN: )
(281:0) NUMBER: 10
(284:0) LPAREN: (
(284:1) IDENTIFIER: +
(284:3) NUMBER: 137
(284:7) NUMBER: 349
(284:10) RPAREN: )
(287:0) LPAREN: (
(287:1) IDENTIFIER: -
(287:3) NUMBER: 1000
(287:8) NUMBER: 334
(287:11) RPAREN: )
(290:0) LPAREN: (
(290:1) IDENTIFIER: *
(290:3) NUMBER: 5
(290:5) NUMBER: 99
(290:7) RPAREN: )
(293:0) LPAREN: (
(293:1) IDENTIFIER: /
(293:3) NUMBER: 10
(293:6) NUMBER: 5
(293:7) RPAREN: )
(296:0) LPAREN: (
(296:1) IDENTIFIER: +
(296:3) NUMBER: 2.7
(296:7) NUMBER: 10
(296:9) RPAREN: )
(299:0) LPAREN: (
(299:1) IDENTIFIER: +
(299:3) NUMBER: 21
(299:6) NUMBER: 35
(299:9) NUMBER: 12
(299:12) NUMBER: 7
(299:13) RPAREN: )
(302:0) LPAREN: (
(302:1) IDENTIFIER: *
(302:3) NUMBER: 25
(302:6) NUMBER: 4
(302:8) NUMBER: 12
(302:10) RPAREN: )
(305:0) LPAREN: (
(305:1) IDENTIFIER: +
(305:3) LPAREN: (
(305:4) IDENTIFIER: *
(305:6) NUMBER: 3
(305:8) NUMBER: 5
(305:9) RPAREN: )
(305:11) LPAREN: (
(305:12) IDENTIFIER: -
(305:14) NUMBER: 10
(305:17) NUMBER: 6
(305:18) RPAREN: )
(305:19) RPAREN: )
(308:0) LPAREN: (
(308:1) IDENTIFIER: +
(308:3) LPAREN: (
(308:4) IDENTIFIER: *
(308:6) NUMBER: 3
(308:8) LPAREN: (
(308:9) IDENTIFIER: +
(308:11) LPAREN: (
(308:12) IDENTIFIER: *
(308:14) NUMBER: 2
(308:16) NUMBER: 4
(308:17) RPAREN: )
(308:19) LPAREN: (
(308:20) IDENTIFIER: +
(308:22) NUMBER: 3
(308:24) NUMBER: 5
(308:25) RPAREN: )
(308:26) RPAREN: )
(308:27) RPAREN: )
(308:29) LPAREN: (
(308:30) IDENTIFIER: +
(308:32) LPAREN: (
(308:33) IDENTIFIER: -
(308:35) NUMBER: 10
(308:38) NUMBER: 7
(308:39) RPAREN: )
(308:41) NUMBER: 6
(308:42) RPAREN: )
(308:43) RPAREN: )
(311:0) LPAREN: (
(311:1) IDENTIFIER: +
(311:3) LPAREN: (
(311:4) IDENTIFIER: *
(311:6) NUMBER: 3
(312:6) LPAREN: (
(312:7) IDENTIFIER: +
(312:9) LPAREN: (
(312:10) IDENTIFIER: *
(312:12) NUMBER: 2
(312:14) NUMBER: 4
(312:15) RPAREN: )
(313:9) LPAREN: (
(313:10) IDENTIFIER: +
(313:12) NUMBER: 3
(313:14) NUMBER: 5
(313:15) RPAREN: )
(313:16) RPAREN: )
(313:17) RPAREN: )
(314:3) LPAREN: (
(314:4) IDENTIFIER: +
(314:6) LPAREN: (
(314:7) IDENTIFIER: -
(314:9) NUMBER: 10
(314:12) NUMBER: 7
(314:13) RPAREN: )
(315:6) NUMBER: 6
(315:7) RPAREN: )
(315:8) RPAREN: )
(326:0) LPAREN: (
(326:1) IDENTIFIER: define
(326:8) IDENTIFIER: size
(326:13) NUMBER: 2
(326:14) RPAREN: )
(328:0) IDENTIFIER: size
(331:0) LPAREN: (
(331:1) IDENTIFIER: *
(331:3) NUMBER: 5
(331:5) IDENTIFIER: size
(331:9) RPAREN: )
(334:0) LPAREN: (
(334:1) IDENTIFIER: define
(334:8) IDENTIFIER: pi
(334:11) NUMBER: 3.14159
(334:18) RPAREN: )
(335:0) LPAREN: (
(335:1) IDENTIFIER: define
(335:8) IDENTIFIER: radius
(335:15) NUMBER: 10
(335:17) RPAREN: )
(336:0) LPAREN: (
(336:1) IDENTIFIER: *
(336:3) IDENTIFIER: pi
(336:6) LPAREN: (
(336:7) IDENTIFIER: *
(336:9) IDENTIFIER: radius
(336:16) IDENTIFIER: radius
(336:22) RPAREN: )
(336:23) RPAREN: )
(339:0) LPAREN: (
(339:1) IDENTIFIER: define
(339:8) IDENTIFIER: circumference
(339:22) LPAREN: (
(339:23) IDENTIFIER: *
(339:25) NUMBER: 2
(339:27) IDENTIFIER: pi
(339:30) IDENTIFIER: radius
(339:36) RPAREN: )
(339:37) RPAREN: )
(340:0) IDENTIFIER: circumference
(345:0) LPAREN: (
(345:1) IDENTIFIER: define
(345:8) LPAREN: (
(345:9) IDENTIFIER: square
(345:16) IDENTIFIER: x
(345:17) RPAREN: )
(345:19) LPAREN: (
(345:20) IDENTIFIER: *
(345:22) IDENTIFIER: x
(345:24) IDENTIFIER: x
(345:25) RPAREN: )
(345:26) RPAREN: )
(347:0) LPAREN: (
(347:1) IDENTIFIER: square
(347:8) NUMBER: 21
(347:10) RPAREN: )
(350:0) LPAREN: (
(350:1) IDENTIFIER: define
(350:8) IDENTIFIER: square
(350:15) LPAREN: (
(350:16) IDENTIFIER: lambda
(350:23) LPAREN: (
(350:24) IDENTIFIER: x
(350:25) RPAREN: )
(350:27) LPAREN: (
(350:28) IDENTIFIER: *
(350:30) IDENTIFIER: x
(350:32) IDENTIFIER: x
(350:33) RPAREN: )
(350:34) RPAREN: )
(350:35) RPAREN: )
(351:0) LPAREN: (
(351:1) IDENTIFIER: square
(351:8) NUMBER: 21
(351:10) RPAREN: )
(354:0) LPAREN: (
(354:1) IDENTIFIER: square
(354:8) LPAREN: (
(354:9) IDENTIFIER: +
(354:11) NUMBER: 2
(354:13) NUMBER: 5
(354:14) RPAREN: )
(354:15) RPAREN: )
(357:0) LPAREN: (
(357:1) IDENTIFIER: square
(357:8) LPAREN: (
(357:9) IDENTIFIER: square
(357:16) NUMBER: 3
(357:17) RPAREN: )
(357:18) RPAREN: )
(360:0) LPAREN: (
(360:1) IDENTIFIER: define
(360:8) LPAREN: (
(360:9) IDENTIFIER: sum-of-squares
(360:24) IDENTIFIER: x
(360:26) IDENTIFIER: y
(360:27) RPAREN: )
(361:2) LPAREN: (
(361:3) IDENTIFIER: +
(361:5) LPAREN: (
(361:6) IDENTIFIER: square
(361:13) IDENTIFIER: x
(361:14) RPAREN: )
(361:16) LPAREN: (
(361:17) IDENTIFIER: square
(361:24) IDENTIFIER: y
(361:25) RPAREN: )
(361:26) RPAREN: )
(361:27) RPAREN: )
(362:0) LPAREN: (
(362:1) IDENTIFIER: sum-of-squares
(362:16) NUMBER: 3
(362:18) NUMBER: 4
(362:19) RPAREN: )
(365:0) LPAREN: (
(365:1) IDENTIFIER: define
(365:8) LPAREN: (
(365:9) IDENTIFIER: f
(365:11) IDENTIFIER: a
(365:12) RPAREN: )
(366:2) LPAREN: (
(366:3) IDENTIFIER: sum-of-squares
(366:18) LPAREN: (
(366:19) IDENTIFIER: +
(366:21) IDENTIFIER: a
(366:23) NUMBER: 1
(366:24) RPAREN: )
(366:26) LPAREN: (
(366:27) IDENTIFIER: *
(366:29) IDENTIFIER: a
(366:31) NUMBER: 2
(366:32) RPAREN: )
(366:33) RPAREN: )
(366:34) RPAREN: )
(367:0) LPAREN: (
(367:1) IDENTIFIER: f
(367:3) NUMBER: 5
(367:4) RPAREN: )
(372:0) LPAREN: (
(372:1) IDENTIFIER: define
(372:8) LPAREN: (
(372:9) IDENTIFIER: abs
(372:13) IDENTIFIER: x
(372:14) RPAREN: )
(373:2) LPAREN: (
(373:3) IDENTIFIER: cond
(373:8) LPAREN: (
(373:9) LPAREN: (
(373:10) IDENTIFIER: >
(373:12) IDENTIFIER: x
(373:14) NUMBER: 0
(373:15) RPAREN: )
(373:17) IDENTIFIER: x
(373:18) RPAREN: )
(374:8) LPAREN: (
(374:9) LPAREN: (
(374:10) IDENTIFIER: =
(374:12) IDENTIFIER: x
(374:14) NUMBER: 0
(374:15) RPAREN: )
(374:17) NUMBER: 0
(374:18) RPAREN: )
(375:8) LPAREN: (
(375:9) LPAREN: (
(375:10) IDENTIFIER: <
(375:12) IDENTIFIER: x
(375:14) NUMBER: 0
(375:15) RPAREN: )
(375:17) LPAREN: (
(375:18) IDENTIFIER: -
(375:20) IDENTIFIER: x
(375:21) RPAREN: )
(375:22) RPAREN: )
(375:23) RPAREN: )
(375:24) RPAREN: )
(376:0) LPAREN: (
(376:1) IDENTIFIER: abs
(376:5) NUMBER: -3
(376:7) RPAREN: )
(379:0) LPAREN: (
(379:1) IDENTIFIER: abs
(379:5) NUMBER: 0
(379:6) RPAREN: )
(382:0) LPAREN: (
(382:1) IDENTIFIER: abs
(382:5) NUMBER: 3
(382:6) RPAREN: )
(385:0) LPAREN: (
(385:1) IDENTIFIER: define
(385:8) LPAREN: (
(385:9) IDENTIFIER: a-plus-abs-b
(385:22) IDENTIFIER: a
(385:24) IDENTIFIER: b
(385:25) RPAREN: )
(386:2) LPAREN: (
(386:3) LPAREN: (
(386:4) IDENTIFIER: if
(386:7) LPAREN: (
(386:8) IDENTIFIER: >
(386:10) IDENTIFIER: b
(386:12) NUMBER: 0
(386:13) RPAREN: )
(386:15) IDENTIFIER: +
(386:17) IDENTIFIER: -
(386:18) RPAREN: )
(386:20) IDENTIFIER: a
(386:22) IDENTIFIER: b
(386:23) RPAREN: )
(386:24) RPAREN: )
(387:0) LPAREN: (
(387:1) IDENTIFIER: a-plus-abs-b
(387:14) NUMBER: 3
(387:16) NUMBER: -2
(387:18) RPAREN: )
(392:0) LPAREN: (
(392:1) IDENTIFIER: define
(392:8) LPAREN: (
(392:9) IDENTIFIER: sqrt-iter
(392:19) IDENTIFIER: guess
(392:25) IDENTIFIER: x
(392:26) RPAREN: )
(393:2) LPAREN: (
(393:3) IDENTIFIER: if
(393:6) LPAREN: (
(393:7) IDENTIFIER: good-enough?
(393:20) IDENTIFIER: guess
(393:26) IDENTIFIER: x
(393:27) RPAREN: )
(394:6) IDENTIFIER: guess
(395:6) LPAREN: (
(395:7) IDENTIFIER: sqrt-iter
(395:17) LPAREN: (
(395:18) IDENTIFIER: improve
(395:26) IDENTIFIER: guess
(395:32) IDENTIFIER: x
(395:33) RPAREN: )
(396:17) IDENTIFIER: x
(396:18) RPAREN: )
(396:19) RPAREN: )
(396:20) RPAREN: )
(397:0) LPAREN: (
(397:1) IDENTIFIER: define
(397:8) LPAREN: (
(397:9) IDENTIFIER: improve
(397:17) IDENTIFIER: guess
(397:23) IDENTIFIER: x
(397:24) RPAREN: )
(398:2) LPAREN: (
(398:3) IDENTIFIER: average
(398:11) IDENTIFIER: guess
(398:17) LPAREN: (
(398:18) IDENTIFIER: /
(398:20) IDENTIFIER: x
(398:22) IDENTIFIER: guess
(398:27) RPAREN: )
(398:28) RPAREN: )
(398:29) RPAREN: )
(399:0) LPAREN: (
(399:1) IDENTIFIER: define
(399:8) LPAREN: (
(399:9) IDENTIFIER: average
(399:17) IDENTIFIER: x
(399:19) IDENTIFIER: y
(399:20) RPAREN: )
(400:2) LPAREN: (
(400:3) IDENTIFIER: /
(400:5) LPAREN: (
(400:6) IDENTIFIER: +
(400:8) IDENTIFIER: x
(400:10) IDENTIFIER: y
(400:11) RPAREN: )
(400:13) NUMBER: 2
(400:14) RPAREN: )
(400:15) RPAREN: )
(401:0) LPAREN: (
(401:1) IDENTIFIER: define
(401:8) LPAREN: (
(401:9) IDENTIFIER: good-enough?
(401:22) IDENTIFIER: guess
(401:28) IDENTIFIER: x
(401:29) RPAREN: )
(402:2) LPAREN: (
(402:3) IDENTIFIER: <
(402:5) LPAREN: (
(402:6) IDENTIFIER: abs
(402:10) LPAREN: (
(402:11) IDENTIFIER: -
(402:13) LPAREN: (
(402:14) IDENTIFIER: square
(402:21) IDENTIFIER: guess
(402:26) RPAREN: )
(402:28) IDENTIFIER: x
(402:29) RPAREN: )
(402:30) RPAREN: )
(402:32) NUMBER: 0.001
(402:37) RPAREN: )
(402:38) RPAREN: )
(403:0) LPAREN: (
(403:1) IDENTIFIER: define
(403:8) LPAREN: (
(403:9) IDENTIFIER: sqrt
(403:14) IDENTIFIER: x
(403:15) RPAREN: )
(404:2) LPAREN: (
(404:3) IDENTIFIER: sqrt-iter
(404:13) NUMBER: 1.0
(404:17) IDENTIFIER: x
(404:18) RPAREN: )
(404:19) RPAREN: )
(405:0) LPAREN: (
(405:1) IDENTIFIER: sqrt
(405:6) NUMBER: 9
(405:7) RPAREN: )
(408:0) LPAREN: (
(408:1) IDENTIFIER: sqrt
(408:6) LPAREN: (
(408:7) IDENTIFIER: +
(408:9) NUMBER: 100
(408:13) NUMBER: 37
(408:15) RPAREN: )
(408:16) RPAREN: )
(411:0) LPAREN: (
(411:1) IDENTIFIER: sqrt
(411:6) LPAREN: (
(411:7) IDENTIFIER: +
(411:9) LPAREN: (
(411:10) IDENTIFIER: sqrt
(411:15) NUMBER: 2
(411:16) RPAREN: )
(411:18) LPAREN: (
(411:19) IDENTIFIER: sqrt
(411:24) NUMBER: 3
(411:25) RPAREN: )
(411:26) RPAREN: )
(411:27) RPAREN: )
(414:0) LPAREN: (
(414:1) IDENTIFIER: square
(414:8) LPAREN: (
(414:9) IDENTIFIER: sqrt
(414:14) NUMBER: 1000
(414:18) RPAREN: )
(414:19) RPAREN: )
(419:0) LPAREN: (
(419:1) IDENTIFIER: define
(419:8) LPAREN: (
(419:9) IDENTIFIER: sqrt
(419:14) IDENTIFIER: x
(419:15) RPAREN: )
(420:2) LPAREN: (
(420:3) IDENTIFIER: define
(420:10) LPAREN: (
(420:11) IDENTIFIER: good-enough?
(420:24) IDENTIFIER: guess
(420:29) RPAREN: )
(421:4) LPAREN: (
(421:5) IDENTIFIER: <
(421:7) LPAREN: (
(421:8) IDENTIFIER: abs
(421:12) LPAREN: (
(421:13) IDENTIFIER: -
(421:15) LPAREN: (
(421:16) IDENTIFIER: square
(421:23) IDENTIFIER: guess
(421:28) RPAREN: )
(421:30) IDENTIFIER: x
(421:31) RPAREN: )
(421:32) RPAREN: )
(421:34) NUMBER: 0.001
(421:39) RPAREN: )
(421:40) RPAREN: )
(422:2) LPAREN: (
(422:3) IDENTIFIER: define
(422:10) LPAREN: (
(422:11) IDENTIFIER: improve
(422:19) IDENTIFIER: guess
(422:24) RPAREN: )
(423:4) LPAREN: (
(423:5) IDENTIFIER: average
(423:13) IDENTIFIER: guess
(423:19) LPAREN: (
(423:20) IDENTIFIER: /
(423:22) IDENTIFIER: x
(423:24) IDENTIFIER: guess
(423:29) RPAREN: )
(423:30) RPAREN: )
(423:31) RPAREN: )
(424:2) LPAREN: (
(424:3) IDENTIFIER: define
(424:10) LPAREN: (
(424:11) IDENTIFIER: sqrt-iter
(424:21) IDENTIFIER: guess
(424:26) RPAREN: )
(425:4) LPAREN: (
(425:5) IDENTIFIER: if
(425:8) LPAREN: (
(425:9) IDENTIFIER: good-enough?
(425:22) IDENTIFIER: guess
(425:27) RPAREN: )
(426:8) IDENTIFIER: guess
(427:8) LPAREN: (
(427:9) IDENTIFIER: sqrt-iter
(427:19) LPAREN: (
(427:20) IDENTIFIER: improve
(427:28) IDENTIFIER: guess
(427:33) RPAREN: )
(427:34) RPAREN: )
(427:35) RPAREN: )
(427:36) RPAREN: )
(428:2) LPAREN: (
(428:3) IDENTIFIER: sqrt-iter
(428:13) NUMBER: 1.0
(428:16) RPAREN: )
(428:17) RPAREN: )
(429:0) LPAREN: (
(429:1) IDENTIFIER: sqrt
(429:6) NUMBER: 9
(429:7) RPAREN: )
(432:0) LPAREN: (
(432:1) IDENTIFIER: sqrt
(432:6) LPAREN: (
(432:7) IDENTIFIER: +
(432:9) NUMBER: 100
(432:13) NUMBER: 37
(432:15) RPAREN: )
(432:16) RPAREN: )
(435:0) LPAREN: (
(435:1) IDENTIFIER: sqrt
(435:6) LPAREN: (
(435:7) IDENTIFIER: +
(435:9) LPAREN: (
(435:10) IDENTIFIER: sqrt
(435:15) NUMBER: 2
(435:16) RPAREN: )
(435:18) LPAREN: (
(435:19) IDENTIFIER: sqrt
(435:24) NUMBER: 3
(435:25) RPAREN: )
(435:26) RPAREN: )
(435:27) RPAREN: )
(438:0) LPAREN: (
(438:1) IDENTIFIER: square
(438:8) LPAREN: (
(438:9) IDENTIFIER: sqrt
(438:14) NUMBER: 1000
(438:18) RPAREN: )
(438:19) RPAREN: )
(443:0) LPAREN: (
(443:1) IDENTIFIER: define
(443:8) LPAREN: (
(443:9) IDENTIFIER: cube
(443:14) IDENTIFIER: x
(443:15) RPAREN: )
(443:17) LPAREN: (
(443:18) IDENTIFIER: *
(443:20) IDENTIFIER: x
(443:22) IDENTIFIER: x
(443:24) IDENTIFIER: x
(443:25) RPAREN: )
(443:26) RPAREN: )
(444:0) LPAREN: (
(444:1) IDENTIFIER: define
(444:8) LPAREN: (
(444:9) IDENTIFIER: sum
(444:13) IDENTIFIER: term
(444:18) IDENTIFIER: a
(444:20) IDENTIFIER: next
(444:25) IDENTIFIER: b
(444:26) RPAREN: )
(445:2) LPAREN: (
(445:3) IDENTIFIER: if
(445:6) LPAREN: (
(445:7) IDENTIFIER: >
(445:9) IDENTIFIER: a
(445:11) IDENTIFIER: b
(445:12) RPAREN: )
(446:6) NUMBER: 0
(447:6) LPAREN: (
(447:7) IDENTIFIER: +
(447:9) LPAREN: (
(447:10) IDENTIFIER: term
(447:15) IDENTIFIER: a
(447:16) RPAREN: )
(448:9) LPAREN: (
(448:10) IDENTIFIER: sum
(448:14) IDENTIFIER: term
(448:19) LPAREN: (
(448:20) IDENTIFIER: next
(448:25) IDENTIFIER: a
(448:26) RPAREN: )
(448:28) IDENTIFIER: next
(448:33) IDENTIFIER: b
(448:34) RPAREN: )
(448:35) RPAREN: )
(448:36) RPAREN: )
(448:37) RPAREN: )
(449:0) LPAREN: (
(449:1) IDENTIFIER: define
(449:8) LPAREN: (
(449:9) IDENTIFIER: inc
(449:13) IDENTIFIER: n
(449:14) RPAREN: )
(449:16) LPAREN: (
(449:17) IDENTIFIER: +
(449:19) IDENTIFIER: n
(449:21) NUMBER: 1
(449:22) RPAREN: )
(449:23) RPAREN: )
(450:0) LPAREN: (
(450:1) IDENTIFIER: define
(450:8) LPAREN: (
(450:9) IDENTIFIER: sum-cubes
(450:19) IDENTIFIER: a
(450:21) IDENTIFIER: b
(450:22) RPAREN: )
(451:2) LPAREN: (
(451:3) IDENTIFIER: sum
(451:7) IDENTIFIER: cube
(451:12) IDENTIFIER: a
(451:14) IDENTIFIER: inc
(451:18) IDENTIFIER: b
(451:19) RPAREN: )
(451:20) RPAREN: )
(452:0) LPAREN: (
(452:1) IDENTIFIER: sum-cubes
(452:11) NUMBER: 1
(452:13) NUMBER: 10
(452:15) RPAREN: )
(455:0) LPAREN: (
(455:1) IDENTIFIER: define
(455:8) LPAREN: (
(455:9) IDENTIFIER: identity
(455:18) IDENTIFIER: x
(455:19) RPAREN: )
(455:21) IDENTIFIER: x
(455:22) RPAREN: )
(456:0) LPAREN: (
(456:1) IDENTIFIER: define
(456:8) LPAREN: (
(456:9) IDENTIFIER: sum-integers
(456:22) IDENTIFIER: a
(456:24) IDENTIFIER: b
(456:25) RPAREN: )
(457:2) LPAREN: (
(457:3) IDENTIFIER: sum
(457:7) IDENTIFIER: identity
(457:16) IDENTIFIER: a
(457:18) IDENTIFIER: inc
(457:22) IDENTIFIER: b
(457:23) RPAREN: )
(457:24) RPAREN: )
(458:0) LPAREN: (
(458:1) IDENTIFIER: sum-integers
(458:14) NUMBER: 1
(458:16) NUMBER: 10
(458:18) RPAREN: )
(463:0) LPAREN: (
(463:1) LPAREN: (
(463:2) IDENTIFIER: lambda
(463:9) LPAREN: (
(463:10) IDENTIFIER: x
(463:12) IDENTIFIER: y
(463:14) IDENTIFIER: z
(463:15) RPAREN: )
(463:17) LPAREN: (
(463:18) IDENTIFIER: +
(463:20) IDENTIFIER: x
(463:22) IDENTIFIER: y
(463:24) LPAREN: (
(463:25) IDENTIFIER: square
(463:32) IDENTIFIER: z
(463:33) RPAREN: )
(463:34) RPAREN: )
(463:35) RPAREN: )
(463:37) NUMBER: 1
(463:39) NUMBER: 2
(463:41) NUMBER: 3
(463:42) RPAREN: )
(466:0) LPAREN: (
(466:1) IDENTIFIER: define
(466:8) LPAREN: (
(466:9) IDENTIFIER: f
(466:11) IDENTIFIER: x
(466:13) IDENTIFIER: y
(466:14) RPAREN: )
(467:2) LPAREN: (
(467:3) IDENTIFIER: let
(467:7) LPAREN: (
(467:8) LPAREN: (
(467:9) IDENTIFIER: a
(467:11) LPAREN: (
(467:12) IDENTIFIER: +
(467:14) NUMBER: 1
(467:16) LPAREN: (
(467:17) IDENTIFIER: *
(467:19) IDENTIFIER: x
(467:21) IDENTIFIER: y
(467:22) RPAREN: )
(467:23) RPAREN: )
(467:24) RPAREN: )
(468:8) LPAREN: (
(468:9) IDENTIFIER: b
(468:11) LPAREN: (
(468:12) IDENTIFIER: -
(468:14) NUMBER: 1
(468:16) IDENTIFIER: y
(468:17) RPAREN: )
(468:18) RPAREN: )
(468:19) RPAREN: )
(469:4) LPAREN: (
(469:5) IDENTIFIER: +
(469:7) LPAREN: (
(469:8) IDENTIFIER: *
(469:10) IDENTIFIER: x
(469:12) LPAREN: (
(469:13) IDENTIFIER: square
(469:20) IDENTIFIER: a
(469:21) RPAREN: )
(469:22) RPAREN: )
(470:7) LPAREN: (
(470:8) IDENTIFIER: *
(470:10) IDENTIFIER: y
(470:12) IDENTIFIER: b
(470:13) RPAREN: )
(471:7) LPAREN: (
(471:8) IDENTIFIER: *
(471:10) IDENTIFIER: a
(471:12) IDENTIFIER: b
(471:13) RPAREN: )
(471:14) RPAREN: )
(471:15) RPAREN: )
(471:16) RPAREN: )
(472:0) LPAREN: (
(472:1) IDENTIFIER: f
(472:3) NUMBER: 3
(472:5) NUMBER: 4
(472:6) RPAREN: )
(475:0) LPAREN: (
(475:1) IDENTIFIER: define
(475:8) IDENTIFIER: x
(475:10) NUMBER: 5
(475:11) RPAREN: )
(476:0) LPAREN: (
(476:1) IDENTIFIER: +
(476:3) LPAREN: (
(476:4) IDENTIFIER: let
(476:8) LPAREN: (
(476:9) LPAREN: (
(476:10) IDENTIFIER: x
(476:12) NUMBER: 3
(476:13) RPAREN: )
(476:14) RPAREN: )
(477:5) LPAREN: (
(477:6) IDENTIFIER: +
(477:8) IDENTIFIER: x
(477:10) LPAREN: (
(477:11) IDENTIFIER: *
(477:13) IDENTIFIER: x
(477:15) NUMBER: 10
(477:17) RPAREN: )
(477:18) RPAREN: )
(477:19) RPAREN: )
(478:3) IDENTIFIER: x
(478:4) RPAREN: )
(481:0) LPAREN: (
(481:1) IDENTIFIER: let
(481:5) LPAREN: (
(481:6) LPAREN: (
(481:7) IDENTIFIER: x
(481:9) NUMBER: 3
(481:10) RPAREN: )
(482:6) LPAREN: (
(482:7) IDENTIFIER: y
(482:9) LPAREN: (
(482:10) IDENTIFIER: +
(482:12) IDENTIFIER: x
(482:14) NUMBER: 2
(482:15) RPAREN: )
(482:16) RPAREN: )
(482:17) RPAREN: )
(483:2) LPAREN: (
(483:3) IDENTIFIER: *
(483:5) IDENTIFIER: x
(483:7) IDENTIFIER: y
(483:8) RPAREN: )
(483:9) RPAREN: )
(488:0) LPAREN: (
(488:1) IDENTIFIER: define
(488:8) LPAREN: (
(488:9) IDENTIFIER: add-rat
(488:17) IDENTIFIER: x
(488:19) IDENTIFIER: y
(488:20) RPAREN: )
(489:2) LPAREN: (
(489:3) IDENTIFIER: make-rat
(489:12) LPAREN: (
(489:13) IDENTIFIER: +
(489:15) LPAREN: (
(489:16) IDENTIFIER: *
(489:18) LPAREN: (
(489:19) IDENTIFIER: numer
(489:25) IDENTIFIER: x
(489:26) RPAREN: )
(489:28) LPAREN: (
(489:29) IDENTIFIER: denom
(489:35) IDENTIFIER: y
(489:36) RPAREN: )
(489:37) RPAREN: )
(490:15) LPAREN: (
(490:16) IDENTIFIER: *
(490:18) LPAREN: (
(490:19) IDENTIFIER: numer
(490:25) IDENTIFIER: y
(490:26) RPAREN: )
(490:28) LPAREN: (
(490:29) IDENTIFIER: denom
(490:35) IDENTIFIER: x
(490:36) RPAREN: )
(490:37) RPAREN: )
(490:38) RPAREN: )
(491:12) LPAREN: (
(491:13) IDENTIFIER: *
(491:15) LPAREN: (
(491:16) IDENTIFIER: denom
(491:22) IDENTIFIER: x
(491:23) RPAREN: )
(491:25) LPAREN: (
(491:26) IDENTIFIER: denom
(491:32) IDENTIFIER: y
(491:33) RPAREN: )
(491:34) RPAREN: )
(491:35) RPAREN: )
(491:36) RPAREN: )
(492:0) LPAREN: (
(492:1) IDENTIFIER: define
(492:8) LPAREN: (
(492:9) IDENTIFIER: sub-rat
(492:17) IDENTIFIER: x
(492:19) IDENTIFIER: y
(492:20) RPAREN: )
(493:2) LPAREN: (
(493:3) IDENTIFIER: make-rat
(493:12) LPAREN: (
(493:13) IDENTIFIER: -
(493:15) LPAREN: (
(493:16) IDENTIFIER: *
(493:18) LPAREN: (
(493:19) IDENTIFIER: numer
(493:25) IDENTIFIER: x
(493:26) RPAREN: )
(493:28) LPAREN: (
(493:29) IDENTIFIER: denom
(493:35) IDENTIFIER: y
(493:36) RPAREN: )
(493:37) RPAREN: )
(494:15) LPAREN: (
(494:16) IDENTIFIER: *
(494:18) LPAREN: (
(494:19) IDENTIFIER: numer
(494:25) IDENTIFIER: y
(494:26) RPAREN: )
(494:28) LPAREN: (
(494:29) IDENTIFIER: denom
(494:35) IDENTIFIER: x
(494:36) RPAREN: )
(494:37) RPAREN: )
(494:38) RPAREN: )
(495:12) LPAREN: (
(495:13) IDENTIFIER: *
(495:15) LPAREN: (
(495:16) IDENTIFIER: denom
(495:22) IDENTIFIER: x
(495:23) RPAREN: )
(495:25) LPAREN: (
(495:26) IDENTIFIER: denom
(495:32) IDENTIFIER: y
(495:33) RPAREN: )
(495:34) RPAREN: )
(495:35) RPAREN: )
(495:36) RPAREN: )
(496:0) LPAREN: (
(496:1) IDENTIFIER: define
(496:8) LPAREN: (
(496:9) IDENTIFIER: mul-rat
(496:17) IDENTIFIER: x
(496:19) IDENTIFIER: y
(496:20) RPAREN: )
(497:2) LPAREN: (
(497:3) IDENTIFIER: make-rat
(497:12) LPAREN: (
(497:13) IDENTIFIER: *
(497:15) LPAREN: (
(497:16) IDENTIFIER: numer
(497:22) IDENTIFIER: x
(497:23) RPAREN: )
(497:25) LPAREN: (
(497:26) IDENTIFIER: numer
(497:32) IDENTIFIER: y
(497:33) RPAREN: )
(497:34) RPAREN: )
(498:12) LPAREN: (
(498:13) IDENTIFIER: *
(498:15) LPAREN: (
(498:16) IDENTIFIER: denom
(498:22) IDENTIFIER: x
(498:23) RPAREN: )
(498:25) LPAREN: (
(498:26) IDENTIFIER: denom
(498:32) IDENTIFIER: y
(498:33) RPAREN: )
(498:34) RPAREN: )
(498:35) RPAREN: )
(498:36) RPAREN: )
(499:0) LPAREN: (
(499:1) IDENTIFIER: define
(499:8) LPAREN: (
(499:9) IDENTIFIER: div-rat
(499:17) IDENTIFIER: x
(499:19) IDENTIFIER: y
(499:20) RPAREN: )
(500:2) LPAREN: (
(500:3) IDENTIFIER: make-rat
(500:12) LPAREN: (
(500:13) IDENTIFIER: *
(500:15) LPAREN: (
(500:16) IDENTIFIER: numer
(500:22) IDENTIFIER: x
(500:23) RPAREN: )
(500:25) LPAREN: (
(500:26) IDENTIFIER: denom
(500:32) IDENTIFIER: y
(500:33) RPAREN: )
(500:34) RPAREN: )
(501:12) LPAREN: (
(501:13) IDENTIFIER: *
(501:15) LPAREN: (
(501:16) IDENTIFIER: denom
(501:22) IDENTIFIER: x
(501:23) RPAREN: )
(501:25) LPAREN: (
(501:26) IDENTIFIER: numer
(501:32) IDENTIFIER: y
(501:33) RPAREN: )
(501:34) RPAREN: )
(501:35) RPAREN: )
(501:36) RPAREN: )
(502:0) LPAREN: (
(502:1) IDENTIFIER: define
(502:8) LPAREN: (
(502:9) IDENTIFIER: equal-rat?
(502:20) IDENTIFIER: x
(502:22) IDENTIFIER: y
(502:23) RPAREN: )
(503:2) LPAREN: (
(503:3) IDENTIFIER: =
(503:5) LPAREN: (
(503:6) IDENTIFIER: *
(503:8) LPAREN: (
(503:9) IDENTIFIER: numer
(503:15) IDENTIFIER: x
(503:16) RPAREN: )
(503:18) LPAREN: (
(503:19) IDENTIFIER: denom
(503:25) IDENTIFIER: y
(503:26) RPAREN: )
(503:27) RPAREN: )
(504:5) LPAREN: (
(504:6) IDENTIFIER: *
(504:8) LPAREN: (
(504:9) IDENTIFIER: numer
(504:15) IDENTIFIER: y
(504:16) RPAREN: )
(504:18) LPAREN: (
(504:19) IDENTIFIER: denom
(504:25) IDENTIFIER: x
(504:26) RPAREN: )
(504:27) RPAREN: )
(504:28) RPAREN: )
(504:29) RPAREN: )
(506:0) LPAREN: (
(506:1) IDENTIFIER: define
(506:8) IDENTIFIER: x
(506:10) LPAREN: (
(506:11) IDENTIFIER: cons
(506:16) NUMBER: 1
(506:18) NUMBER: 2
(506:19) RPAREN: )
(506:20) RPAREN: )
(507:0) LPAREN: (
(507:1) IDENTIFIER: car
(507:5) IDENTIFIER: x
(507:6) RPAREN: )
(510:0) LPAREN: (
(510:1) IDENTIFIER: cdr
(510:5) IDENTIFIER: x
(510:6) RPAREN: )
(513:0) LPAREN: (
(513:1) IDENTIFIER: define
(513:8) IDENTIFIER: x
(513:10) LPAREN: (
(513:11) IDENTIFIER: cons
(513:16) NUMBER: 1
(513:18) NUMBER: 2
(513:19) RPAREN: )
(513:20) RPAREN: )
(514:0) LPAREN: (
(514:1) IDENTIFIER: define
(514:8) IDENTIFIER: y
(514:10) LPAREN: (
(514:11) IDENTIFIER: cons
(514:16) NUMBER: 3
(514:18) NUMBER: 4
(514:19) RPAREN: )
(514:20) RPAREN: )
(515:0) LPAREN: (
(515:1) IDENTIFIER: define
(515:8) IDENTIFIER: z
(515:10) LPAREN: (
(515:11) IDENTIFIER: cons
(515:16) IDENTIFIER: x
(515:18) IDENTIFIER: y
(515:19) RPAREN: )
(515:20) RPAREN: )
(516:0) LPAREN: (
(516:1) IDENTIFIER: car
(516:5) LPAREN: (
(516:6) IDENTIFIER: car
(516:10) IDENTIFIER: z
(516:11) RPAREN: )
(516:12) RPAREN: )
(519:0) LPAREN: (
(519:1) IDENTIFIER: car
(519:5) LPAREN: (
(519:6) IDENTIFIER: cdr
(519:10) IDENTIFIER: z
(519:11) RPAREN: )
(519:12) RPAREN: )
(522:0) IDENTIFIER: z
(525:0) LPAREN: (
(525:1) IDENTIFIER: define
(525:8) LPAREN: (
(525:9) IDENTIFIER: make-rat
(525:18) IDENTIFIER: n
(525:20) IDENTIFIER: d
(525:21) RPAREN: )
(525:23) LPAREN: (
(525:24) IDENTIFIER: cons
(525:29) IDENTIFIER: n
(525:31) IDENTIFIER: d
(525:32) RPAREN: )
(525:33) RPAREN: )
(526:0) LPAREN: (
(526:1) IDENTIFIER: define
(526:8) LPAREN: (
(526:9) IDENTIFIER: numer
(526:15) IDENTIFIER: x
(526:16) RPAREN: )
(526:18) LPAREN: (
(526:19) IDENTIFIER: car
(526:23) IDENTIFIER: x
(526:24) RPAREN: )
(526:25) RPAREN: )
(527:0) LPAREN: (
(527:1) IDENTIFIER: define
(527:8) LPAREN: (
(527:9) IDENTIFIER: denom
(527:15) IDENTIFIER: x
(527:16) RPAREN: )
(527:18) LPAREN: (
(527:19) IDENTIFIER: cdr
(527:23) IDENTIFIER: x
(527:24) RPAREN: )
(527:25) RPAREN: )
(528:0) LPAREN: (
(528:1) IDENTIFIER: define
(528:8) LPAREN: (
(528:9) IDENTIFIER: print-rat
(528:19) IDENTIFIER: x
(528:20) RPAREN: )
(529:2) LPAREN: (
(529:3) IDENTIFIER: display
(529:11) LPAREN: (
(529:12) IDENTIFIER: numer
(529:18) IDENTIFIER: x
(529:19) RPAREN: )
(529:20) RPAREN: )
(530:2) LPAREN: (
(530:3) IDENTIFIER: display
(530:11) QUOTE: '
(530:12) IDENTIFIER: /
(530:13) RPAREN: )
(531:2) LPAREN: (
(531:3) IDENTIFIER: display
(531:11) LPAREN: (
(531:12) IDENTIFIER: denom
(531:18) IDENTIFIER: x
(531:19) RPAREN: )
(531:20) RPAREN: )
(532:2) LPAREN: (
(532:3) IDENTIFIER: newline
(532:10) RPAREN: )
(532:11) RPAREN: )
(533:0) LPAREN: (
(533:1) IDENTIFIER: define
(533:8) IDENTIFIER: one-half
(533:17) LPAREN: (
(533:18) IDENTIFIER: make-rat
(533:27) NUMBER: 1
(533:29) NUMBER: 2
(533:30) RPAREN: )
(533:31) RPAREN: )
(534:0) LPAREN: (
(534:1) IDENTIFIER: print-rat
(534:11) IDENTIFIER: one-half
(534:19) RPAREN: )
(537:0) LPAREN: (
(537:1) IDENTIFIER: define
(537:8) IDENTIFIER: one-third
(537:18) LPAREN: (
(537:19) IDENTIFIER: make-rat
(537:28) NUMBER: 1
(537:30) NUMBER: 3
(537:31) RPAREN: )
(537:32) RPAREN: )
(538:0) LPAREN: (
(538:1) IDENTIFIER: print-rat
(538:11) LPAREN: (
(538:12) IDENTIFIER: add-rat
(538:20) IDENTIFIER: one-half
(538:29) IDENTIFIER: one-third
(538:38) RPAREN: )
(538:39) RPAREN: )
(541:0) LPAREN: (
(541:1) IDENTIFIER: print-rat
(541:11) LPAREN: (
(541:12) IDENTIFIER: mul-rat
(541:20) IDENTIFIER: one-half
(541:29) IDENTIFIER: one-third
(541:38) RPAREN: )
(541:39) RPAREN: )
(544:0) LPAREN: (
(544:1) IDENTIFIER: print-rat
(544:11) LPAREN: (
(544:12) IDENTIFIER: add-rat
(544:20) IDENTIFIER: one-third
(544:30) IDENTIFIER: one-third
(544:39) RPAREN: )
(544:40) RPAREN: )
(547:0) LPAREN: (
(547:1) IDENTIFIER: define
(547:8) LPAREN: (
(547:9) IDENTIFIER: gcd
(547:13) IDENTIFIER: a
(547:15) IDENTIFIER: b
(547:16) RPAREN: )
(548:2) LPAREN: (
(548:3) IDENTIFIER: if
(548:6) LPAREN: (
(548:7) IDENTIFIER: =
(548:9) IDENTIFIER: b
(548:11) NUMBER: 0
(548:12) RPAREN: )
(549:6) IDENTIFIER: a
(550:6) LPAREN: (
(550:7) IDENTIFIER: gcd
(550:11) IDENTIFIER: b
(550:13) LPAREN: (
(550:14) IDENTIFIER: remainder
(550:24) IDENTIFIER: a
(550:26) IDENTIFIER: b
(550:27) RPAREN: )
(550:28) RPAREN: )
(550:29) RPAREN: )
(550:30) RPAREN: )
(551:0) LPAREN: (
(551:1) IDENTIFIER: define
(551:8) LPAREN: (
(551:9) IDENTIFIER: make-rat
(551:18) IDENTIFIER: n
(551:20) IDENTIFIER: d
(551:21) RPAREN: )
(552:2) LPAREN: (
(552:3) IDENTIFIER: let
(552:7) LPAREN: (
(552:8) LPAREN: (
(552:9) IDENTIFIER: g
(552:11) LPAREN: (
(552:12) IDENTIFIER: gcd
(552:16) IDENTIFIER: n
(552:18) IDENTIFIER: d
(552:19) RPAREN: )
(552:20) RPAREN: )
(552:21) RPAREN: )
(553:4) LPAREN: (
(553:5) IDENTIFIER: cons
(553:10) LPAREN: (
(553:11) IDENTIFIER: /
(553:13) IDENTIFIER: n
(553:15) IDENTIFIER: g
(553:16) RPAREN: )
(553:18) LPAREN: (
(553:19) IDENTIFIER: /
(553:21) IDENTIFIER: d
(553:23) IDENTIFIER: g
(553:24) RPAREN: )
(553:25) RPAREN: )
(553:26) RPAREN: )
(553:27) RPAREN: )
(554:0) LPAREN: (
(554:1) IDENTIFIER: print-rat
(554:11) LPAREN: (
(554:12) IDENTIFIER: add-rat
(554:20) IDENTIFIER: one-third
(554:30) IDENTIFIER: one-third
(554:39) RPAREN: )
(554:40) RPAREN: )
(557:0) LPAREN: (
(557:1) IDENTIFIER: define
(557:8) IDENTIFIER: one-through-four
(557:25) LPAREN: (
(557:26) IDENTIFIER: list
(557:31) NUMBER: 1
(557:33) NUMBER: 2
(557:35) NUMBER: 3
(557:37) NUMBER: 4
(557:38) RPAREN: )
(557:39) RPAREN: )
(558:0) IDENTIFIER: one-through-four
(561:0) LPAREN: (
(561:1) IDENTIFIER: car
(561:5) IDENTIFIER: one-through-four
(561:21) RPAREN: )
(564:0) LPAREN: (
(564:1) IDENTIFIER: cdr
(564:5) IDENTIFIER: one-through-four
(564:21) RPAREN: )
(567:0) LPAREN: (
(567:1) IDENTIFIER: car
(567:5) LPAREN: (
(567:6) IDENTIFIER: cdr
(567:10) IDENTIFIER: one-through-four
(567:26) RPAREN: )
(567:27) RPAREN: )
(570:0) LPAREN: (
(570:1) IDENTIFIER: cons
(570:6) NUMBER: 10
(570:9) IDENTIFIER: one-through-four
(570:25) RPAREN: )
(573:0) LPAREN: (
(573:1) IDENTIFIER: cons
(573:6) NUMBER: 5
(573:8) IDENTIFIER: one-through-four
(573:24) RPAREN: )
(576:0) LPAREN: (
(576:1) IDENTIFIER: define
(576:8) LPAREN: (
(576:9) IDENTIFIER: map
(576:13) IDENTIFIER: proc
(576:18) IDENTIFIER: items
(576:23) RPAREN: )
(577:2) LPAREN: (
(577:3) IDENTIFIER: if
(577:6) LPAREN: (
(577:7) IDENTIFIER: null?
(577:13) IDENTIFIER: items
(577:18) RPAREN: )
(578:6) IDENTIFIER: nil
(579:6) LPAREN: (
(579:7) IDENTIFIER: cons
(579:12) LPAREN: (
(579:13) IDENTIFIER: proc
(579:18) LPAREN: (
(579:19) IDENTIFIER: car
(579:23) IDENTIFIER: items
(579:28) RPAREN: )
(579:29) RPAREN: )
(580:12) LPAREN: (
(580:13) IDENTIFIER: map
(580:17) IDENTIFIER: proc
(580:22) LPAREN: (
(580:23) IDENTIFIER: cdr
(580:27) IDENTIFIER: items
(580:32) RPAREN: )
(580:33) RPAREN: )
(580:34) RPAREN: )
(580:35) RPAREN: )
(580:36) RPAREN: )
(581:0) LPAREN: (
(581:1) IDENTIFIER: map
(581:5) IDENTIFIER: abs
(581:9) LPAREN: (
(581:10) IDENTIFIER: list
(581:15) NUMBER: -10
(581:19) NUMBER: 2.5
(581:23) NUMBER: -11.6
(581:29) NUMBER: 17
(581:31) RPAREN: )
(581:32) RPAREN: )
(584:0) LPAREN: (
(584:1) IDENTIFIER: map
(584:5) LPAREN: (
(584:6) IDENTIFIER: lambda
(584:13) LPAREN: (
(584:14) IDENTIFIER: x
(584:15) RPAREN: )
(584:17) LPAREN: (
(584:18) IDENTIFIER: *
(584:20) IDENTIFIER: x
(584:22) IDENTIFIER: x
(584:23) RPAREN: )
(584:24) RPAREN: )
(585:5) LPAREN: (
(585:6) IDENTIFIER: list
(585:11) NUMBER: 1
(585:13) NUMBER: 2
(585:15) NUMBER: 3
(585:17) NUMBER: 4
(585:18) RPAREN: )
(585:19) RPAREN: )
(588:0) LPAREN: (
(588:1) IDENTIFIER: define
(588:8) LPAREN: (
(588:9) IDENTIFIER: scale-list
(588:20) IDENTIFIER: items
(588:26) IDENTIFIER: factor
(588:32) RPAREN: )
(589:2) LPAREN: (
(589:3) IDENTIFIER: map
(589:7) LPAREN: (
(589:8) IDENTIFIER: lambda
(589:15) LPAREN: (
(589:16) IDENTIFIER: x
(589:17) RPAREN: )
(589:19) LPAREN: (
(589:20) IDENTIFIER: *
(589:22) IDENTIFIER: x
(589:24) IDENTIFIER: factor
(589:30) RPAREN: )
(589:31) RPAREN: )
(590:7) IDENTIFIER: items
(590:12) RPAREN: )
(590:13) RPAREN: )
(591:0) LPAREN: (
(591:1) IDENTIFIER: scale-list
(591:12) LPAREN: (
(591:13) IDENTIFIER: list
(591:18) NUMBER: 1
(591:20) NUMBER: 2
(591:22) NUMBER: 3
(591:24) NUMBER: 4
(591:26) NUMBER: 5
(591:27) RPAREN: )
(591:29) NUMBER: 10
(591:31) RPAREN: )
(594:0) LPAREN: (
(594:1) IDENTIFIER: define
(594:8) LPAREN: (
(594:9) IDENTIFIER: count-leaves
(594:22) IDENTIFIER: x
(594:23) RPAREN: )
(595:2) LPAREN: (
(595:3) IDENTIFIER: cond
(595:8) LPAREN: (
(595:9) LPAREN: (
(595:10) IDENTIFIER: null?
(595:16) IDENTIFIER: x
(595:17) RPAREN: )
(595:19) NUMBER: 0
(595:20) RPAREN: )
(596:8) LPAREN: (
(596:9) LPAREN: (
(596:10) IDENTIFIER: not
(596:14) LPAREN: (
(596:15) IDENTIFIER: pair?
(596:21) IDENTIFIER: x
(596:22) RPAREN: )
(596:23) RPAREN: )
(596:25) NUMBER: 1
(596:26) RPAREN: )
(597:8) LPAREN: (
(597:9) IDENTIFIER: else
(597:14) LPAREN: (
(597:15) IDENTIFIER: +
(597:17) LPAREN: (
(597:18) IDENTIFIER: count-leaves
(597:31) LPAREN: (
(597:32) IDENTIFIER: car
(597:36) IDENTIFIER: x
(597:37) RPAREN: )
(597:38) RPAREN: )
(598:17) LPAREN: (
(598:18) IDENTIFIER: count-leaves
(598:31) LPAREN: (
(598:32) IDENTIFIER: cdr
(598:36) IDENTIFIER: x
(598:37) RPAREN: )
(598:38) RPAREN: )
(598:39) RPAREN: )
(598:40) RPAREN: )
(598:41) RPAREN: )
(598:42) RPAREN: )
(599:0) LPAREN: (
(599:1) IDENTIFIER: define
(599:8) IDENTIFIER: x
(599:10) LPAREN: (
(599:11) IDENTIFIER: cons
(599:16) LPAREN: (
(599:17) IDENTIFIER: list
(599:22) NUMBER: 1
(599:24) NUMBER: 2
(599:25) RPAREN: )
(599:27) LPAREN: (
(599:28) IDENTIFIER: list
(599:33) NUMBER: 3
(599:35) NUMBER: 4
(599:36) RPAREN: )
(599:37) RPAREN: )
(599:38) RPAREN: )
(600:0) LPAREN: (
(600:1) IDENTIFIER: count-leaves
(600:14) IDENTIFIER: x
(600:15) RPAREN: )
(603:0) LPAREN: (
(603:1) IDENTIFIER: count-leaves
(603:14) LPAREN: (
(603:15) IDENTIFIER: list
(603:20) IDENTIFIER: x
(603:22) IDENTIFIER: x
(603:23) RPAREN: )
(603:24) RPAREN: )
(608:0) LPAREN: (
(608:1) IDENTIFIER: define
(608:8) LPAREN: (
(608:9) IDENTIFIER: odd?
(608:14) IDENTIFIER: x
(608:15) RPAREN: )
(608:17) LPAREN: (
(608:18) IDENTIFIER: =
(608:20) NUMBER: 1
(608:22) LPAREN: (
(608:23) IDENTIFIER: remainder
(608:33) IDENTIFIER: x
(608:35) NUMBER: 2
(608:36) RPAREN: )
(608:37) RPAREN: )
(608:38) RPAREN: )
(609:0) LPAREN: (
(609:1) IDENTIFIER: define
(609:8) LPAREN: (
(609:9) IDENTIFIER: filter
(609:16) IDENTIFIER: predicate
(609:26) IDENTIFIER: sequence
(609:34) RPAREN: )
(610:2) LPAREN: (
(610:3) IDENTIFIER: cond
(610:8) LPAREN: (
(610:9) LPAREN: (
(610:10) IDENTIFIER: null?
(610:16) IDENTIFIER: sequence
(610:24) RPAREN: )
(610:26) IDENTIFIER: nil
(610:29) RPAREN: )
(611:8) LPAREN: (
(611:9) LPAREN: (
(611:10) IDENTIFIER: predicate
(611:20) LPAREN: (
(611:21) IDENTIFIER: car
(611:25) IDENTIFIER: sequence
(611:33) RPAREN: )
(611:34) RPAREN: )
(612:9) LPAREN: (
(612:10) IDENTIFIER: cons
(612:15) LPAREN: (
(612:16) IDENTIFIER: car
(612:20) IDENTIFIER: sequence
(612:28) RPAREN: )
(613:15) LPAREN: (
(613:16) IDENTIFIER: filter
(613:23) IDENTIFIER: predicate
(613:33) LPAREN: (
(613:34) IDENTIFIER: cdr
(613:38) IDENTIFIER: sequence
(613:46) RPAREN: )
(613:47) RPAREN: )
(613:48) RPAREN: )
(613:49) RPAREN: )
(614:8) LPAREN: (
(614:9) IDENTIFIER: else
(614:14) LPAREN: (
(614:15) IDENTIFIER: filter
(614:22) IDENTIFIER: predicate
(614:32) LPAREN: (
(614:33) IDENTIFIER: cdr
(614:37) IDENTIFIER: sequence
(614:45) RPAREN: )
(614:46) RPAREN: )
(614:47) RPAREN: )
(614:48) RPAREN: )
(614:49) RPAREN: )
(615:0) LPAREN: (
(615:1) IDENTIFIER: filter
(615:8) IDENTIFIER: odd?
(615:13) LPAREN: (
(615:14) IDENTIFIER: list
(615:19) NUMBER: 1
(615:21) NUMBER: 2
(615:23) NUMBER: 3
(615:25) NUMBER: 4
(615:27) NUMBER: 5
(615:28) RPAREN: )
(615:29) RPAREN: )
(618:0) LPAREN: (
(618:1) IDENTIFIER: define
(618:8) LPAREN: (
(618:9) IDENTIFIER: accumulate
(618:20) IDENTIFIER: op
(618:23) IDENTIFIER: initial
(618:31) IDENTIFIER: sequence
(618:39) RPAREN: )
(619:2) LPAREN: (
(619:3) IDENTIFIER: if
(619:6) LPAREN: (
(619:7) IDENTIFIER: null?
(619:13) IDENTIFIER: sequence
(619:21) RPAREN: )
(620:6) IDENTIFIER: initial
(621:6) LPAREN: (
(621:7) IDENTIFIER: op
(621:10) LPAREN: (
(621:11) IDENTIFIER: car
(621:15) IDENTIFIER: sequence
(621:23) RPAREN: )
(622:10) LPAREN: (
(622:11) IDENTIFIER: accumulate
(622:22) IDENTIFIER: op
(622:25) IDENTIFIER: initial
(622:33) LPAREN: (
(622:34) IDENTIFIER: cdr
(622:38) IDENTIFIER: sequence
(622:46) RPAREN: )
(622:47) RPAREN: )
(622:48) RPAREN: )
(622:49) RPAREN: )
(622:50) RPAREN: )
(623:0) LPAREN: (
(623:1) IDENTIFIER: accumulate
(623:12) IDENTIFIER: +
(623:14) NUMBER: 0
(623:16) LPAREN: (
(623:17) IDENTIFIER: list
(623:22) NUMBER: 1
(623:24) NUMBER: 2
(623:26) NUMBER: 3
(623:28) NUMBER: 4
(623:30) NUMBER: 5
(623:31) RPAREN: )
(623:32) RPAREN: )
(626:0) LPAREN: (
(626:1) IDENTIFIER: accumulate
(626:12) IDENTIFIER: *
(626:14) NUMBER: 1
(626:16) LPAREN: (
(626:17) IDENTIFIER: list
(626:22) NUMBER: 1
(626:24) NUMBER: 2
(626:26) NUMBER: 3
(626:28) NUMBER: 4
(626:30) NUMBER: 5
(626:31) RPAREN: )
(626:32) RPAREN: )
(629:0) LPAREN: (
(629:1) IDENTIFIER: accumulate
(629:12) IDENTIFIER: cons
(629:17) IDENTIFIER: nil
(629:21) LPAREN: (
(629:22) IDENTIFIER: list
(629:27) NUMBER: 1
(629:29) NUMBER: 2
(629:31) NUMBER: 3
(629:33) NUMBER: 4
(629:35) NUMBER: 5
(629:36) RPAREN: )
(629:37) RPAREN: )
(632:0) LPAREN: (
(632:1) IDENTIFIER: define
(632:8) LPAREN: (
(632:9) IDENTIFIER: enumerate-interval
(632:28) IDENTIFIER: low
(632:32) IDENTIFIER: high
(632:36) RPAREN: )
(633:2) LPAREN: (
(633:3) IDENTIFIER: if
(633:6) LPAREN: (
(633:7) IDENTIFIER: >
(633:9) IDENTIFIER: low
(633:13) IDENTIFIER: high
(633:17) RPAREN: )
(634:6) IDENTIFIER: nil
(635:6) LPAREN: (
(635:7) IDENTIFIER: cons
(635:12) IDENTIFIER: low
(635:16) LPAREN: (
(635:17) IDENTIFIER: enumerate-interval
(635:36) LPAREN: (
(635:37) IDENTIFIER: +
(635:39) IDENTIFIER: low
(635:43) NUMBER: 1
(635:44) RPAREN: )
(635:46) IDENTIFIER: high
(635:50) RPAREN: )
(635:51) RPAREN: )
(635:52) RPAREN: )
(635:53) RPAREN: )
(636:0) LPAREN: (
(636:1) IDENTIFIER: enumerate-interval
(636:20) NUMBER: 2
(636:22) NUMBER: 7
(636:23) RPAREN: )
(639:0) LPAREN: (
(639:1) IDENTIFIER: define
(639:8) LPAREN: (
(639:9) IDENTIFIER: enumerate-tree
(639:24) IDENTIFIER: tree
(639:28) RPAREN: )
(640:2) LPAREN: (
(640:3) IDENTIFIER: cond
(640:8) LPAREN: (
(640:9) LPAREN: (
(640:10) IDENTIFIER: null?
(640:16) IDENTIFIER: tree
(640:20) RPAREN: )
(640:22) IDENTIFIER: nil
(640:25) RPAREN: )
(641:8) LPAREN: (
(641:9) LPAREN: (
(641:10) IDENTIFIER: not
(641:14) LPAREN: (
(641:15) IDENTIFIER: pair?
(641:21) IDENTIFIER: tree
(641:25) RPAREN: )
(641:26) RPAREN: )
(641:28) LPAREN: (
(641:29) IDENTIFIER: list
(641:34) IDENTIFIER: tree
(641:38) RPAREN: )
(641:39) RPAREN: )
(642:8) LPAREN: (
(642:9) IDENTIFIER: else
(642:14) LPAREN: (
(642:15) IDENTIFIER: append
(642:22) LPAREN: (
(642:23) IDENTIFIER: enumerate-tree
(642:38) LPAREN: (
(642:39) IDENTIFIER: car
(642:43) IDENTIFIER: tree
(642:47) RPAREN: )
(642:48) RPAREN: )
(643:22) LPAREN: (
(643:23) IDENTIFIER: enumerate-tree
(643:38) LPAREN: (
(643:39) IDENTIFIER: cdr
(643:43) IDENTIFIER: tree
(643:47) RPAREN: )
(643:48) RPAREN: )
(643:49) RPAREN: )
(643:50) RPAREN: )
(643:51) RPAREN: )
(643:52) RPAREN: )
(644:0) LPAREN: (
(644:1) IDENTIFIER: enumerate-tree
(644:16) LPAREN: (
(644:17) IDENTIFIER: list
(644:22) NUMBER: 1
(644:24) LPAREN: (
(644:25) IDENTIFIER: list
(644:30) NUMBER: 2
(644:32) LPAREN: (
(644:33) IDENTIFIER: list
(644:38) NUMBER: 3
(644:40) NUMBER: 4
(644:41) RPAREN: )
(644:42) RPAREN: )
(644:44) NUMBER: 5
(644:45) RPAREN: )
(644:46) RPAREN: )
(649:0) LPAREN: (
(649:1) IDENTIFIER: define
(649:8) IDENTIFIER: a
(649:10) NUMBER: 1
(649:11) RPAREN: )
(651:0) LPAREN: (
(651:1) IDENTIFIER: define
(651:8) IDENTIFIER: b
(651:10) NUMBER: 2
(651:11) RPAREN: )
(653:0) LPAREN: (
(653:1) IDENTIFIER: list
(653:6) IDENTIFIER: a
(653:8) IDENTIFIER: b
(653:9) RPAREN: )
(656:0) LPAREN: (
(656:1) IDENTIFIER: list
(656:6) QUOTE: '
(656:7) IDENTIFIER: a
(656:9) QUOTE: '
(656:10) IDENTIFIER: b
(656:11) RPAREN: )
(659:0) LPAREN: (
(659:1) IDENTIFIER: list
(659:6) QUOTE: '
(659:7) IDENTIFIER: a
(659:9) IDENTIFIER: b
(659:10) RPAREN: )
(662:0) LPAREN: (
(662:1) IDENTIFIER: car
(662:5) QUOTE: '
(662:6) LPAREN: (
(662:7) IDENTIFIER: a
(662:9) IDENTIFIER: b
(662:11) IDENTIFIER: c
(662:12) RPAREN: )
(662:13) RPAREN: )
(665:0) LPAREN: (
(665:1) IDENTIFIER: cdr
(665:5) QUOTE: '
(665:6) LPAREN: (
(665:7) IDENTIFIER: a
(665:9) IDENTIFIER: b
(665:11) IDENTIFIER: c
(665:12) RPAREN: )
(665:13) RPAREN: )
(668:0) LPAREN: (
(668:1) IDENTIFIER: define
(668:8) LPAREN: (
(668:9) IDENTIFIER: memq
(668:14) IDENTIFIER: item
(668:19) IDENTIFIER: x
(668:20) RPAREN: )
(669:2) LPAREN: (
(669:3) IDENTIFIER: cond
(669:8) LPAREN: (
(669:9) LPAREN: (
(669:10) IDENTIFIER: null?
(669:16) IDENTIFIER: x
(669:17) RPAREN: )
(669:19) IDENTIFIER: false
(669:24) RPAREN: )
(670:8) LPAREN: (
(670:9) LPAREN: (
(670:10) IDENTIFIER: eq?
(670:14) IDENTIFIER: item
(670:19) LPAREN: (
(670:20) IDENTIFIER: car
(670:24) IDENTIFIER: x
(670:25) RPAREN: )
(670:26) RPAREN: )
(670:28) IDENTIFIER: x
(670:29) RPAREN: )
(671:8) LPAREN: (
(671:9) IDENTIFIER: else
(671:14) LPAREN: (
(671:15) IDENTIFIER: memq
(671:20) IDENTIFIER: item
(671:25) LPAREN: (
(671:26) IDENTIFIER: cdr
(671:30) IDENTIFIER: x
(671:31) RPAREN: )
(671:32) RPAREN: )
(671:33) RPAREN: )
(671:34) RPAREN: )
(671:35) RPAREN: )
(672:0) LPAREN: (
(672:1) IDENTIFIER: memq
(672:6) QUOTE: '
(672:7) IDENTIFIER: apple
(672:13) QUOTE: '
(672:14) LPAREN: (
(672:15) IDENTIFIER: pear
(672:20) IDENTIFIER: banana
(672:27) IDENTIFIER: prune
(672:32) RPAREN: )
(672:33) RPAREN: )
(675:0) LPAREN: (
(675:1) IDENTIFIER: memq
(675:6) QUOTE: '
(675:7) IDENTIFIER: apple
(675:13) QUOTE: '
(675:14) LPAREN: (
(675:15) IDENTIFIER: x
(675:17) LPAREN: (
(675:18) IDENTIFIER: apple
(675:24) IDENTIFIER: sauce
(675:29) RPAREN: )
(675:31) IDENTIFIER: y
(675:33) IDENTIFIER: apple
(675:39) IDENTIFIER: pear
(675:43) RPAREN: )
(675:44) RPAREN: )
(678:0) LPAREN: (
(678:1) IDENTIFIER: define
(678:8) LPAREN: (
(678:9) IDENTIFIER: equal?
(678:16) IDENTIFIER: x
(678:18) IDENTIFIER: y
(678:19) RPAREN: )
(679:2) LPAREN: (
(679:3) IDENTIFIER: cond
(679:8) LPAREN: (
(679:9) LPAREN: (
(679:10) IDENTIFIER: pair?
(679:16) IDENTIFIER: x
(679:17) RPAREN: )
(679:19) LPAREN: (
(679:20) IDENTIFIER: and
(679:24) LPAREN: (
(679:25) IDENTIFIER: pair?
(679:31) IDENTIFIER: y
(679:32) RPAREN: )
(680:24) LPAREN: (
(680:25) IDENTIFIER: equal?
(680:32) LPAREN: (
(680:33) IDENTIFIER: car
(680:37) IDENTIFIER: x
(680:38) RPAREN: )
(680:40) LPAREN: (
(680:41) IDENTIFIER: car
(680:45) IDENTIFIER: y
(680:46) RPAREN: )
(680:47) RPAREN: )
(681:24) LPAREN: (
(681:25) IDENTIFIER: equal?
(681:32) LPAREN: (
(681:33) IDENTIFIER: cdr
(681:37) IDENTIFIER: x
(681:38) RPAREN: )
(681:40) LPAREN: (
(681:41) IDENTIFIER: cdr
(681:45) IDENTIFIER: y
(681:46) RPAREN: )
(681:47) RPAREN: )
(681:48) RPAREN: )
(681:49) RPAREN: )
(682:8) LPAREN: (
(682:9) LPAREN: (
(682:10) IDENTIFIER: null?
(682:16) IDENTIFIER: x
(682:17) RPAREN: )
(682:19) LPAREN: (
(682:20) IDENTIFIER: null?
(682:26) IDENTIFIER: y
(682:27) RPAREN: )
(682:28) RPAREN: )
(683:8) LPAREN: (
(683:9) IDENTIFIER: else
(683:14) LPAREN: (
(683:15) IDENTIFIER: eq?
(683:19) IDENTIFIER: x
(683:21) IDENTIFIER: y
(683:22) RPAREN: )
(683:23) RPAREN: )
(683:24) RPAREN: )
(683:25) RPAREN: )
(684:0) LPAREN: (
(684:1) IDENTIFIER: equal?
(684:8) QUOTE: '
(684:9) LPAREN: (
(684:10) NUMBER: 1
(684:12) NUMBER: 2
(684:14) LPAREN: (
(684:15) IDENTIFIER: three
(684:20) RPAREN: )
(684:21) RPAREN: )
(684:23) QUOTE: '
(684:24) LPAREN: (
(684:25) NUMBER: 1
(684:27) NUMBER: 2
(684:29) LPAREN: (
(684:30) IDENTIFIER: three
(684:35) RPAREN: )
(684:36) RPAREN: )
(684:37) RPAREN: )
(687:0) LPAREN: (
(687:1) IDENTIFIER: equal?
(687:8) QUOTE: '
(687:9) LPAREN: (
(687:10) NUMBER: 1
(687:12) NUMBER: 2
(687:14) LPAREN: (
(687:15) IDENTIFIER: three
(687:20) RPAREN: )
(687:21) RPAREN: )
(687:23) QUOTE: '
(687:24) LPAREN: (
(687:25) NUMBER: 1
(687:27) NUMBER: 2
(687:29) IDENTIFIER: three
(687:34) RPAREN: )
(687:35) RPAREN: )
(690:0) LPAREN: (
(690:1) IDENTIFIER: equal?
(690:8) QUOTE: '
(690:9) LPAREN: (
(690:10) NUMBER: 1
(690:12) NUMBER: 2
(690:14) IDENTIFIER: three
(690:19) RPAREN: )
(690:21) QUOTE: '
(690:22) LPAREN: (
(690:23) NUMBER: 1
(690:25) NUMBER: 2
(690:27) LPAREN: (
(690:28) IDENTIFIER: three
(690:33) RPAREN: )
(690:34) RPAREN: )
(690:35) RPAREN: )
(695:0) LPAREN: (
(695:1) IDENTIFIER: define
(695:8) IDENTIFIER: double
(695:15) LPAREN: (
(695:16) IDENTIFIER: lambda
(695:23) LPAREN: (
(695:24) IDENTIFIER: x
(695:25) RPAREN: )
(695:27) LPAREN: (
(695:28) IDENTIFIER: *
(695:30) NUMBER: 2
(695:32) IDENTIFIER: x
(695:33) RPAREN: )
(695:34) RPAREN: )
(695:35) RPAREN: )
(696:0) LPAREN: (
(696:1) IDENTIFIER: double
(696:8) NUMBER: 5
(696:9) RPAREN: )
(699:0) LPAREN: (
(699:1) IDENTIFIER: define
(699:8) IDENTIFIER: compose
(699:16) LPAREN: (
(699:17) IDENTIFIER: lambda
(699:24) LPAREN: (
(699:25) IDENTIFIER: f
(699:27) IDENTIFIER: g
(699:28) RPAREN: )
(699:30) LPAREN: (
(699:31) IDENTIFIER: lambda
(699:38) LPAREN: (
(699:39) IDENTIFIER: x
(699:40) RPAREN: )
(699:42) LPAREN: (
(699:43) IDENTIFIER: f
(699:45) LPAREN: (
(699:46) IDENTIFIER: g
(699:48) IDENTIFIER: x
(699:49) RPAREN: )
(699:50) RPAREN: )
(699:51) RPAREN: )
(699:52) RPAREN: )
(699:53) RPAREN: )
(700:0) LPAREN: (
(700:1) LPAREN: (
(700:2) IDENTIFIER: compose
(700:10) IDENTIFIER: list
(700:15) IDENTIFIER: double
(700:21) RPAREN: )
(700:23) NUMBER: 5
(700:24) RPAREN: )
(703:0) LPAREN: (
(703:1) IDENTIFIER: define
(703:8) IDENTIFIER: apply-twice
(703:20) LPAREN: (
(703:21) IDENTIFIER: lambda
(703:28) LPAREN: (
(703:29) IDENTIFIER: f
(703:30) RPAREN: )
(703:32) LPAREN: (
(703:33) IDENTIFIER: compose
(703:41) IDENTIFIER: f
(703:43) IDENTIFIER: f
(703:44) RPAREN: )
(703:45) RPAREN: )
(703:46) RPAREN: )
(704:0) LPAREN: (
(704:1) LPAREN: (
(704:2) IDENTIFIER: apply-twice
(704:14) IDENTIFIER: double
(704:20) RPAREN: )
(704:22) NUMBER: 5
(704:23) RPAREN: )
(707:0) LPAREN: (
(707:1) LPAREN: (
(707:2) IDENTIFIER: apply-twice
(707:14) LPAREN: (
(707:15) IDENTIFIER: apply-twice
(707:27) IDENTIFIER: double
(707:33) RPAREN: )
(707:34) RPAREN: )
(707:36) NUMBER: 5
(707:37) RPAREN: )
(710:0) LPAREN: (
(710:1) IDENTIFIER: define
(710:8) IDENTIFIER: fact
(710:13) LPAREN: (
(710:14) IDENTIFIER: lambda
(710:21) LPAREN: (
(710:22) IDENTIFIER: n
(710:23) RPAREN: )
(710:25) LPAREN: (
(710:26) IDENTIFIER: if
(710:29) LPAREN: (
(710:30) IDENTIFIER: <=
(710:33) IDENTIFIER: n
(710:35) NUMBER: 1
(710:36) RPAREN: )
(710:38) NUMBER: 1
(710:40) LPAREN: (
(710:41) IDENTIFIER: *
(710:43) IDENTIFIER: n
(710:45) LPAREN: (
(710:46) IDENTIFIER: fact
(710:51) LPAREN: (
(710:52) IDENTIFIER: -
(710:54) IDENTIFIER: n
(710:56) NUMBER: 1
(710:57) RPAREN: )
(710:58) RPAREN: )
(710:59) RPAREN: )
(710:60) RPAREN: )
(710:61) RPAREN: )
(710:62) RPAREN: )
(711:0) LPAREN: (
(711:1) IDENTIFIER: fact
(711:6) NUMBER: 3
(711:7) RPAREN: )
(714:0) LPAREN: (
(714:1) IDENTIFIER: fact
(714:6) NUMBER: 50
(714:8) RPAREN: )
(717:0) LPAREN: (
(717:1) IDENTIFIER: define
(717:8) LPAREN: (
(717:9) IDENTIFIER: combine
(717:17) IDENTIFIER: f
(717:18) RPAREN: )
(718:2) LPAREN: (
(718:3) IDENTIFIER: lambda
(718:10) LPAREN: (
(718:11) IDENTIFIER: x
(718:13) IDENTIFIER: y
(718:14) RPAREN: )
(719:4) LPAREN: (
(719:5) IDENTIFIER: if
(719:8) LPAREN: (
(719:9) IDENTIFIER: null?
(719:15) IDENTIFIER: x
(719:16) RPAREN: )
(719:18) IDENTIFIER: nil
(720:6) LPAREN: (
(720:7) IDENTIFIER: f
(720:9) LPAREN: (
(720:10) IDENTIFIER: list
(720:15) LPAREN: (
(720:16) IDENTIFIER: car
(720:20) IDENTIFIER: x
(720:21) RPAREN: )
(720:23) LPAREN: (
(720:24) IDENTIFIER: car
(720:28) IDENTIFIER: y
(720:29) RPAREN: )
(720:30) RPAREN: )
(721:9) LPAREN: (
(721:10) LPAREN: (
(721:11) IDENTIFIER: combine
(721:19) IDENTIFIER: f
(721:20) RPAREN: )
(721:22) LPAREN: (
(721:23) IDENTIFIER: cdr
(721:27) IDENTIFIER: x
(721:28) RPAREN: )
(721:30) LPAREN: (
(721:31) IDENTIFIER: cdr
(721:35) IDENTIFIER: y
(721:36) RPAREN: )
(721:37) RPAREN: )
(721:38) RPAREN: )
(721:39) RPAREN: )
(721:40) RPAREN: )
(721:41) RPAREN: )
(722:0) LPAREN: (
(722:1) IDENTIFIER: define
(722:8) IDENTIFIER: zip
(722:12) LPAREN: (
(722:13) IDENTIFIER: combine
(722:21) IDENTIFIER: cons
(722:25) RPAREN: )
(722:26) RPAREN: )
(723:0) LPAREN: (
(723:1) IDENTIFIER: zip
(723:5) LPAREN: (
(723:6) IDENTIFIER: list
(723:11) NUMBER: 1
(723:13) NUMBER: 2
(723:15) NUMBER: 3
(723:17) NUMBER: 4
(723:18) RPAREN: )
(723:20) LPAREN: (
(723:21) IDENTIFIER: list
(723:26) NUMBER: 5
(723:28) NUMBER: 6
(723:30) NUMBER: 7
(723:32) NUMBER: 8
(723:33) RPAREN: )
(723:34) RPAREN: )
(726:0) LPAREN: (
(726:1) IDENTIFIER: define
(726:8) IDENTIFIER: riff-shuffle
(726:21) LPAREN: (
(726:22) IDENTIFIER: lambda
(726:29) LPAREN: (
(726:30) IDENTIFIER: deck
(726:34) RPAREN: )
(726:36) LPAREN: (
(726:37) IDENTIFIER: begin
(727:4) LPAREN: (
(727:5) IDENTIFIER: define
(727:12) IDENTIFIER: take
(727:17) LPAREN: (
(727:18) IDENTIFIER: lambda
(727:25) LPAREN: (
(727:26) IDENTIFIER: n
(727:28) IDENTIFIER: seq
(727:31) RPAREN: )
(727:33) LPAREN: (
(727:34) IDENTIFIER: if
(727:37) LPAREN: (
(727:38) IDENTIFIER: <=
(727:41) IDENTIFIER: n
(727:43) NUMBER: 0
(727:44) RPAREN: )
(727:46) LPAREN: (
(727:47) IDENTIFIER: quote
(727:53) LPAREN: (
(727:54) RPAREN: )
(727:55) RPAREN: )
(727:57) LPAREN: (
(727:58) IDENTIFIER: cons
(727:63) LPAREN: (
(727:64) IDENTIFIER: car
(727:68) IDENTIFIER: seq
(727:71) RPAREN: )
(727:73) LPAREN: (
(727:74) IDENTIFIER: take
(727:79) LPAREN: (
(727:80) IDENTIFIER: -
(727:82) IDENTIFIER: n
(727:84) NUMBER: 1
(727:85) RPAREN: )
(727:87) LPAREN: (
(727:88) IDENTIFIER: cdr
(727:92) IDENTIFIER: seq
(727:95) RPAREN: )
(727:96) RPAREN: )
(727:97) RPAREN: )
(727:98) RPAREN: )
(727:99) RPAREN: )
(727:100) RPAREN: )
(728:4) LPAREN: (
(728:5) IDENTIFIER: define
(728:12) IDENTIFIER: drop
(728:17) LPAREN: (
(728:18) IDENTIFIER: lambda
(728:25) LPAREN: (
(728:26) IDENTIFIER: n
(728:28) IDENTIFIER: seq
(728:31) RPAREN: )
(728:33) LPAREN: (
(728:34) IDENTIFIER: if
(728:37) LPAREN: (
(728:38) IDENTIFIER: <=
(728:41) IDENTIFIER: n
(728:43) NUMBER: 0
(728:44) RPAREN: )
(728:46) IDENTIFIER: seq
(728:50) LPAREN: (
(728:51) IDENTIFIER: drop
(728:56) LPAREN: (
(728:57) IDENTIFIER: -
(728:59) IDENTIFIER: n
(728:61) NUMBER: 1
(728:62) RPAREN: )
(728:64) LPAREN: (
(728:65) IDENTIFIER: cdr
(728:69) IDENTIFIER: seq
(728:72) RPAREN: )
(728:73) RPAREN: )
(728:74) RPAREN: )
(728:75) RPAREN: )
(728:76) RPAREN: )
(729:4) LPAREN: (
(729:5) IDENTIFIER: define
(729:12) IDENTIFIER: mid
(729:16) LPAREN: (
(729:17) IDENTIFIER: lambda
(729:24) LPAREN: (
(729:25) IDENTIFIER: seq
(729:28) RPAREN: )
(729:30) LPAREN: (
(729:31) IDENTIFIER: /
(729:33) LPAREN: (
(729:34) IDENTIFIER: length
(729:41) IDENTIFIER: seq
(729:44) RPAREN: )
(729:46) NUMBER: 2
(729:47) RPAREN: )
(729:48) RPAREN: )
(729:49) RPAREN: )
(730:4) LPAREN: (
(730:5) LPAREN: (
(730:6) IDENTIFIER: combine
(730:14) IDENTIFIER: append
(730:20) RPAREN: )
(730:22) LPAREN: (
(730:23) IDENTIFIER: take
(730:28) LPAREN: (
(730:29) IDENTIFIER: mid
(730:33) IDENTIFIER: deck
(730:37) RPAREN: )
(730:39) IDENTIFIER: deck
(730:43) RPAREN: )
(730:45) LPAREN: (
(730:46) IDENTIFIER: drop
(730:51) LPAREN: (
(730:52) IDENTIFIER: mid
(730:56) IDENTIFIER: deck
(730:60) RPAREN: )
(730:62) IDENTIFIER: deck
(730:66) RPAREN: )
(730:67) RPAREN: )
(730:68) RPAREN: )
(730:69) RPAREN: )
(730:70) RPAREN: )
(731:0) LPAREN: (
(731:1) IDENTIFIER: riff-shuffle
(731:14) LPAREN: (
(731:15) IDENTIFIER: list
(731:20) NUMBER: 1
(731:22) NUMBER: 2
(731:24) NUMBER: 3
(731:26) NUMBER: 4
(731:28) NUMBER: 5
(731:30) NUMBER: 6
(731:32) NUMBER: 7
(731:34) NUMBER: 8
(731:35) RPAREN: )
(731:36) RPAREN: )
(734:0) LPAREN: (
(734:1) LPAREN: (
(734:2) IDENTIFIER: apply-twice
(734:14) IDENTIFIER: riff-shuffle
(734:26) RPAREN: )
(734:28) LPAREN: (
(734:29) IDENTIFIER: list
(734:34) NUMBER: 1
(734:36) NUMBER: 2
(734:38) NUMBER: 3
(734:40) NUMBER: 4
(734:42) NUMBER: 5
(734:44) NUMBER: 6
(734:46) NUMBER: 7
(734:48) NUMBER: 8
(734:49) RPAREN: )
(734:50) RPAREN: )
(737:0) LPAREN: (
(737:1) IDENTIFIER: riff-shuffle
(737:14) LPAREN: (
(737:15) IDENTIFIER: riff-shuffle
(737:28) LPAREN: (
(737:29) IDENTIFIER: riff-shuffle
(737:42) LPAREN: (
(737:43) IDENTIFIER: list
(737:48) NUMBER: 1
(737:50) NUMBER: 2
(737:52) NUMBER: 3
(737:54) NUMBER: 4
(737:56) NUMBER: 5
(737:58) NUMBER: 6
(737:60) NUMBER: 7
(737:62) NUMBER: 8
(737:63) RPAREN: )
(737:64) RPAREN: )
(737:65) RPAREN: )
(737:66) RPAREN: )
(742:0) LPAREN: (
(742:1) IDENTIFIER: apply
(742:7) IDENTIFIER: square
(742:14) QUOTE: '
(742:15) LPAREN: (
(742:16) NUMBER: 2
(742:17) RPAREN: )
(742:18) RPAREN: )
(745:0) LPAREN: (
(745:1) IDENTIFIER: apply
(745:7) IDENTIFIER: +
(745:9) QUOTE: '
(745:10) LPAREN: (
(745:11) NUMBER: 1
(745:13) NUMBER: 2
(745:15) NUMBER: 3
(745:17) NUMBER: 4
(745:18) RPAREN: )
(745:19) RPAREN: )
(748:0) LPAREN: (
(748:1) IDENTIFIER: apply
(748:7) LPAREN: (
(748:8) IDENTIFIER: if
(748:11) IDENTIFIER: false
(748:17) IDENTIFIER: +
(748:19) IDENTIFIER: append
(748:25) RPAREN: )
(748:27) QUOTE: '
(748:28) LPAREN: (
(748:29) LPAREN: (
(748:30) NUMBER: 1
(748:32) NUMBER: 2
(748:33) RPAREN: )
(748:35) LPAREN: (
(748:36) NUMBER: 3
(748:38) NUMBER: 4
(748:39) RPAREN: )
(748:40) RPAREN: )
(748:41) RPAREN: )
(751:0) LPAREN: (
(751:1) IDENTIFIER: if
(751:4) NUMBER: 0
(751:6) NUMBER: 1
(751:8) NUMBER: 2
(751:9) RPAREN: )
(754:0) LPAREN: (
(754:1) IDENTIFIER: if
(754:4) QUOTE: '
(754:5) LPAREN: (
(754:6) RPAREN: )
(754:8) NUMBER: 1
(754:10) NUMBER: 2
(754:11) RPAREN: )
(757:0) LPAREN: (
(757:1) IDENTIFIER: or
(757:4) IDENTIFIER: false
(757:10) IDENTIFIER: true
(757:14) RPAREN: )
(760:0) LPAREN: (
(760:1) IDENTIFIER: or
(760:3) RPAREN: )
(763:0) LPAREN: (
(763:1) IDENTIFIER: and
(763:4) RPAREN: )
(766:0) LPAREN: (
(766:1) IDENTIFIER: or
(766:4) NUMBER: 1
(766:6) NUMBER: 2
(766:8) NUMBER: 3
(766:9) RPAREN: )
(769:0) LPAREN: (
(769:1) IDENTIFIER: and
(769:5) NUMBER: 1
(769:7) NUMBER: 2
(769:9) NUMBER: 3
(769:10) RPAREN: )
(772:0) LPAREN: (
(772:1) IDENTIFIER: and
(772:5) IDENTIFIER: False
(772:11) LPAREN: (
(772:12) IDENTIFIER: /
(772:14) NUMBER: 1
(772:16) NUMBER: 0
(772:17) RPAREN: )
(772:18) RPAREN: )
(775:0) LPAREN: (
(775:1) IDENTIFIER: and
(775:5) IDENTIFIER: True
(775:10) LPAREN: (
(775:11) IDENTIFIER: /
(775:13) NUMBER: 1
(775:15) NUMBER: 0
(775:16) RPAREN: )
(775:17) RPAREN: )
(778:0) LPAREN: (
(778:1) IDENTIFIER: or
(778:4) NUMBER: 3
(778:6) LPAREN: (
(778:7) IDENTIFIER: /
(778:9) NUMBER: 1
(778:11) NUMBER: 0
(778:12) RPAREN: )
(778:13) RPAREN: )
(781:0) LPAREN: (
(781:1) IDENTIFIER: or
(781:4) IDENTIFIER: False
(781:10) LPAREN: (
(781:11) IDENTIFIER: /
(781:13) NUMBER: 1
(781:15) NUMBER: 0
(781:16) RPAREN: )
(781:17) RPAREN: )
(784:0) LPAREN: (
(784:1) IDENTIFIER: or
(784:4) LPAREN: (
(784:5) IDENTIFIER: quote
(784:11) IDENTIFIER: hello
(784:16) RPAREN: )
(784:18) LPAREN: (
(784:19) IDENTIFIER: quote
(784:25) IDENTIFIER: world
(784:30) RPAREN: )
(784:31) RPAREN: )
(787:0) LPAREN: (
(787:1) IDENTIFIER: if
(787:4) IDENTIFIER: nil
(787:8) NUMBER: 1
(787:10) NUMBER: 2
(787:11) RPAREN: )
(790:0) LPAREN: (
(790:1) IDENTIFIER: if
(790:4) NUMBER: 0
(790:6) NUMBER: 1
(790:8) NUMBER: 2
(790:9) RPAREN: )
(793:0) LPAREN: (
(793:1) IDENTIFIER: if
(793:4) LPAREN: (
(793:5) IDENTIFIER: or
(793:8) IDENTIFIER: false
(793:14) IDENTIFIER: False
(793:20) BOOL: #f
(793:22) RPAREN: )
(793:24) NUMBER: 1
(793:26) NUMBER: 2
(793:27) RPAREN: )
(796:0) LPAREN: (
(796:1) IDENTIFIER: define
(796:8) LPAREN: (
(796:9) IDENTIFIER: loop
(796:13) RPAREN: )
(796:15) LPAREN: (
(796:16) IDENTIFIER: loop
(796:20) RPAREN: )
(796:21) RPAREN: )
(797:0) LPAREN: (
(797:1) IDENTIFIER: cond
(797:6) LPAREN: (
(797:7) IDENTIFIER: false
(797:13) LPAREN: (
(797:14) IDENTIFIER: loop
(797:18) RPAREN: )
(797:19) RPAREN: )
(798:6) LPAREN: (
(798:7) NUMBER: 12
(798:9) RPAREN: )
(798:10) RPAREN: )
(801:0) LPAREN: (
(801:1) LPAREN: (
(801:2) IDENTIFIER: lambda
(801:9) LPAREN: (
(801:10) IDENTIFIER: x
(801:11) RPAREN: )
(801:13) LPAREN: (
(801:14) IDENTIFIER: display
(801:22) IDENTIFIER: x
(801:23) RPAREN: )
(801:25) LPAREN: (
(801:26) IDENTIFIER: newline
(801:33) RPAREN: )
(801:35) IDENTIFIER: x
(801:36) RPAREN: )
(801:38) NUMBER: 2
(801:39) RPAREN: )
(804:0) LPAREN: (
(804:1) IDENTIFIER: define
(804:8) IDENTIFIER: g
(804:10) LPAREN: (
(804:11) IDENTIFIER: mu
(804:14) LPAREN: (
(804:15) RPAREN: )
(804:17) IDENTIFIER: x
(804:18) RPAREN: )
(804:19) RPAREN: )
(805:0) LPAREN: (
(805:1) IDENTIFIER: define
(805:8) LPAREN: (
(805:9) IDENTIFIER: high
(805:14) IDENTIFIER: f
(805:16) IDENTIFIER: x
(805:17) RPAREN: )
(806:2) LPAREN: (
(806:3) IDENTIFIER: f
(806:4) RPAREN: )
(806:5) RPAREN: )
(808:0) LPAREN: (
(808:1) IDENTIFIER: high
(808:6) IDENTIFIER: g
(808:8) NUMBER: 2
(808:9) RPAREN: )
(811:0) LPAREN: (
(811:1) IDENTIFIER: define
(811:8) LPAREN: (
(811:9) IDENTIFIER: print-and-square
(811:26) IDENTIFIER: x
(811:27) RPAREN: )
(812:2) LPAREN: (
(812:3) IDENTIFIER: print
(812:9) IDENTIFIER: x
(812:10) RPAREN: )
(813:2) LPAREN: (
(813:3) IDENTIFIER: square
(813:10) IDENTIFIER: x
(813:11) RPAREN: )
(813:12) RPAREN: )
(814:0) LPAREN: (
(814:1) IDENTIFIER: print-and-square
(814:18) NUMBER: 12
(814:20) RPAREN: )
(817:0) LPAREN: (
(817:1) IDENTIFIER: /
(817:3) NUMBER: 1
(817:5) NUMBER: 0
(817:6) RPAREN: )
(820:0) LPAREN: (
(820:1) IDENTIFIER: define
(820:8) IDENTIFIER: addx
(820:13) LPAREN: (
(820:14) IDENTIFIER: mu
(820:17) LPAREN: (
(820:18) IDENTIFIER: x
(820:19) RPAREN: )
(820:21) LPAREN: (
(820:22) IDENTIFIER: +
(820:24) IDENTIFIER: x
(820:26) IDENTIFIER: y
(820:27) RPAREN: )
(820:28) RPAREN: )
(820:29) RPAREN: )
(821:0) LPAREN: (
(821:1) IDENTIFIER: define
(821:8) IDENTIFIER: add2xy
(821:15) LPAREN: (
(821:16) IDENTIFIER: lambda
(821:23) LPAREN: (
(821:24) IDENTIFIER: x
(821:26) IDENTIFIER: y
(821:27) RPAREN: )
(821:29) LPAREN: (
(821:30) IDENTIFIER: addx
(821:35) LPAREN: (
(821:36) IDENTIFIER: +
(821:38) IDENTIFIER: x
(821:40) IDENTIFIER: x
(821:41) RPAREN: )
(821:42) RPAREN: )
(821:43) RPAREN: )
(821:44) RPAREN: )
(822:0) LPAREN: (
(822:1) IDENTIFIER: add2xy
(822:8) NUMBER: 3
(822:10) NUMBER: 7
(822:11) RPAREN: )
(831:0) LPAREN: (
(831:1) IDENTIFIER: define
(831:8) LPAREN: (
(831:9) IDENTIFIER: len
(831:13) IDENTIFIER: s
(831:14) RPAREN: )
(832:2) LPAREN: (
(832:3) IDENTIFIER: if
(832:6) LPAREN: (
(832:7) IDENTIFIER: eq?
(832:11) IDENTIFIER: s
(832:13) QUOTE: '
(832:14) LPAREN: (
(832:15) RPAREN: )
(832:16) RPAREN: )
(833:4) NUMBER: 0
(834:4) LPAREN: (
(834:5) IDENTIFIER: +
(834:7) NUMBER: 1
(834:9) LPAREN: (
(834:10) IDENTIFIER: len
(834:14) LPAREN: (
(834:15) IDENTIFIER: cdr
(834:19) IDENTIFIER: s
(834:20) RPAREN: )
(834:21) RPAREN: )
(834:22) RPAREN: )
(834:23) RPAREN: )
(834:24) RPAREN: )
(835:0) LPAREN: (
(835:1) IDENTIFIER: len
(835:5) QUOTE: '
(835:6) LPAREN: (
(835:7) NUMBER: 1
(835:9) NUMBER: 2
(835:11) NUMBER: 3
(835:13) NUMBER: 4
(835:14) RPAREN: )
(835:15) RPAREN: )
(845:0) LPAREN: (
(845:1) IDENTIFIER: define
(845:8) LPAREN: (
(845:9) IDENTIFIER: sum
(845:13) IDENTIFIER: n
(845:15) IDENTIFIER: total
(845:20) RPAREN: )
(846:2) LPAREN: (
(846:3) IDENTIFIER: if
(846:6) LPAREN: (
(846:7) IDENTIFIER: zero?
(846:13) IDENTIFIER: n
(846:14) RPAREN: )
(846:16) IDENTIFIER: total
(847:4) LPAREN: (
(847:5) IDENTIFIER: sum
(847:9) LPAREN: (
(847:10) IDENTIFIER: -
(847:12) IDENTIFIER: n
(847:14) NUMBER: 1
(847:15) RPAREN: )
(847:17) LPAREN: (
(847:18) IDENTIFIER: +
(847:20) IDENTIFIER: n
(847:22) IDENTIFIER: total
(847:27) RPAREN: )
(847:28) RPAREN: )
(847:29) RPAREN: )
(847:30) RPAREN: )
(848:0) LPAREN: (
(848:1) IDENTIFIER: sum
(848:5) NUMBER: 1001
(848:10) NUMBER: 0
(848:11) RPAREN: )
(851:0) LPAREN: (
(851:1) IDENTIFIER: exit
(851:5) RPAREN: )
(852:0) EOF: 
