(24:0) LPAREN: (
(24:1) IDENTIFIER: define
(24:8) IDENTIFIER: tau
(24:12) LPAREN: (
(24:13) IDENTIFIER: *
(24:15) NUMBER: 2
(24:17) NUMBER: 3.1415926
(24:26) RPAREN: )
(24:27) RPAREN: )
(27:0) LPAREN: (
(27:1) IDENTIFIER: define
(27:8) LPAREN: (
(27:9) IDENTIFIER: f
(27:11) IDENTIFIER: x
(27:12) RPAREN: )
(27:14) LPAREN: (
(27:15) IDENTIFIER: *
(27:17) IDENTIFIER: x
(27:19) NUMBER: 2
(27:20) RPAREN: )
(27:21) RPAREN: )
(30:0) LPAREN: (
(30:1) IDENTIFIER: define
(30:8) LPAREN: (
(30:9) IDENTIFIER: deep-map
(30:18) IDENTIFIER: fn
(30:21) IDENTIFIER: s
(30:22) RPAREN: )
(31:2) LPAREN: (
(31:3) IDENTIFIER: cond
(31:8) LPAREN: (
(31:9) LPAREN: (
(31:10) IDENTIFIER: null?
(31:16) IDENTIFIER: s
(31:17) RPAREN: )
(31:19) QUOTE: '
(31:20) LPAREN: (
(31:21) RPAREN: )
(31:22) RPAREN: )
(32:2) LPAREN: (
(32:3) LPAREN: (
(32:4) IDENTIFIER: list?
(32:10) LPAREN: (
(32:11) IDENTIFIER: car
(32:15) IDENTIFIER: s
(32:16) RPAREN: )
(32:17) RPAREN: )
(33:4) LPAREN: (
(33:5) IDENTIFIER: cons
(33:10) LPAREN: (
(33:11) IDENTIFIER: deep-map
(33:20) IDENTIFIER: fn
(33:23) LPAREN: (
(33:24) IDENTIFIER: car
(33:28) IDENTIFIER: s
(33:29) RPAREN: )
(33:30) RPAREN: )
(34:6) LPAREN: (
(34:7) IDENTIFIER: deep-map
(34:16) IDENTIFIER: fn
(34:19) LPAREN: (
(34:20) IDENTIFIER: cdr
(34:24) IDENTIFIER: s
(34:25) RPAREN: )
(34:26) RPAREN: )
(34:27) RPAREN: )
(34:28) RPAREN: )
(35:6) LPAREN: (
(35:7) IDENTIFIER: else
(35:12) LPAREN: (
(35:13) IDENTIFIER: cons
(35:18) LPAREN: (
(35:19) IDENTIFIER: fn
(35:22) LPAREN: (
(35:23) IDENTIFIER: car
(35:27) IDENTIFIER: s
(35:28) RPAREN: )
(35:29) RPAREN: )
(36:4) LPAREN: (
(36:5) IDENTIFIER: deep-map
(36:14) IDENTIFIER: fn
(36:17) LPAREN: (
(36:18) IDENTIFIER: cdr
(36:22) IDENTIFIER: s
(36:23) RPAREN: )
(36:24) RPAREN: )
(36:25) RPAREN: )
(36:26) RPAREN: )
(36:27) RPAREN: )
(36:28) RPAREN: )
(39:0) LPAREN: (
(39:1) IDENTIFIER: define
(39:8) LPAREN: (
(39:9) IDENTIFIER: square
(39:16) IDENTIFIER: x
(39:17) RPAREN: )
(39:19) LPAREN: (
(39:20) IDENTIFIER: *
(39:22) IDENTIFIER: x
(39:24) IDENTIFIER: x
(39:25) RPAREN: )
(39:26) RPAREN: )
(42:0) LPAREN: (
(42:1) IDENTIFIER: deep-map
(42:10) IDENTIFIER: square
(42:17) QUOTE: '
(42:18) LPAREN: (
(42:19) NUMBER: 1
(42:21) NUMBER: 2
(42:23) LPAREN: (
(42:24) NUMBER: 3
(42:26) NUMBER: 4
(42:29) LPAREN: (
(42:30) NUMBER: 5
(42:33) NUMBER: 6
(42:34) RPAREN: )
(42:37) LPAREN: (
(42:38) LPAREN: (
(42:39) NUMBER: 7
(42:40) RPAREN: )
(42:41) RPAREN: )
(42:44) NUMBER: 8
(42:45) RPAREN: )
(42:48) LPAREN: (
(42:49) NUMBER: 9
(42:52) NUMBER: 10
(42:54) RPAREN: )
(42:55) RPAREN: )
(42:56) RPAREN: )
(45:0) LPAREN: (
(45:1) IDENTIFIER: define
(45:8) IDENTIFIER: x
(45:10) NUMBER: 15
(45:12) RPAREN: )
(48:0) LPAREN: (
(48:1) IDENTIFIER: define
(48:8) IDENTIFIER: y
(48:10) LPAREN: (
(48:11) IDENTIFIER: *
(48:13) NUMBER: 2
(48:15) IDENTIFIER: x
(48:16) RPAREN: )
(48:17) RPAREN: )
(51:0) LPAREN: (
(51:1) IDENTIFIER: +
(51:3) IDENTIFIER: y
(51:5) LPAREN: (
(51:6) IDENTIFIER: *
(51:8) IDENTIFIER: y
(51:10) NUMBER: 2
(51:11) RPAREN: )
(51:13) NUMBER: 1
(51:14) RPAREN: )
(55:0) QUOTE: '
(55:1) LPAREN: (
(55:2) NUMBER: 1
(55:4) LPAREN: (
(55:5) NUMBER: 2
(55:7) IDENTIFIER: three
(55:13) DOT: .
(55:15) LPAREN: (
(55:16) NUMBER: 4
(55:18) DOT: .
(55:20) NUMBER: 5
(55:21) RPAREN: )
(55:22) RPAREN: )
(55:23) RPAREN: )
(58:0) LPAREN: (
(58:1) IDENTIFIER: eval
(58:6) LPAREN: (
(58:7) IDENTIFIER: cons
(58:12) QUOTE: '
(58:13) IDENTIFIER: car
(58:17) QUOTE: '
(58:18) LPAREN: (
(58:19) QUOTE: '
(58:20) LPAREN: (
(58:21) NUMBER: 1
(58:23) NUMBER: 2
(58:24) RPAREN: )
(58:25) RPAREN: )
(58:26) RPAREN: )
(58:27) RPAREN: )
(61:0) QUOTE: '
(61:1) LPAREN: (
(61:2) NUMBER: 1
(61:4) NUMBER: 2
(61:5) RPAREN: )
(66:0) LPAREN: (
(66:1) IDENTIFIER: begin
(66:7) LPAREN: (
(66:8) IDENTIFIER: print
(66:14) NUMBER: 3
(66:15) RPAREN: )
(66:17) QUOTE: '
(66:18) LPAREN: (
(66:19) IDENTIFIER: +
(66:21) NUMBER: 2
(66:23) NUMBER: 3
(66:24) RPAREN: )
(66:25) RPAREN: )
(69:0) LPAREN: (
(69:1) IDENTIFIER: define
(69:8) IDENTIFIER: x
(69:10) LPAREN: (
(69:11) IDENTIFIER: begin
(69:17) LPAREN: (
(69:18) IDENTIFIER: display
(69:26) NUMBER: 3
(69:27) RPAREN: )
(69:29) LPAREN: (
(69:30) IDENTIFIER: newline
(69:37) RPAREN: )
(69:39) LPAREN: (
(69:40) IDENTIFIER: +
(69:42) NUMBER: 2
(69:44) NUMBER: 3
(69:45) RPAREN: )
(69:46) RPAREN: )
(69:47) RPAREN: )
(72:0) LPAREN: (
(72:1) IDENTIFIER: +
(72:3) IDENTIFIER: x
(72:5) NUMBER: 5
(72:6) RPAREN: )
(75:0) LPAREN: (
(75:1) IDENTIFIER: define
(75:8) IDENTIFIER: x
(75:10) NUMBER: 0
(75:11) RPAREN: )
(78:0) LPAREN: (
(78:1) IDENTIFIER: begin
(78:7) LPAREN: (
(78:8) IDENTIFIER: define
(78:15) IDENTIFIER: x
(78:17) NUMBER: 5
(78:18) RPAREN: )
(79:7) LPAREN: (
(79:8) IDENTIFIER: +
(79:10) IDENTIFIER: x
(79:12) NUMBER: 1
(79:13) RPAREN: )
(79:14) RPAREN: )
(85:0) LPAREN: (
(85:1) IDENTIFIER: let
(85:5) LPAREN: (
(85:6) LPAREN: (
(85:7) IDENTIFIER: x
(85:9) NUMBER: 42
(85:11) RPAREN: )
(85:12) RPAREN: )
(85:14) IDENTIFIER: x
(85:16) NUMBER: 1
(85:18) NUMBER: 2
(85:19) RPAREN: )
(88:0) LPAREN: (
(88:1) IDENTIFIER: let
(88:5) LPAREN: (
(88:6) LPAREN: (
(88:7) IDENTIFIER: a
(88:9) NUMBER: 5
(88:10) RPAREN: )
(88:12) LPAREN: (
(88:13) IDENTIFIER: b
(88:15) NUMBER: 9
(88:16) RPAREN: )
(88:17) RPAREN: )
(89:2) LPAREN: (
(89:3) IDENTIFIER: let
(89:7) LPAREN: (
(89:8) LPAREN: (
(89:9) IDENTIFIER: c
(89:11) LPAREN: (
(89:12) IDENTIFIER: *
(89:14) IDENTIFIER: a
(89:16) IDENTIFIER: b
(89:17) RPAREN: )
(89:18) RPAREN: )
(89:19) RPAREN: )
(90:4) IDENTIFIER: c
(90:5) RPAREN: )
(90:6) RPAREN: )
(93:0) LPAREN: (
(93:1) IDENTIFIER: let
(93:5) LPAREN: (
(93:6) LPAREN: (
(93:7) IDENTIFIER: a
(93:9) LPAREN: (
(93:10) IDENTIFIER: lambda
(93:17) LPAREN: (
(93:18) IDENTIFIER: x
(93:20) IDENTIFIER: y
(93:21) RPAREN: )
(93:23) LPAREN: (
(93:24) IDENTIFIER: +
(93:26) IDENTIFIER: x
(93:28) IDENTIFIER: y
(93:29) RPAREN: )
(93:30) RPAREN: )
(93:31) RPAREN: )
(93:33) LPAREN: (
(93:34) IDENTIFIER: b
(93:36) NUMBER: 5
(93:37) RPAREN: )
(93:39) LPAREN: (
(93:40) IDENTIFIER: c
(93:42) NUMBER: 7
(93:43) RPAREN: )
(93:44) RPAREN: )
(94:2) LPAREN: (
(94:3) IDENTIFIER: a
(94:5) IDENTIFIER: b
(94:7) IDENTIFIER: c
(94:8) RPAREN: )
(94:9) RPAREN: )
(97:0) LPAREN: (
(97:1) IDENTIFIER: let
(97:5) LPAREN: (
(97:6) LPAREN: (
(97:7) IDENTIFIER: a
(97:9) LPAREN: (
(97:10) IDENTIFIER: lambda
(97:17) LPAREN: (
(97:18) IDENTIFIER: x
(97:20) IDENTIFIER: y
(97:21) RPAREN: )
(97:23) LPAREN: (
(97:24) IDENTIFIER: *
(97:26) IDENTIFIER: x
(97:28) IDENTIFIER: y
(97:29) RPAREN: )
(97:30) RPAREN: )
(97:31) RPAREN: )
(97:33) LPAREN: (
(97:34) IDENTIFIER: b
(97:36) NUMBER: 5
(97:37) RPAREN: )
(97:39) LPAREN: (
(97:40) IDENTIFIER: c
(97:42) NUMBER: 7
(97:43) RPAREN: )
(97:44) RPAREN: )
(98:2) LPAREN: (
(98:3) IDENTIFIER: a
(98:5) IDENTIFIER: b
(98:7) IDENTIFIER: c
(98:8) RPAREN: )
(98:9) RPAREN: )
(101:0) LPAREN: (
(101:1) IDENTIFIER: let
(101:5) LPAREN: (
(101:6) LPAREN: (
(101:7) IDENTIFIER: x
(101:9) NUMBER: 2
(101:10) RPAREN: )
(101:12) LPAREN: (
(101:13) IDENTIFIER: y
(101:15) NUMBER: 3
(101:16) RPAREN: )
(101:17) RPAREN: )
(102:2) LPAREN: (
(102:3) IDENTIFIER: let
(102:7) LPAREN: (
(102:8) LPAREN: (
(102:9) IDENTIFIER: x
(102:11) NUMBER: 7
(102:12) RPAREN: )
(103:8) LPAREN: (
(103:9) IDENTIFIER: z
(103:11) LPAREN: (
(103:12) IDENTIFIER: +
(103:14) IDENTIFIER: x
(103:16) IDENTIFIER: y
(103:17) RPAREN: )
(103:18) RPAREN: )
(103:19) RPAREN: )
(104:4) LPAREN: (
(104:5) IDENTIFIER: *
(104:7) IDENTIFIER: z
(104:9) IDENTIFIER: x
(104:10) RPAREN: )
(104:11) RPAREN: )
(104:12) RPAREN: )
(107:0) LPAREN: (
(107:1) IDENTIFIER: let
(107:5) LPAREN: (
(107:6) LPAREN: (
(107:7) IDENTIFIER: x
(107:9) NUMBER: 2
(107:10) RPAREN: )
(107:12) LPAREN: (
(107:13) IDENTIFIER: y
(107:15) NUMBER: 3
(107:16) RPAREN: )
(107:17) RPAREN: )
(108:2) LPAREN: (
(108:3) IDENTIFIER: let
(108:7) LPAREN: (
(108:8) LPAREN: (
(108:9) IDENTIFIER: x
(108:11) NUMBER: 7
(108:12) RPAREN: )
(109:9) LPAREN: (
(109:10) IDENTIFIER: z
(109:12) LPAREN: (
(109:13) IDENTIFIER: *
(109:15) IDENTIFIER: x
(109:17) IDENTIFIER: y
(109:18) RPAREN: )
(109:19) RPAREN: )
(109:20) RPAREN: )
(110:4) LPAREN: (
(110:5) IDENTIFIER: +
(110:7) IDENTIFIER: z
(110:9) IDENTIFIER: x
(110:10) RPAREN: )
(110:11) RPAREN: )
(110:12) RPAREN: )
(113:0) LPAREN: (
(113:1) IDENTIFIER: let
(113:5) LPAREN: (
(113:6) LPAREN: (
(113:7) IDENTIFIER: x
(113:9) QUOTE: '
(113:10) LPAREN: (
(113:11) NUMBER: 1
(113:13) NUMBER: 3
(113:15) NUMBER: 5
(113:17) NUMBER: 7
(113:19) NUMBER: 9
(113:20) RPAREN: )
(113:21) RPAREN: )
(113:22) RPAREN: )
(114:2) LPAREN: (
(114:3) IDENTIFIER: +
(114:5) LPAREN: (
(114:6) IDENTIFIER: car
(114:10) IDENTIFIER: x
(114:11) RPAREN: )
(114:13) LPAREN: (
(114:14) IDENTIFIER: car
(114:17) LPAREN: (
(114:18) IDENTIFIER: cdr
(114:22) IDENTIFIER: x
(114:23) RPAREN: )
(114:24) RPAREN: )
(114:25) RPAREN: )
(115:2) RPAREN: )
(119:0) LPAREN: (
(119:1) LPAREN: (
(119:2) IDENTIFIER: lambda
(119:9) LPAREN: (
(119:10) IDENTIFIER: a
(119:12) IDENTIFIER: b
(119:13) RPAREN: )
(119:15) LPAREN: (
(119:16) IDENTIFIER: +
(119:18) LPAREN: (
(119:19) IDENTIFIER: *
(119:21) NUMBER: 2
(119:23) IDENTIFIER: a
(119:24) RPAREN: )
(119:26) IDENTIFIER: b
(119:27) RPAREN: )
(119:28) RPAREN: )
(119:30) NUMBER: 5
(119:32) NUMBER: 6
(119:33) RPAREN: )
(122:0) LPAREN: (
(122:1) IDENTIFIER: define
(122:8) IDENTIFIER: fac
(122:12) LPAREN: (
(122:13) IDENTIFIER: lambda
(122:20) LPAREN: (
(122:21) IDENTIFIER: n
(122:22) RPAREN: )
(123:2) LPAREN: (
(123:3) IDENTIFIER: if
(123:6) LPAREN: (
(123:7) IDENTIFIER: =
(123:9) IDENTIFIER: n
(123:11) NUMBER: 0
(123:12) RPAREN: )
(124:4) NUMBER: 1
(125:4) LPAREN: (
(125:5) IDENTIFIER: *
(125:7) IDENTIFIER: n
(125:9) LPAREN: (
(125:10) IDENTIFIER: fac
(125:14) LPAREN: (
(125:15) IDENTIFIER: -
(125:17) IDENTIFIER: n
(125:19) NUMBER: 1
(125:20) RPAREN: )
(125:21) RPAREN: )
(125:22) RPAREN: )
(125:23) RPAREN: )
(125:24) RPAREN: )
(125:25) RPAREN: )
(128:0) LPAREN: (
(128:1) IDENTIFIER: fac
(128:5) NUMBER: 4
(128:6) RPAREN: )
(131:0) LPAREN: (
(131:1) IDENTIFIER: define
(131:8) IDENTIFIER: gcd
(132:4) LPAREN: (
(132:5) IDENTIFIER: lambda
(132:12) LPAREN: (
(132:13) IDENTIFIER: a
(132:15) IDENTIFIER: b
(132:16) RPAREN: )
(133:8) LPAREN: (
(133:9) IDENTIFIER: if
(133:12) LPAREN: (
(133:13) IDENTIFIER: =
(133:15) IDENTIFIER: a
(133:17) IDENTIFIER: b
(133:18) RPAREN: )
(134:10) IDENTIFIER: a
(135:10) LPAREN: (
(135:11) IDENTIFIER: if
(135:14) LPAREN: (
(135:15) IDENTIFIER: >
(135:17) IDENTIFIER: a
(135:19) IDENTIFIER: b
(135:20) RPAREN: )
(135:22) LPAREN: (
(135:23) IDENTIFIER: gcd
(135:27) LPAREN: (
(135:28) IDENTIFIER: -
(135:30) IDENTIFIER: a
(135:32) IDENTIFIER: b
(135:33) RPAREN: )
(135:35) IDENTIFIER: b
(135:36) RPAREN: )
(135:38) LPAREN: (
(135:39) IDENTIFIER: gcd
(135:43) IDENTIFIER: a
(135:45) LPAREN: (
(135:46) IDENTIFIER: -
(135:48) IDENTIFIER: b
(135:50) IDENTIFIER: a
(135:51) RPAREN: )
(135:52) RPAREN: )
(135:53) RPAREN: )
(135:54) RPAREN: )
(135:55) RPAREN: )
(135:56) RPAREN: )
(138:0) LPAREN: (
(138:1) IDENTIFIER: gcd
(138:5) NUMBER: 51
(138:8) NUMBER: 17
(138:10) RPAREN: )
(142:0) LPAREN: (
(142:1) IDENTIFIER: define
(142:8) IDENTIFIER: f
(142:10) LPAREN: (
(142:11) IDENTIFIER: mu
(142:14) LPAREN: (
(142:15) IDENTIFIER: b
(142:16) RPAREN: )
(142:18) LPAREN: (
(142:19) IDENTIFIER: +
(142:21) IDENTIFIER: a
(142:23) IDENTIFIER: b
(142:24) RPAREN: )
(142:25) RPAREN: )
(142:26) RPAREN: )
(145:0) LPAREN: (
(145:1) IDENTIFIER: define
(145:8) IDENTIFIER: g
(145:10) LPAREN: (
(145:11) IDENTIFIER: lambda
(145:18) LPAREN: (
(145:19) IDENTIFIER: a
(145:21) IDENTIFIER: b
(145:22) RPAREN: )
(145:24) LPAREN: (
(145:25) IDENTIFIER: f
(145:27) LPAREN: (
(145:28) IDENTIFIER: +
(145:30) IDENTIFIER: a
(145:32) IDENTIFIER: b
(145:33) RPAREN: )
(145:34) RPAREN: )
(145:35) RPAREN: )
(145:36) RPAREN: )
(148:0) LPAREN: (
(148:1) IDENTIFIER: g
(148:3) NUMBER: 5
(148:5) NUMBER: 6
(148:6) RPAREN: )
(151:0) LPAREN: (
(151:1) IDENTIFIER: define
(151:8) IDENTIFIER: f
(151:10) LPAREN: (
(151:11) IDENTIFIER: mu
(151:14) LPAREN: (
(151:15) IDENTIFIER: b
(151:16) RPAREN: )
(151:18) LPAREN: (
(151:19) IDENTIFIER: *
(151:21) IDENTIFIER: a
(151:23) IDENTIFIER: b
(151:24) RPAREN: )
(151:25) RPAREN: )
(151:26) RPAREN: )
(154:0) LPAREN: (
(154:1) IDENTIFIER: define
(154:8) IDENTIFIER: g
(154:10) LPAREN: (
(154:11) IDENTIFIER: lambda
(154:18) LPAREN: (
(154:19) IDENTIFIER: a
(154:21) IDENTIFIER: b
(154:22) RPAREN: )
(154:24) LPAREN: (
(154:25) IDENTIFIER: f
(154:27) LPAREN: (
(154:28) IDENTIFIER: -
(154:30) IDENTIFIER: a
(154:32) IDENTIFIER: b
(154:33) RPAREN: )
(154:34) RPAREN: )
(154:35) RPAREN: )
(154:36) RPAREN: )
(157:0) LPAREN: (
(157:1) IDENTIFIER: g
(157:3) NUMBER: 2
(157:5) NUMBER: 9
(157:6) RPAREN: )
(160:0) LPAREN: (
(160:1) IDENTIFIER: define
(160:8) IDENTIFIER: f
(160:10) LPAREN: (
(160:11) IDENTIFIER: mu
(160:14) LPAREN: (
(160:15) IDENTIFIER: b
(160:16) RPAREN: )
(160:18) LPAREN: (
(160:19) IDENTIFIER: /
(160:21) IDENTIFIER: a
(160:23) IDENTIFIER: b
(160:24) RPAREN: )
(160:25) RPAREN: )
(160:26) RPAREN: )
(163:0) LPAREN: (
(163:1) IDENTIFIER: define
(163:8) IDENTIFIER: g
(163:10) LPAREN: (
(163:11) IDENTIFIER: lambda
(163:18) LPAREN: (
(163:19) IDENTIFIER: a
(163:21) IDENTIFIER: b
(163:22) RPAREN: )
(163:24) LPAREN: (
(163:25) IDENTIFIER: f
(163:27) LPAREN: (
(163:28) IDENTIFIER: +
(163:30) IDENTIFIER: a
(163:32) IDENTIFIER: b
(163:33) RPAREN: )
(163:34) RPAREN: )
(163:35) RPAREN: )
(163:36) RPAREN: )
(166:0) LPAREN: (
(166:1) IDENTIFIER: g
(166:3) NUMBER: 0
(166:5) NUMBER: 1
(166:6) RPAREN: )
(169:0) LPAREN: (
(169:1) IDENTIFIER: define
(169:8) IDENTIFIER: f
(169:10) LPAREN: (
(169:11) IDENTIFIER: mu
(169:14) LPAREN: (
(169:15) IDENTIFIER: b
(169:16) RPAREN: )
(169:18) LPAREN: (
(169:19) IDENTIFIER: <
(169:21) IDENTIFIER: a
(169:23) IDENTIFIER: b
(169:24) RPAREN: )
(169:25) RPAREN: )
(169:26) RPAREN: )
(172:0) LPAREN: (
(172:1) IDENTIFIER: define
(172:8) IDENTIFIER: g
(172:10) LPAREN: (
(172:11) IDENTIFIER: lambda
(172:18) LPAREN: (
(172:19) IDENTIFIER: a
(172:21) IDENTIFIER: b
(172:22) RPAREN: )
(172:24) LPAREN: (
(172:25) IDENTIFIER: f
(172:27) LPAREN: (
(172:28) IDENTIFIER: +
(172:30) IDENTIFIER: a
(172:32) IDENTIFIER: b
(172:33) RPAREN: )
(172:34) RPAREN: )
(172:35) RPAREN: )
(172:36) RPAREN: )
(175:0) LPAREN: (
(175:1) IDENTIFIER: g
(175:3) NUMBER: 4
(175:5) NUMBER: 6
(175:6) RPAREN: )
(181:0) LPAREN: (
(181:1) IDENTIFIER: define
(181:8) IDENTIFIER: three
(181:14) NUMBER: 3
(181:15) RPAREN: )
(184:0) LPAREN: (
(184:1) IDENTIFIER: define
(184:8) IDENTIFIER: four
(184:13) NUMBER: 4
(184:14) RPAREN: )
(187:0) LPAREN: (
(187:1) IDENTIFIER: +
(187:3) IDENTIFIER: three
(187:9) IDENTIFIER: four
(187:13) RPAREN: )
(190:0) LPAREN: (
(190:1) IDENTIFIER: define
(190:8) LPAREN: (
(190:9) IDENTIFIER: substitute
(190:20) IDENTIFIER: s
(190:22) IDENTIFIER: old
(190:26) IDENTIFIER: new
(190:29) RPAREN: )
(191:2) LPAREN: (
(191:3) IDENTIFIER: cond
(192:3) LPAREN: (
(192:4) LPAREN: (
(192:5) IDENTIFIER: null?
(192:11) IDENTIFIER: s
(192:12) RPAREN: )
(192:14) IDENTIFIER: nil
(192:17) RPAREN: )
(193:3) LPAREN: (
(193:4) LPAREN: (
(193:5) IDENTIFIER: list?
(193:11) LPAREN: (
(193:12) IDENTIFIER: car
(193:16) IDENTIFIER: s
(193:17) RPAREN: )
(193:18) RPAREN: )
(193:20) LPAREN: (
(193:21) IDENTIFIER: cons
(193:26) LPAREN: (
(193:27) IDENTIFIER: substitute
(193:38) LPAREN: (
(193:39) IDENTIFIER: car
(193:43) IDENTIFIER: s
(193:44) RPAREN: )
(193:46) IDENTIFIER: old
(193:50) IDENTIFIER: new
(193:53) RPAREN: )
(193:55) LPAREN: (
(193:56) IDENTIFIER: substitute
(193:67) LPAREN: (
(193:68) IDENTIFIER: cdr
(193:72) IDENTIFIER: s
(193:73) RPAREN: )
(193:75) IDENTIFIER: old
(193:79) IDENTIFIER: new
(193:82) RPAREN: )
(193:83) RPAREN: )
(193:84) RPAREN: )
(194:3) LPAREN: (
(194:4) LPAREN: (
(194:5) IDENTIFIER: eq?
(194:9) LPAREN: (
(194:10) IDENTIFIER: car
(194:14) IDENTIFIER: s
(194:15) RPAREN: )
(194:17) IDENTIFIER: old
(194:20) RPAREN: )
(194:22) LPAREN: (
(194:23) IDENTIFIER: cons
(194:28) IDENTIFIER: new
(194:32) LPAREN: (
(194:33) IDENTIFIER: substitute
(194:44) LPAREN: (
(194:45) IDENTIFIER: cdr
(194:49) IDENTIFIER: s
(194:50) RPAREN: )
(194:52) IDENTIFIER: old
(194:56) IDENTIFIER: new
(194:59) RPAREN: )
(194:60) RPAREN: )
(194:61) RPAREN: )
(195:3) LPAREN: (
(195:4) IDENTIFIER: else
(195:9) LPAREN: (
(195:10) IDENTIFIER: cons
(195:15) LPAREN: (
(195:16) IDENTIFIER: car
(195:20) IDENTIFIER: s
(195:21) RPAREN: )
(195:23) LPAREN: (
(195:24) IDENTIFIER: substitute
(195:35) LPAREN: (
(195:36) IDENTIFIER: cdr
(195:40) IDENTIFIER: s
(195:41) RPAREN: )
(195:43) IDENTIFIER: old
(195:47) IDENTIFIER: new
(195:50) RPAREN: )
(195:51) RPAREN: )
(195:52) RPAREN: )
(195:53) RPAREN: )
(196:0) RPAREN: )
(199:0) LPAREN: (
(199:1) IDENTIFIER: substitute
(199:12) QUOTE: '
(199:13) LPAREN: (
(199:14) LPAREN: (
(199:15) IDENTIFIER: lead
(199:20) IDENTIFIER: guitar
(199:26) RPAREN: )
(199:28) LPAREN: (
(199:29) IDENTIFIER: bass
(199:34) IDENTIFIER: guitar
(199:40) RPAREN: )
(199:42) LPAREN: (
(199:43) IDENTIFIER: rhythm
(199:50) IDENTIFIER: guitar
(199:56) RPAREN: )
(199:58) IDENTIFIER: drums
(199:63) RPAREN: )
(200:29) QUOTE: '
(200:30) IDENTIFIER: guitar
(200:37) QUOTE: '
(200:38) IDENTIFIER: axe
(200:41) RPAREN: )
(203:0) LPAREN: (
(203:1) IDENTIFIER: define
(203:8) LPAREN: (
(203:9) IDENTIFIER: substitute-list
(203:25) IDENTIFIER: s
(203:27) IDENTIFIER: olds
(203:32) IDENTIFIER: news
(203:36) RPAREN: )
(204:2) LPAREN: (
(204:3) IDENTIFIER: cond
(205:3) LPAREN: (
(205:4) LPAREN: (
(205:5) IDENTIFIER: null?
(205:11) LPAREN: (
(205:12) IDENTIFIER: cdr
(205:16) IDENTIFIER: olds
(205:20) RPAREN: )
(205:21) RPAREN: )
(205:23) LPAREN: (
(205:24) IDENTIFIER: substitute
(205:35) IDENTIFIER: s
(205:37) LPAREN: (
(205:38) IDENTIFIER: car
(205:42) IDENTIFIER: olds
(205:46) RPAREN: )
(205:48) LPAREN: (
(205:49) IDENTIFIER: car
(205:53) IDENTIFIER: news
(205:57) RPAREN: )
(205:58) RPAREN: )
(205:59) RPAREN: )
(206:3) LPAREN: (
(206:4) IDENTIFIER: else
(207:4) LPAREN: (
(207:5) IDENTIFIER: substitute-list
(207:21) LPAREN: (
(207:22) IDENTIFIER: substitute
(207:33) IDENTIFIER: s
(207:35) LPAREN: (
(207:36) IDENTIFIER: car
(207:40) IDENTIFIER: olds
(207:44) RPAREN: )
(207:46) LPAREN: (
(207:47) IDENTIFIER: car
(207:51) IDENTIFIER: news
(207:55) RPAREN: )
(207:56) RPAREN: )
(207:58) LPAREN: (
(207:59) IDENTIFIER: cdr
(207:63) IDENTIFIER: olds
(207:67) RPAREN: )
(207:69) LPAREN: (
(207:70) IDENTIFIER: cdr
(207:74) IDENTIFIER: news
(207:78) RPAREN: )
(207:79) RPAREN: )
(207:80) RPAREN: )
(207:81) RPAREN: )
(208:2) RPAREN: )
(211:0) LPAREN: (
(211:1) IDENTIFIER: substitute-list
(212:18) QUOTE: '
(212:19) LPAREN: (
(212:20) LPAREN: (
(212:21) NUMBER: 4
(212:23) IDENTIFIER: calling
(212:31) IDENTIFIER: birds
(212:36) RPAREN: )
(212:38) LPAREN: (
(212:39) NUMBER: 3
(212:41) IDENTIFIER: french
(212:48) IDENTIFIER: hens
(212:52) RPAREN: )
(212:54) LPAREN: (
(212:55) NUMBER: 2
(212:57) IDENTIFIER: turtle
(212:64) IDENTIFIER: doves
(212:69) RPAREN: )
(212:70) RPAREN: )
(213:18) QUOTE: '
(213:19) LPAREN: (
(213:20) NUMBER: 1
(213:22) NUMBER: 2
(213:24) NUMBER: 3
(213:26) NUMBER: 4
(213:27) RPAREN: )
(214:18) QUOTE: '
(214:19) LPAREN: (
(214:20) IDENTIFIER: one
(214:24) IDENTIFIER: two
(214:28) IDENTIFIER: three
(214:34) IDENTIFIER: four
(214:38) RPAREN: )
(214:39) RPAREN: )
(218:0) LPAREN: (
(218:1) IDENTIFIER: if
(218:4) LPAREN: (
(218:5) IDENTIFIER: =
(218:7) NUMBER: 4
(218:9) NUMBER: 4
(218:10) RPAREN: )
(218:12) LPAREN: (
(218:13) IDENTIFIER: *
(218:15) NUMBER: 1
(218:17) NUMBER: 2
(218:18) RPAREN: )
(218:20) LPAREN: (
(218:21) IDENTIFIER: +
(218:23) NUMBER: 3
(218:25) NUMBER: 4
(218:26) RPAREN: )
(218:27) RPAREN: )
(221:0) LPAREN: (
(221:1) IDENTIFIER: if
(221:4) IDENTIFIER: nil
(221:8) NUMBER: 1
(221:10) NUMBER: 0
(221:11) RPAREN: )
(224:0) LPAREN: (
(224:1) IDENTIFIER: if
(224:4) NUMBER: 0
(224:6) NUMBER: 1
(224:8) NUMBER: 2
(224:9) RPAREN: )
(227:0) LPAREN: (
(227:1) IDENTIFIER: if
(227:4) LPAREN: (
(227:5) NUMBER: 1
(227:6) IDENTIFIER: /0
(227:8) RPAREN: )
(227:10) NUMBER: 0
(227:12) NUMBER: 1
(227:13) RPAREN: )
(231:1) LPAREN: (
(231:2) IDENTIFIER: or
(231:5) LPAREN: (
(231:6) IDENTIFIER: =
(231:8) NUMBER: 2
(231:10) NUMBER: 2
(231:11) RPAREN: )
(231:13) LPAREN: (
(231:14) IDENTIFIER: >
(231:16) NUMBER: 2
(231:18) NUMBER: 1
(231:19) RPAREN: )
(231:20) RPAREN: )
(234:1) LPAREN: (
(234:2) IDENTIFIER: or
(234:5) BOOL: #f
(234:8) BOOL: #f
(234:11) BOOL: #f
(234:13) RPAREN: )
(237:1) LPAREN: (
(237:2) IDENTIFIER: or
(237:5) BOOL: #f
(237:8) BOOL: #t
(237:11) BOOL: #f
(237:13) RPAREN: )
(240:1) LPAREN: (
(240:2) IDENTIFIER: or
(240:5) BOOL: #t
(240:8) BOOL: #t
(240:11) BOOL: #t
(240:13) RPAREN: )
(243:1) LPAREN: (
(243:2) IDENTIFIER: or
(243:4) RPAREN: )
(247:0) LPAREN: (
(247:1) IDENTIFIER: and
(247:4) RPAREN: )
(250:0) LPAREN: (
(250:1) IDENTIFIER: and
(250:5) LPAREN: (
(250:6) IDENTIFIER: =
(250:8) NUMBER: 2
(250:10) NUMBER: 2
(250:11) RPAREN: )
(250:13) LPAREN: (
(250:14) IDENTIFIER: =
(250:16) NUMBER: 6
(250:18) LPAREN: (
(250:19) IDENTIFIER: +
(250:21) NUMBER: 3
(250:23) NUMBER: 2
(250:24) RPAREN: )
(250:26) BOOL: #t
(250:28) RPAREN: )
(250:29) RPAREN: )
(253:0) LPAREN: (
(253:1) IDENTIFIER: and
(253:5) BOOL: #t
(253:8) BOOL: #f
(253:11) NUMBER: 42
(253:14) LPAREN: (
(253:15) IDENTIFIER: /
(253:17) NUMBER: 1
(253:19) NUMBER: 0
(253:20) RPAREN: )
(253:21) RPAREN: )
(256:0) LPAREN: (
(256:1) IDENTIFIER: and
(256:5) NUMBER: 4
(256:7) NUMBER: 5
(256:9) LPAREN: (
(256:10) IDENTIFIER: *
(256:12) NUMBER: 6
(256:14) NUMBER: 2
(256:15) RPAREN: )
(256:16) RPAREN: )
(260:0) LPAREN: (
(260:1) IDENTIFIER: cond
(260:6) LPAREN: (
(260:7) LPAREN: (
(260:8) IDENTIFIER: =
(260:10) NUMBER: 4
(260:12) NUMBER: 3
(260:13) RPAREN: )
(260:15) QUOTE: '
(260:16) IDENTIFIER: nope
(260:20) RPAREN: )
(261:11) LPAREN: (
(261:12) LPAREN: (
(261:13) IDENTIFIER: =
(261:15) NUMBER: 4
(261:17) NUMBER: 4
(261:18) RPAREN: )
(261:20) QUOTE: '
(261:21) IDENTIFIER: hi
(261:23) RPAREN: )
(262:11) LPAREN: (
(262:12) IDENTIFIER: else
(262:17) QUOTE: '
(262:18) IDENTIFIER: wait
(262:22) RPAREN: )
(262:23) RPAREN: )
(265:0) LPAREN: (
(265:1) IDENTIFIER: cond
(265:6) LPAREN: (
(265:7) LPAREN: (
(265:8) IDENTIFIER: >
(265:10) NUMBER: 3
(265:12) NUMBER: 3
(265:13) RPAREN: )
(265:15) QUOTE: '
(265:16) IDENTIFIER: greater
(265:23) RPAREN: )
(266:16) LPAREN: (
(266:17) LPAREN: (
(266:18) IDENTIFIER: <
(266:20) NUMBER: 3
(266:22) NUMBER: 3
(266:23) RPAREN: )
(266:25) QUOTE: '
(266:26) IDENTIFIER: less
(266:30) RPAREN: )
(267:16) LPAREN: (
(267:17) IDENTIFIER: else
(267:22) QUOTE: '
(267:23) IDENTIFIER: equal
(267:28) RPAREN: )
(267:29) RPAREN: )
(270:0) LPAREN: (
(270:1) IDENTIFIER: cond
(270:6) LPAREN: (
(270:7) LPAREN: (
(270:8) IDENTIFIER: not
(270:12) IDENTIFIER: nil
(270:15) RPAREN: )
(270:17) QUOTE: '
(270:18) IDENTIFIER: nil_is_false
(270:30) RPAREN: )
(271:6) LPAREN: (
(271:7) LPAREN: (
(271:8) IDENTIFIER: not
(271:12) NUMBER: 0
(271:13) RPAREN: )
(271:15) QUOTE: '
(271:16) IDENTIFIER: zero_is_false
(271:29) RPAREN: )
(272:6) LPAREN: (
(272:7) LPAREN: (
(272:8) IDENTIFIER: not
(272:12) LPAREN: (
(272:13) IDENTIFIER: null?
(272:19) IDENTIFIER: nil
(272:22) RPAREN: )
(272:23) RPAREN: )
(272:25) QUOTE: '
(272:26) IDENTIFIER: nil_is_not_null
(272:41) RPAREN: )
(273:6) LPAREN: (
(273:7) IDENTIFIER: else
(273:12) QUOTE: '
(273:13) IDENTIFIER: all_false
(273:22) RPAREN: )
(274:1) RPAREN: )
(277:0) LPAREN: (
(277:1) IDENTIFIER: cond
(277:6) LPAREN: (
(277:7) IDENTIFIER: else
(277:12) NUMBER: 1
(277:13) RPAREN: )
(278:6) LPAREN: (
(278:7) NUMBER: 1
(278:9) QUOTE: '
(278:10) IDENTIFIER: else_is_wierd
(278:23) RPAREN: )
(279:1) RPAREN: )
(282:0) NUMBER: 10
(285:0) LPAREN: (
(285:1) IDENTIFIER: +
(285:3) NUMBER: 137
(285:7) NUMBER: 349
(285:10) RPAREN: )
(288:0) LPAREN: (
(288:1) IDENTIFIER: -
(288:3) NUMBER: 1000
(288:8) NUMBER: 334
(288:11) RPAREN: )
(291:0) LPAREN: (
(291:1) IDENTIFIER: *
(291:3) NUMBER: 5
(291:5) NUMBER: 99
(291:7) RPAREN: )
(294:0) LPAREN: (
(294:1) IDENTIFIER: /
(294:3) NUMBER: 10
(294:6) NUMBER: 5
(294:7) RPAREN: )
(297:0) LPAREN: (
(297:1) IDENTIFIER: +
(297:3) NUMBER: 2.7
(297:7) NUMBER: 10
(297:9) RPAREN: )
(300:0) LPAREN: (
(300:1) IDENTIFIER: +
(300:3) NUMBER: 21
(300:6) NUMBER: 35
(300:9) NUMBER: 12
(300:12) NUMBER: 7
(300:13) RPAREN: )
(303:0) LPAREN: (
(303:1) IDENTIFIER: *
(303:3) NUMBER: 25
(303:6) NUMBER: 4
(303:8) NUMBER: 12
(303:10) RPAREN: )
(306:0) LPAREN: (
(306:1) IDENTIFIER: +
(306:3) LPAREN: (
(306:4) IDENTIFIER: *
(306:6) NUMBER: 3
(306:8) NUMBER: 5
(306:9) RPAREN: )
(306:11) LPAREN: (
(306:12) IDENTIFIER: -
(306:14) NUMBER: 10
(306:17) NUMBER: 6
(306:18) RPAREN: )
(306:19) RPAREN: )
(309:0) LPAREN: (
(309:1) IDENTIFIER: +
(309:3) LPAREN: (
(309:4) IDENTIFIER: *
(309:6) NUMBER: 3
(309:8) LPAREN: (
(309:9) IDENTIFIER: +
(309:11) LPAREN: (
(309:12) IDENTIFIER: *
(309:14) NUMBER: 2
(309:16) NUMBER: 4
(309:17) RPAREN: )
(309:19) LPAREN: (
(309:20) IDENTIFIER: +
(309:22) NUMBER: 3
(309:24) NUMBER: 5
(309:25) RPAREN: )
(309:26) RPAREN: )
(309:27) RPAREN: )
(309:29) LPAREN: (
(309:30) IDENTIFIER: +
(309:32) LPAREN: (
(309:33) IDENTIFIER: -
(309:35) NUMBER: 10
(309:38) NUMBER: 7
(309:39) RPAREN: )
(309:41) NUMBER: 6
(309:42) RPAREN: )
(309:43) RPAREN: )
(312:0) LPAREN: (
(312:1) IDENTIFIER: +
(312:3) LPAREN: (
(312:4) IDENTIFIER: *
(312:6) NUMBER: 3
(313:6) LPAREN: (
(313:7) IDENTIFIER: +
(313:9) LPAREN: (
(313:10) IDENTIFIER: *
(313:12) NUMBER: 2
(313:14) NUMBER: 4
(313:15) RPAREN: )
(314:9) LPAREN: (
(314:10) IDENTIFIER: +
(314:12) NUMBER: 3
(314:14) NUMBER: 5
(314:15) RPAREN: )
(314:16) RPAREN: )
(314:17) RPAREN: )
(315:3) LPAREN: (
(315:4) IDENTIFIER: +
(315:6) LPAREN: (
(315:7) IDENTIFIER: -
(315:9) NUMBER: 10
(315:12) NUMBER: 7
(315:13) RPAREN: )
(316:6) NUMBER: 6
(316:7) RPAREN: )
(316:8) RPAREN: )
(327:0) LPAREN: (
(327:1) IDENTIFIER: define
(327:8) IDENTIFIER: size
(327:13) NUMBER: 2
(327:14) RPAREN: )
(329:0) IDENTIFIER: size
(332:0) LPAREN: (
(332:1) IDENTIFIER: *
(332:3) NUMBER: 5
(332:5) IDENTIFIER: size
(332:9) RPAREN: )
(335:0) LPAREN: (
(335:1) IDENTIFIER: define
(335:8) IDENTIFIER: pi
(335:11) NUMBER: 3.14159
(335:18) RPAREN: )
(336:0) LPAREN: (
(336:1) IDENTIFIER: define
(336:8) IDENTIFIER: radius
(336:15) NUMBER: 10
(336:17) RPAREN: )
(337:0) LPAREN: (
(337:1) IDENTIFIER: *
(337:3) IDENTIFIER: pi
(337:6) LPAREN: (
(337:7) IDENTIFIER: *
(337:9) IDENTIFIER: radius
(337:16) IDENTIFIER: radius
(337:22) RPAREN: )
(337:23) RPAREN: )
(340:0) LPAREN: (
(340:1) IDENTIFIER: define
(340:8) IDENTIFIER: circumference
(340:22) LPAREN: (
(340:23) IDENTIFIER: *
(340:25) NUMBER: 2
(340:27) IDENTIFIER: pi
(340:30) IDENTIFIER: radius
(340:36) RPAREN: )
(340:37) RPAREN: )
(341:0) IDENTIFIER: circumference
(346:0) LPAREN: (
(346:1) IDENTIFIER: define
(346:8) LPAREN: (
(346:9) IDENTIFIER: square
(346:16) IDENTIFIER: x
(346:17) RPAREN: )
(346:19) LPAREN: (
(346:20) IDENTIFIER: *
(346:22) IDENTIFIER: x
(346:24) IDENTIFIER: x
(346:25) RPAREN: )
(346:26) RPAREN: )
(348:0) LPAREN: (
(348:1) IDENTIFIER: square
(348:8) NUMBER: 21
(348:10) RPAREN: )
(351:0) LPAREN: (
(351:1) IDENTIFIER: define
(351:8) IDENTIFIER: square
(351:15) LPAREN: (
(351:16) IDENTIFIER: lambda
(351:23) LPAREN: (
(351:24) IDENTIFIER: x
(351:25) RPAREN: )
(351:27) LPAREN: (
(351:28) IDENTIFIER: *
(351:30) IDENTIFIER: x
(351:32) IDENTIFIER: x
(351:33) RPAREN: )
(351:34) RPAREN: )
(351:35) RPAREN: )
(352:0) LPAREN: (
(352:1) IDENTIFIER: square
(352:8) NUMBER: 21
(352:10) RPAREN: )
(355:0) LPAREN: (
(355:1) IDENTIFIER: square
(355:8) LPAREN: (
(355:9) IDENTIFIER: +
(355:11) NUMBER: 2
(355:13) NUMBER: 5
(355:14) RPAREN: )
(355:15) RPAREN: )
(358:0) LPAREN: (
(358:1) IDENTIFIER: square
(358:8) LPAREN: (
(358:9) IDENTIFIER: square
(358:16) NUMBER: 3
(358:17) RPAREN: )
(358:18) RPAREN: )
(361:0) LPAREN: (
(361:1) IDENTIFIER: define
(361:8) LPAREN: (
(361:9) IDENTIFIER: sum-of-squares
(361:24) IDENTIFIER: x
(361:26) IDENTIFIER: y
(361:27) RPAREN: )
(362:2) LPAREN: (
(362:3) IDENTIFIER: +
(362:5) LPAREN: (
(362:6) IDENTIFIER: square
(362:13) IDENTIFIER: x
(362:14) RPAREN: )
(362:16) LPAREN: (
(362:17) IDENTIFIER: square
(362:24) IDENTIFIER: y
(362:25) RPAREN: )
(362:26) RPAREN: )
(362:27) RPAREN: )
(363:0) LPAREN: (
(363:1) IDENTIFIER: sum-of-squares
(363:16) NUMBER: 3
(363:18) NUMBER: 4
(363:19) RPAREN: )
(366:0) LPAREN: (
(366:1) IDENTIFIER: define
(366:8) LPAREN: (
(366:9) IDENTIFIER: f
(366:11) IDENTIFIER: a
(366:12) RPAREN: )
(367:2) LPAREN: (
(367:3) IDENTIFIER: sum-of-squares
(367:18) LPAREN: (
(367:19) IDENTIFIER: +
(367:21) IDENTIFIER: a
(367:23) NUMBER: 1
(367:24) RPAREN: )
(367:26) LPAREN: (
(367:27) IDENTIFIER: *
(367:29) IDENTIFIER: a
(367:31) NUMBER: 2
(367:32) RPAREN: )
(367:33) RPAREN: )
(367:34) RPAREN: )
(368:0) LPAREN: (
(368:1) IDENTIFIER: f
(368:3) NUMBER: 5
(368:4) RPAREN: )
(373:0) LPAREN: (
(373:1) IDENTIFIER: define
(373:8) LPAREN: (
(373:9) IDENTIFIER: abs
(373:13) IDENTIFIER: x
(373:14) RPAREN: )
(374:2) LPAREN: (
(374:3) IDENTIFIER: cond
(374:8) LPAREN: (
(374:9) LPAREN: (
(374:10) IDENTIFIER: >
(374:12) IDENTIFIER: x
(374:14) NUMBER: 0
(374:15) RPAREN: )
(374:17) IDENTIFIER: x
(374:18) RPAREN: )
(375:8) LPAREN: (
(375:9) LPAREN: (
(375:10) IDENTIFIER: =
(375:12) IDENTIFIER: x
(375:14) NUMBER: 0
(375:15) RPAREN: )
(375:17) NUMBER: 0
(375:18) RPAREN: )
(376:8) LPAREN: (
(376:9) LPAREN: (
(376:10) IDENTIFIER: <
(376:12) IDENTIFIER: x
(376:14) NUMBER: 0
(376:15) RPAREN: )
(376:17) LPAREN: (
(376:18) IDENTIFIER: -
(376:20) IDENTIFIER: x
(376:21) RPAREN: )
(376:22) RPAREN: )
(376:23) RPAREN: )
(376:24) RPAREN: )
(377:0) LPAREN: (
(377:1) IDENTIFIER: abs
(377:5) NUMBER: -3
(377:7) RPAREN: )
(380:0) LPAREN: (
(380:1) IDENTIFIER: abs
(380:5) NUMBER: 0
(380:6) RPAREN: )
(383:0) LPAREN: (
(383:1) IDENTIFIER: abs
(383:5) NUMBER: 3
(383:6) RPAREN: )
(386:0) LPAREN: (
(386:1) IDENTIFIER: define
(386:8) LPAREN: (
(386:9) IDENTIFIER: a-plus-abs-b
(386:22) IDENTIFIER: a
(386:24) IDENTIFIER: b
(386:25) RPAREN: )
(387:2) LPAREN: (
(387:3) LPAREN: (
(387:4) IDENTIFIER: if
(387:7) LPAREN: (
(387:8) IDENTIFIER: >
(387:10) IDENTIFIER: b
(387:12) NUMBER: 0
(387:13) RPAREN: )
(387:15) IDENTIFIER: +
(387:17) IDENTIFIER: -
(387:18) RPAREN: )
(387:20) IDENTIFIER: a
(387:22) IDENTIFIER: b
(387:23) RPAREN: )
(387:24) RPAREN: )
(388:0) LPAREN: (
(388:1) IDENTIFIER: a-plus-abs-b
(388:14) NUMBER: 3
(388:16) NUMBER: -2
(388:18) RPAREN: )
(393:0) LPAREN: (
(393:1) IDENTIFIER: define
(393:8) LPAREN: (
(393:9) IDENTIFIER: sqrt-iter
(393:19) IDENTIFIER: guess
(393:25) IDENTIFIER: x
(393:26) RPAREN: )
(394:2) LPAREN: (
(394:3) IDENTIFIER: if
(394:6) LPAREN: (
(394:7) IDENTIFIER: good-enough?
(394:20) IDENTIFIER: guess
(394:26) IDENTIFIER: x
(394:27) RPAREN: )
(395:6) IDENTIFIER: guess
(396:6) LPAREN: (
(396:7) IDENTIFIER: sqrt-iter
(396:17) LPAREN: (
(396:18) IDENTIFIER: improve
(396:26) IDENTIFIER: guess
(396:32) IDENTIFIER: x
(396:33) RPAREN: )
(397:17) IDENTIFIER: x
(397:18) RPAREN: )
(397:19) RPAREN: )
(397:20) RPAREN: )
(398:0) LPAREN: (
(398:1) IDENTIFIER: define
(398:8) LPAREN: (
(398:9) IDENTIFIER: improve
(398:17) IDENTIFIER: guess
(398:23) IDENTIFIER: x
(398:24) RPAREN: )
(399:2) LPAREN: (
(399:3) IDENTIFIER: average
(399:11) IDENTIFIER: guess
(399:17) LPAREN: (
(399:18) IDENTIFIER: /
(399:20) IDENTIFIER: x
(399:22) IDENTIFIER: guess
(399:27) RPAREN: )
(399:28) RPAREN: )
(399:29) RPAREN: )
(400:0) LPAREN: (
(400:1) IDENTIFIER: define
(400:8) LPAREN: (
(400:9) IDENTIFIER: average
(400:17) IDENTIFIER: x
(400:19) IDENTIFIER: y
(400:20) RPAREN: )
(401:2) LPAREN: (
(401:3) IDENTIFIER: /
(401:5) LPAREN: (
(401:6) IDENTIFIER: +
(401:8) IDENTIFIER: x
(401:10) IDENTIFIER: y
(401:11) RPAREN: )
(401:13) NUMBER: 2
(401:14) RPAREN: )
(401:15) RPAREN: )
(402:0) LPAREN: (
(402:1) IDENTIFIER: define
(402:8) LPAREN: (
(402:9) IDENTIFIER: good-enough?
(402:22) IDENTIFIER: guess
(402:28) IDENTIFIER: x
(402:29) RPAREN: )
(403:2) LPAREN: (
(403:3) IDENTIFIER: <
(403:5) LPAREN: (
(403:6) IDENTIFIER: abs
(403:10) LPAREN: (
(403:11) IDENTIFIER: -
(403:13) LPAREN: (
(403:14) IDENTIFIER: square
(403:21) IDENTIFIER: guess
(403:26) RPAREN: )
(403:28) IDENTIFIER: x
(403:29) RPAREN: )
(403:30) RPAREN: )
(403:32) NUMBER: 0.001
(403:37) RPAREN: )
(403:38) RPAREN: )
(404:0) LPAREN: (
(404:1) IDENTIFIER: define
(404:8) LPAREN: (
(404:9) IDENTIFIER: sqrt
(404:14) IDENTIFIER: x
(404:15) RPAREN: )
(405:2) LPAREN: (
(405:3) IDENTIFIER: sqrt-iter
(405:13) NUMBER: 1.0
(405:17) IDENTIFIER: x
(405:18) RPAREN: )
(405:19) RPAREN: )
(406:0) LPAREN: (
(406:1) IDENTIFIER: sqrt
(406:6) NUMBER: 9
(406:7) RPAREN: )
(409:0) LPAREN: (
(409:1) IDENTIFIER: sqrt
(409:6) LPAREN: (
(409:7) IDENTIFIER: +
(409:9) NUMBER: 100
(409:13) NUMBER: 37
(409:15) RPAREN: )
(409:16) RPAREN: )
(412:0) LPAREN: (
(412:1) IDENTIFIER: sqrt
(412:6) LPAREN: (
(412:7) IDENTIFIER: +
(412:9) LPAREN: (
(412:10) IDENTIFIER: sqrt
(412:15) NUMBER: 2
(412:16) RPAREN: )
(412:18) LPAREN: (
(412:19) IDENTIFIER: sqrt
(412:24) NUMBER: 3
(412:25) RPAREN: )
(412:26) RPAREN: )
(412:27) RPAREN: )
(415:0) LPAREN: (
(415:1) IDENTIFIER: square
(415:8) LPAREN: (
(415:9) IDENTIFIER: sqrt
(415:14) NUMBER: 1000
(415:18) RPAREN: )
(415:19) RPAREN: )
(420:0) LPAREN: (
(420:1) IDENTIFIER: define
(420:8) LPAREN: (
(420:9) IDENTIFIER: sqrt
(420:14) IDENTIFIER: x
(420:15) RPAREN: )
(421:2) LPAREN: (
(421:3) IDENTIFIER: define
(421:10) LPAREN: (
(421:11) IDENTIFIER: good-enough?
(421:24) IDENTIFIER: guess
(421:29) RPAREN: )
(422:4) LPAREN: (
(422:5) IDENTIFIER: <
(422:7) LPAREN: (
(422:8) IDENTIFIER: abs
(422:12) LPAREN: (
(422:13) IDENTIFIER: -
(422:15) LPAREN: (
(422:16) IDENTIFIER: square
(422:23) IDENTIFIER: guess
(422:28) RPAREN: )
(422:30) IDENTIFIER: x
(422:31) RPAREN: )
(422:32) RPAREN: )
(422:34) NUMBER: 0.001
(422:39) RPAREN: )
(422:40) RPAREN: )
(423:2) LPAREN: (
(423:3) IDENTIFIER: define
(423:10) LPAREN: (
(423:11) IDENTIFIER: improve
(423:19) IDENTIFIER: guess
(423:24) RPAREN: )
(424:4) LPAREN: (
(424:5) IDENTIFIER: average
(424:13) IDENTIFIER: guess
(424:19) LPAREN: (
(424:20) IDENTIFIER: /
(424:22) IDENTIFIER: x
(424:24) IDENTIFIER: guess
(424:29) RPAREN: )
(424:30) RPAREN: )
(424:31) RPAREN: )
(425:2) LPAREN: (
(425:3) IDENTIFIER: define
(425:10) LPAREN: (
(425:11) IDENTIFIER: sqrt-iter
(425:21) IDENTIFIER: guess
(425:26) RPAREN: )
(426:4) LPAREN: (
(426:5) IDENTIFIER: if
(426:8) LPAREN: (
(426:9) IDENTIFIER: good-enough?
(426:22) IDENTIFIER: guess
(426:27) RPAREN: )
(427:8) IDENTIFIER: guess
(428:8) LPAREN: (
(428:9) IDENTIFIER: sqrt-iter
(428:19) LPAREN: (
(428:20) IDENTIFIER: improve
(428:28) IDENTIFIER: guess
(428:33) RPAREN: )
(428:34) RPAREN: )
(428:35) RPAREN: )
(428:36) RPAREN: )
(429:2) LPAREN: (
(429:3) IDENTIFIER: sqrt-iter
(429:13) NUMBER: 1.0
(429:16) RPAREN: )
(429:17) RPAREN: )
(430:0) LPAREN: (
(430:1) IDENTIFIER: sqrt
(430:6) NUMBER: 9
(430:7) RPAREN: )
(433:0) LPAREN: (
(433:1) IDENTIFIER: sqrt
(433:6) LPAREN: (
(433:7) IDENTIFIER: +
(433:9) NUMBER: 100
(433:13) NUMBER: 37
(433:15) RPAREN: )
(433:16) RPAREN: )
(436:0) LPAREN: (
(436:1) IDENTIFIER: sqrt
(436:6) LPAREN: (
(436:7) IDENTIFIER: +
(436:9) LPAREN: (
(436:10) IDENTIFIER: sqrt
(436:15) NUMBER: 2
(436:16) RPAREN: )
(436:18) LPAREN: (
(436:19) IDENTIFIER: sqrt
(436:24) NUMBER: 3
(436:25) RPAREN: )
(436:26) RPAREN: )
(436:27) RPAREN: )
(439:0) LPAREN: (
(439:1) IDENTIFIER: square
(439:8) LPAREN: (
(439:9) IDENTIFIER: sqrt
(439:14) NUMBER: 1000
(439:18) RPAREN: )
(439:19) RPAREN: )
(444:0) LPAREN: (
(444:1) IDENTIFIER: define
(444:8) LPAREN: (
(444:9) IDENTIFIER: cube
(444:14) IDENTIFIER: x
(444:15) RPAREN: )
(444:17) LPAREN: (
(444:18) IDENTIFIER: *
(444:20) IDENTIFIER: x
(444:22) IDENTIFIER: x
(444:24) IDENTIFIER: x
(444:25) RPAREN: )
(444:26) RPAREN: )
(445:0) LPAREN: (
(445:1) IDENTIFIER: define
(445:8) LPAREN: (
(445:9) IDENTIFIER: sum
(445:13) IDENTIFIER: term
(445:18) IDENTIFIER: a
(445:20) IDENTIFIER: next
(445:25) IDENTIFIER: b
(445:26) RPAREN: )
(446:2) LPAREN: (
(446:3) IDENTIFIER: if
(446:6) LPAREN: (
(446:7) IDENTIFIER: >
(446:9) IDENTIFIER: a
(446:11) IDENTIFIER: b
(446:12) RPAREN: )
(447:6) NUMBER: 0
(448:6) LPAREN: (
(448:7) IDENTIFIER: +
(448:9) LPAREN: (
(448:10) IDENTIFIER: term
(448:15) IDENTIFIER: a
(448:16) RPAREN: )
(449:9) LPAREN: (
(449:10) IDENTIFIER: sum
(449:14) IDENTIFIER: term
(449:19) LPAREN: (
(449:20) IDENTIFIER: next
(449:25) IDENTIFIER: a
(449:26) RPAREN: )
(449:28) IDENTIFIER: next
(449:33) IDENTIFIER: b
(449:34) RPAREN: )
(449:35) RPAREN: )
(449:36) RPAREN: )
(449:37) RPAREN: )
(450:0) LPAREN: (
(450:1) IDENTIFIER: define
(450:8) LPAREN: (
(450:9) IDENTIFIER: inc
(450:13) IDENTIFIER: n
(450:14) RPAREN: )
(450:16) LPAREN: (
(450:17) IDENTIFIER: +
(450:19) IDENTIFIER: n
(450:21) NUMBER: 1
(450:22) RPAREN: )
(450:23) RPAREN: )
(451:0) LPAREN: (
(451:1) IDENTIFIER: define
(451:8) LPAREN: (
(451:9) IDENTIFIER: sum-cubes
(451:19) IDENTIFIER: a
(451:21) IDENTIFIER: b
(451:22) RPAREN: )
(452:2) LPAREN: (
(452:3) IDENTIFIER: sum
(452:7) IDENTIFIER: cube
(452:12) IDENTIFIER: a
(452:14) IDENTIFIER: inc
(452:18) IDENTIFIER: b
(452:19) RPAREN: )
(452:20) RPAREN: )
(453:0) LPAREN: (
(453:1) IDENTIFIER: sum-cubes
(453:11) NUMBER: 1
(453:13) NUMBER: 10
(453:15) RPAREN: )
(456:0) LPAREN: (
(456:1) IDENTIFIER: define
(456:8) LPAREN: (
(456:9) IDENTIFIER: identity
(456:18) IDENTIFIER: x
(456:19) RPAREN: )
(456:21) IDENTIFIER: x
(456:22) RPAREN: )
(457:0) LPAREN: (
(457:1) IDENTIFIER: define
(457:8) LPAREN: (
(457:9) IDENTIFIER: sum-integers
(457:22) IDENTIFIER: a
(457:24) IDENTIFIER: b
(457:25) RPAREN: )
(458:2) LPAREN: (
(458:3) IDENTIFIER: sum
(458:7) IDENTIFIER: identity
(458:16) IDENTIFIER: a
(458:18) IDENTIFIER: inc
(458:22) IDENTIFIER: b
(458:23) RPAREN: )
(458:24) RPAREN: )
(459:0) LPAREN: (
(459:1) IDENTIFIER: sum-integers
(459:14) NUMBER: 1
(459:16) NUMBER: 10
(459:18) RPAREN: )
(464:0) LPAREN: (
(464:1) LPAREN: (
(464:2) IDENTIFIER: lambda
(464:9) LPAREN: (
(464:10) IDENTIFIER: x
(464:12) IDENTIFIER: y
(464:14) IDENTIFIER: z
(464:15) RPAREN: )
(464:17) LPAREN: (
(464:18) IDENTIFIER: +
(464:20) IDENTIFIER: x
(464:22) IDENTIFIER: y
(464:24) LPAREN: (
(464:25) IDENTIFIER: square
(464:32) IDENTIFIER: z
(464:33) RPAREN: )
(464:34) RPAREN: )
(464:35) RPAREN: )
(464:37) NUMBER: 1
(464:39) NUMBER: 2
(464:41) NUMBER: 3
(464:42) RPAREN: )
(467:0) LPAREN: (
(467:1) IDENTIFIER: define
(467:8) LPAREN: (
(467:9) IDENTIFIER: f
(467:11) IDENTIFIER: x
(467:13) IDENTIFIER: y
(467:14) RPAREN: )
(468:2) LPAREN: (
(468:3) IDENTIFIER: let
(468:7) LPAREN: (
(468:8) LPAREN: (
(468:9) IDENTIFIER: a
(468:11) LPAREN: (
(468:12) IDENTIFIER: +
(468:14) NUMBER: 1
(468:16) LPAREN: (
(468:17) IDENTIFIER: *
(468:19) IDENTIFIER: x
(468:21) IDENTIFIER: y
(468:22) RPAREN: )
(468:23) RPAREN: )
(468:24) RPAREN: )
(469:8) LPAREN: (
(469:9) IDENTIFIER: b
(469:11) LPAREN: (
(469:12) IDENTIFIER: -
(469:14) NUMBER: 1
(469:16) IDENTIFIER: y
(469:17) RPAREN: )
(469:18) RPAREN: )
(469:19) RPAREN: )
(470:4) LPAREN: (
(470:5) IDENTIFIER: +
(470:7) LPAREN: (
(470:8) IDENTIFIER: *
(470:10) IDENTIFIER: x
(470:12) LPAREN: (
(470:13) IDENTIFIER: square
(470:20) IDENTIFIER: a
(470:21) RPAREN: )
(470:22) RPAREN: )
(471:7) LPAREN: (
(471:8) IDENTIFIER: *
(471:10) IDENTIFIER: y
(471:12) IDENTIFIER: b
(471:13) RPAREN: )
(472:7) LPAREN: (
(472:8) IDENTIFIER: *
(472:10) IDENTIFIER: a
(472:12) IDENTIFIER: b
(472:13) RPAREN: )
(472:14) RPAREN: )
(472:15) RPAREN: )
(472:16) RPAREN: )
(473:0) LPAREN: (
(473:1) IDENTIFIER: f
(473:3) NUMBER: 3
(473:5) NUMBER: 4
(473:6) RPAREN: )
(476:0) LPAREN: (
(476:1) IDENTIFIER: define
(476:8) IDENTIFIER: x
(476:10) NUMBER: 5
(476:11) RPAREN: )
(477:0) LPAREN: (
(477:1) IDENTIFIER: +
(477:3) LPAREN: (
(477:4) IDENTIFIER: let
(477:8) LPAREN: (
(477:9) LPAREN: (
(477:10) IDENTIFIER: x
(477:12) NUMBER: 3
(477:13) RPAREN: )
(477:14) RPAREN: )
(478:5) LPAREN: (
(478:6) IDENTIFIER: +
(478:8) IDENTIFIER: x
(478:10) LPAREN: (
(478:11) IDENTIFIER: *
(478:13) IDENTIFIER: x
(478:15) NUMBER: 10
(478:17) RPAREN: )
(478:18) RPAREN: )
(478:19) RPAREN: )
(479:3) IDENTIFIER: x
(479:4) RPAREN: )
(482:0) LPAREN: (
(482:1) IDENTIFIER: let
(482:5) LPAREN: (
(482:6) LPAREN: (
(482:7) IDENTIFIER: x
(482:9) NUMBER: 3
(482:10) RPAREN: )
(483:6) LPAREN: (
(483:7) IDENTIFIER: y
(483:9) LPAREN: (
(483:10) IDENTIFIER: +
(483:12) IDENTIFIER: x
(483:14) NUMBER: 2
(483:15) RPAREN: )
(483:16) RPAREN: )
(483:17) RPAREN: )
(484:2) LPAREN: (
(484:3) IDENTIFIER: *
(484:5) IDENTIFIER: x
(484:7) IDENTIFIER: y
(484:8) RPAREN: )
(484:9) RPAREN: )
(489:0) LPAREN: (
(489:1) IDENTIFIER: define
(489:8) LPAREN: (
(489:9) IDENTIFIER: add-rat
(489:17) IDENTIFIER: x
(489:19) IDENTIFIER: y
(489:20) RPAREN: )
(490:2) LPAREN: (
(490:3) IDENTIFIER: make-rat
(490:12) LPAREN: (
(490:13) IDENTIFIER: +
(490:15) LPAREN: (
(490:16) IDENTIFIER: *
(490:18) LPAREN: (
(490:19) IDENTIFIER: numer
(490:25) IDENTIFIER: x
(490:26) RPAREN: )
(490:28) LPAREN: (
(490:29) IDENTIFIER: denom
(490:35) IDENTIFIER: y
(490:36) RPAREN: )
(490:37) RPAREN: )
(491:15) LPAREN: (
(491:16) IDENTIFIER: *
(491:18) LPAREN: (
(491:19) IDENTIFIER: numer
(491:25) IDENTIFIER: y
(491:26) RPAREN: )
(491:28) LPAREN: (
(491:29) IDENTIFIER: denom
(491:35) IDENTIFIER: x
(491:36) RPAREN: )
(491:37) RPAREN: )
(491:38) RPAREN: )
(492:12) LPAREN: (
(492:13) IDENTIFIER: *
(492:15) LPAREN: (
(492:16) IDENTIFIER: denom
(492:22) IDENTIFIER: x
(492:23) RPAREN: )
(492:25) LPAREN: (
(492:26) IDENTIFIER: denom
(492:32) IDENTIFIER: y
(492:33) RPAREN: )
(492:34) RPAREN: )
(492:35) RPAREN: )
(492:36) RPAREN: )
(493:0) LPAREN: (
(493:1) IDENTIFIER: define
(493:8) LPAREN: (
(493:9) IDENTIFIER: sub-rat
(493:17) IDENTIFIER: x
(493:19) IDENTIFIER: y
(493:20) RPAREN: )
(494:2) LPAREN: (
(494:3) IDENTIFIER: make-rat
(494:12) LPAREN: (
(494:13) IDENTIFIER: -
(494:15) LPAREN: (
(494:16) IDENTIFIER: *
(494:18) LPAREN: (
(494:19) IDENTIFIER: numer
(494:25) IDENTIFIER: x
(494:26) RPAREN: )
(494:28) LPAREN: (
(494:29) IDENTIFIER: denom
(494:35) IDENTIFIER: y
(494:36) RPAREN: )
(494:37) RPAREN: )
(495:15) LPAREN: (
(495:16) IDENTIFIER: *
(495:18) LPAREN: (
(495:19) IDENTIFIER: numer
(495:25) IDENTIFIER: y
(495:26) RPAREN: )
(495:28) LPAREN: (
(495:29) IDENTIFIER: denom
(495:35) IDENTIFIER: x
(495:36) RPAREN: )
(495:37) RPAREN: )
(495:38) RPAREN: )
(496:12) LPAREN: (
(496:13) IDENTIFIER: *
(496:15) LPAREN: (
(496:16) IDENTIFIER: denom
(496:22) IDENTIFIER: x
(496:23) RPAREN: )
(496:25) LPAREN: (
(496:26) IDENTIFIER: denom
(496:32) IDENTIFIER: y
(496:33) RPAREN: )
(496:34) RPAREN: )
(496:35) RPAREN: )
(496:36) RPAREN: )
(497:0) LPAREN: (
(497:1) IDENTIFIER: define
(497:8) LPAREN: (
(497:9) IDENTIFIER: mul-rat
(497:17) IDENTIFIER: x
(497:19) IDENTIFIER: y
(497:20) RPAREN: )
(498:2) LPAREN: (
(498:3) IDENTIFIER: make-rat
(498:12) LPAREN: (
(498:13) IDENTIFIER: *
(498:15) LPAREN: (
(498:16) IDENTIFIER: numer
(498:22) IDENTIFIER: x
(498:23) RPAREN: )
(498:25) LPAREN: (
(498:26) IDENTIFIER: numer
(498:32) IDENTIFIER: y
(498:33) RPAREN: )
(498:34) RPAREN: )
(499:12) LPAREN: (
(499:13) IDENTIFIER: *
(499:15) LPAREN: (
(499:16) IDENTIFIER: denom
(499:22) IDENTIFIER: x
(499:23) RPAREN: )
(499:25) LPAREN: (
(499:26) IDENTIFIER: denom
(499:32) IDENTIFIER: y
(499:33) RPAREN: )
(499:34) RPAREN: )
(499:35) RPAREN: )
(499:36) RPAREN: )
(500:0) LPAREN: (
(500:1) IDENTIFIER: define
(500:8) LPAREN: (
(500:9) IDENTIFIER: div-rat
(500:17) IDENTIFIER: x
(500:19) IDENTIFIER: y
(500:20) RPAREN: )
(501:2) LPAREN: (
(501:3) IDENTIFIER: make-rat
(501:12) LPAREN: (
(501:13) IDENTIFIER: *
(501:15) LPAREN: (
(501:16) IDENTIFIER: numer
(501:22) IDENTIFIER: x
(501:23) RPAREN: )
(501:25) LPAREN: (
(501:26) IDENTIFIER: denom
(501:32) IDENTIFIER: y
(501:33) RPAREN: )
(501:34) RPAREN: )
(502:12) LPAREN: (
(502:13) IDENTIFIER: *
(502:15) LPAREN: (
(502:16) IDENTIFIER: denom
(502:22) IDENTIFIER: x
(502:23) RPAREN: )
(502:25) LPAREN: (
(502:26) IDENTIFIER: numer
(502:32) IDENTIFIER: y
(502:33) RPAREN: )
(502:34) RPAREN: )
(502:35) RPAREN: )
(502:36) RPAREN: )
(503:0) LPAREN: (
(503:1) IDENTIFIER: define
(503:8) LPAREN: (
(503:9) IDENTIFIER: equal-rat?
(503:20) IDENTIFIER: x
(503:22) IDENTIFIER: y
(503:23) RPAREN: )
(504:2) LPAREN: (
(504:3) IDENTIFIER: =
(504:5) LPAREN: (
(504:6) IDENTIFIER: *
(504:8) LPAREN: (
(504:9) IDENTIFIER: numer
(504:15) IDENTIFIER: x
(504:16) RPAREN: )
(504:18) LPAREN: (
(504:19) IDENTIFIER: denom
(504:25) IDENTIFIER: y
(504:26) RPAREN: )
(504:27) RPAREN: )
(505:5) LPAREN: (
(505:6) IDENTIFIER: *
(505:8) LPAREN: (
(505:9) IDENTIFIER: numer
(505:15) IDENTIFIER: y
(505:16) RPAREN: )
(505:18) LPAREN: (
(505:19) IDENTIFIER: denom
(505:25) IDENTIFIER: x
(505:26) RPAREN: )
(505:27) RPAREN: )
(505:28) RPAREN: )
(505:29) RPAREN: )
(507:0) LPAREN: (
(507:1) IDENTIFIER: define
(507:8) IDENTIFIER: x
(507:10) LPAREN: (
(507:11) IDENTIFIER: cons
(507:16) NUMBER: 1
(507:18) NUMBER: 2
(507:19) RPAREN: )
(507:20) RPAREN: )
(508:0) LPAREN: (
(508:1) IDENTIFIER: car
(508:5) IDENTIFIER: x
(508:6) RPAREN: )
(511:0) LPAREN: (
(511:1) IDENTIFIER: cdr
(511:5) IDENTIFIER: x
(511:6) RPAREN: )
(514:0) LPAREN: (
(514:1) IDENTIFIER: define
(514:8) IDENTIFIER: x
(514:10) LPAREN: (
(514:11) IDENTIFIER: cons
(514:16) NUMBER: 1
(514:18) NUMBER: 2
(514:19) RPAREN: )
(514:20) RPAREN: )
(515:0) LPAREN: (
(515:1) IDENTIFIER: define
(515:8) IDENTIFIER: y
(515:10) LPAREN: (
(515:11) IDENTIFIER: cons
(515:16) NUMBER: 3
(515:18) NUMBER: 4
(515:19) RPAREN: )
(515:20) RPAREN: )
(516:0) LPAREN: (
(516:1) IDENTIFIER: define
(516:8) IDENTIFIER: z
(516:10) LPAREN: (
(516:11) IDENTIFIER: cons
(516:16) IDENTIFIER: x
(516:18) IDENTIFIER: y
(516:19) RPAREN: )
(516:20) RPAREN: )
(517:0) LPAREN: (
(517:1) IDENTIFIER: car
(517:5) LPAREN: (
(517:6) IDENTIFIER: car
(517:10) IDENTIFIER: z
(517:11) RPAREN: )
(517:12) RPAREN: )
(520:0) LPAREN: (
(520:1) IDENTIFIER: car
(520:5) LPAREN: (
(520:6) IDENTIFIER: cdr
(520:10) IDENTIFIER: z
(520:11) RPAREN: )
(520:12) RPAREN: )
(523:0) IDENTIFIER: z
(526:0) LPAREN: (
(526:1) IDENTIFIER: define
(526:8) LPAREN: (
(526:9) IDENTIFIER: make-rat
(526:18) IDENTIFIER: n
(526:20) IDENTIFIER: d
(526:21) RPAREN: )
(526:23) LPAREN: (
(526:24) IDENTIFIER: cons
(526:29) IDENTIFIER: n
(526:31) IDENTIFIER: d
(526:32) RPAREN: )
(526:33) RPAREN: )
(527:0) LPAREN: (
(527:1) IDENTIFIER: define
(527:8) LPAREN: (
(527:9) IDENTIFIER: numer
(527:15) IDENTIFIER: x
(527:16) RPAREN: )
(527:18) LPAREN: (
(527:19) IDENTIFIER: car
(527:23) IDENTIFIER: x
(527:24) RPAREN: )
(527:25) RPAREN: )
(528:0) LPAREN: (
(528:1) IDENTIFIER: define
(528:8) LPAREN: (
(528:9) IDENTIFIER: denom
(528:15) IDENTIFIER: x
(528:16) RPAREN: )
(528:18) LPAREN: (
(528:19) IDENTIFIER: cdr
(528:23) IDENTIFIER: x
(528:24) RPAREN: )
(528:25) RPAREN: )
(529:0) LPAREN: (
(529:1) IDENTIFIER: define
(529:8) LPAREN: (
(529:9) IDENTIFIER: print-rat
(529:19) IDENTIFIER: x
(529:20) RPAREN: )
(530:2) LPAREN: (
(530:3) IDENTIFIER: display
(530:11) LPAREN: (
(530:12) IDENTIFIER: numer
(530:18) IDENTIFIER: x
(530:19) RPAREN: )
(530:20) RPAREN: )
(531:2) LPAREN: (
(531:3) IDENTIFIER: display
(531:11) QUOTE: '
(531:12) IDENTIFIER: /
(531:13) RPAREN: )
(532:2) LPAREN: (
(532:3) IDENTIFIER: display
(532:11) LPAREN: (
(532:12) IDENTIFIER: denom
(532:18) IDENTIFIER: x
(532:19) RPAREN: )
(532:20) RPAREN: )
(533:2) LPAREN: (
(533:3) IDENTIFIER: newline
(533:10) RPAREN: )
(533:11) RPAREN: )
(534:0) LPAREN: (
(534:1) IDENTIFIER: define
(534:8) IDENTIFIER: one-half
(534:17) LPAREN: (
(534:18) IDENTIFIER: make-rat
(534:27) NUMBER: 1
(534:29) NUMBER: 2
(534:30) RPAREN: )
(534:31) RPAREN: )
(535:0) LPAREN: (
(535:1) IDENTIFIER: print-rat
(535:11) IDENTIFIER: one-half
(535:19) RPAREN: )
(538:0) LPAREN: (
(538:1) IDENTIFIER: define
(538:8) IDENTIFIER: one-third
(538:18) LPAREN: (
(538:19) IDENTIFIER: make-rat
(538:28) NUMBER: 1
(538:30) NUMBER: 3
(538:31) RPAREN: )
(538:32) RPAREN: )
(539:0) LPAREN: (
(539:1) IDENTIFIER: print-rat
(539:11) LPAREN: (
(539:12) IDENTIFIER: add-rat
(539:20) IDENTIFIER: one-half
(539:29) IDENTIFIER: one-third
(539:38) RPAREN: )
(539:39) RPAREN: )
(542:0) LPAREN: (
(542:1) IDENTIFIER: print-rat
(542:11) LPAREN: (
(542:12) IDENTIFIER: mul-rat
(542:20) IDENTIFIER: one-half
(542:29) IDENTIFIER: one-third
(542:38) RPAREN: )
(542:39) RPAREN: )
(545:0) LPAREN: (
(545:1) IDENTIFIER: print-rat
(545:11) LPAREN: (
(545:12) IDENTIFIER: add-rat
(545:20) IDENTIFIER: one-third
(545:30) IDENTIFIER: one-third
(545:39) RPAREN: )
(545:40) RPAREN: )
(548:0) LPAREN: (
(548:1) IDENTIFIER: define
(548:8) LPAREN: (
(548:9) IDENTIFIER: gcd
(548:13) IDENTIFIER: a
(548:15) IDENTIFIER: b
(548:16) RPAREN: )
(549:2) LPAREN: (
(549:3) IDENTIFIER: if
(549:6) LPAREN: (
(549:7) IDENTIFIER: =
(549:9) IDENTIFIER: b
(549:11) NUMBER: 0
(549:12) RPAREN: )
(550:6) IDENTIFIER: a
(551:6) LPAREN: (
(551:7) IDENTIFIER: gcd
(551:11) IDENTIFIER: b
(551:13) LPAREN: (
(551:14) IDENTIFIER: remainder
(551:24) IDENTIFIER: a
(551:26) IDENTIFIER: b
(551:27) RPAREN: )
(551:28) RPAREN: )
(551:29) RPAREN: )
(551:30) RPAREN: )
(552:0) LPAREN: (
(552:1) IDENTIFIER: define
(552:8) LPAREN: (
(552:9) IDENTIFIER: make-rat
(552:18) IDENTIFIER: n
(552:20) IDENTIFIER: d
(552:21) RPAREN: )
(553:2) LPAREN: (
(553:3) IDENTIFIER: let
(553:7) LPAREN: (
(553:8) LPAREN: (
(553:9) IDENTIFIER: g
(553:11) LPAREN: (
(553:12) IDENTIFIER: gcd
(553:16) IDENTIFIER: n
(553:18) IDENTIFIER: d
(553:19) RPAREN: )
(553:20) RPAREN: )
(553:21) RPAREN: )
(554:4) LPAREN: (
(554:5) IDENTIFIER: cons
(554:10) LPAREN: (
(554:11) IDENTIFIER: /
(554:13) IDENTIFIER: n
(554:15) IDENTIFIER: g
(554:16) RPAREN: )
(554:18) LPAREN: (
(554:19) IDENTIFIER: /
(554:21) IDENTIFIER: d
(554:23) IDENTIFIER: g
(554:24) RPAREN: )
(554:25) RPAREN: )
(554:26) RPAREN: )
(554:27) RPAREN: )
(555:0) LPAREN: (
(555:1) IDENTIFIER: print-rat
(555:11) LPAREN: (
(555:12) IDENTIFIER: add-rat
(555:20) IDENTIFIER: one-third
(555:30) IDENTIFIER: one-third
(555:39) RPAREN: )
(555:40) RPAREN: )
(558:0) LPAREN: (
(558:1) IDENTIFIER: define
(558:8) IDENTIFIER: one-through-four
(558:25) LPAREN: (
(558:26) IDENTIFIER: list
(558:31) NUMBER: 1
(558:33) NUMBER: 2
(558:35) NUMBER: 3
(558:37) NUMBER: 4
(558:38) RPAREN: )
(558:39) RPAREN: )
(559:0) IDENTIFIER: one-through-four
(562:0) LPAREN: (
(562:1) IDENTIFIER: car
(562:5) IDENTIFIER: one-through-four
(562:21) RPAREN: )
(565:0) LPAREN: (
(565:1) IDENTIFIER: cdr
(565:5) IDENTIFIER: one-through-four
(565:21) RPAREN: )
(568:0) LPAREN: (
(568:1) IDENTIFIER: car
(568:5) LPAREN: (
(568:6) IDENTIFIER: cdr
(568:10) IDENTIFIER: one-through-four
(568:26) RPAREN: )
(568:27) RPAREN: )
(571:0) LPAREN: (
(571:1) IDENTIFIER: cons
(571:6) NUMBER: 10
(571:9) IDENTIFIER: one-through-four
(571:25) RPAREN: )
(574:0) LPAREN: (
(574:1) IDENTIFIER: cons
(574:6) NUMBER: 5
(574:8) IDENTIFIER: one-through-four
(574:24) RPAREN: )
(577:0) LPAREN: (
(577:1) IDENTIFIER: define
(577:8) LPAREN: (
(577:9) IDENTIFIER: map
(577:13) IDENTIFIER: proc
(577:18) IDENTIFIER: items
(577:23) RPAREN: )
(578:2) LPAREN: (
(578:3) IDENTIFIER: if
(578:6) LPAREN: (
(578:7) IDENTIFIER: null?
(578:13) IDENTIFIER: items
(578:18) RPAREN: )
(579:6) IDENTIFIER: nil
(580:6) LPAREN: (
(580:7) IDENTIFIER: cons
(580:12) LPAREN: (
(580:13) IDENTIFIER: proc
(580:18) LPAREN: (
(580:19) IDENTIFIER: car
(580:23) IDENTIFIER: items
(580:28) RPAREN: )
(580:29) RPAREN: )
(581:12) LPAREN: (
(581:13) IDENTIFIER: map
(581:17) IDENTIFIER: proc
(581:22) LPAREN: (
(581:23) IDENTIFIER: cdr
(581:27) IDENTIFIER: items
(581:32) RPAREN: )
(581:33) RPAREN: )
(581:34) RPAREN: )
(581:35) RPAREN: )
(581:36) RPAREN: )
(582:0) LPAREN: (
(582:1) IDENTIFIER: map
(582:5) IDENTIFIER: abs
(582:9) LPAREN: (
(582:10) IDENTIFIER: list
(582:15) NUMBER: -10
(582:19) NUMBER: 2.5
(582:23) NUMBER: -11.6
(582:29) NUMBER: 17
(582:31) RPAREN: )
(582:32) RPAREN: )
(585:0) LPAREN: (
(585:1) IDENTIFIER: map
(585:5) LPAREN: (
(585:6) IDENTIFIER: lambda
(585:13) LPAREN: (
(585:14) IDENTIFIER: x
(585:15) RPAREN: )
(585:17) LPAREN: (
(585:18) IDENTIFIER: *
(585:20) IDENTIFIER: x
(585:22) IDENTIFIER: x
(585:23) RPAREN: )
(585:24) RPAREN: )
(586:5) LPAREN: (
(586:6) IDENTIFIER: list
(586:11) NUMBER: 1
(586:13) NUMBER: 2
(586:15) NUMBER: 3
(586:17) NUMBER: 4
(586:18) RPAREN: )
(586:19) RPAREN: )
(589:0) LPAREN: (
(589:1) IDENTIFIER: define
(589:8) LPAREN: (
(589:9) IDENTIFIER: scale-list
(589:20) IDENTIFIER: items
(589:26) IDENTIFIER: factor
(589:32) RPAREN: )
(590:2) LPAREN: (
(590:3) IDENTIFIER: map
(590:7) LPAREN: (
(590:8) IDENTIFIER: lambda
(590:15) LPAREN: (
(590:16) IDENTIFIER: x
(590:17) RPAREN: )
(590:19) LPAREN: (
(590:20) IDENTIFIER: *
(590:22) IDENTIFIER: x
(590:24) IDENTIFIER: factor
(590:30) RPAREN: )
(590:31) RPAREN: )
(591:7) IDENTIFIER: items
(591:12) RPAREN: )
(591:13) RPAREN: )
(592:0) LPAREN: (
(592:1) IDENTIFIER: scale-list
(592:12) LPAREN: (
(592:13) IDENTIFIER: list
(592:18) NUMBER: 1
(592:20) NUMBER: 2
(592:22) NUMBER: 3
(592:24) NUMBER: 4
(592:26) NUMBER: 5
(592:27) RPAREN: )
(592:29) NUMBER: 10
(592:31) RPAREN: )
(595:0) LPAREN: (
(595:1) IDENTIFIER: define
(595:8) LPAREN: (
(595:9) IDENTIFIER: count-leaves
(595:22) IDENTIFIER: x
(595:23) RPAREN: )
(596:2) LPAREN: (
(596:3) IDENTIFIER: cond
(596:8) LPAREN: (
(596:9) LPAREN: (
(596:10) IDENTIFIER: null?
(596:16) IDENTIFIER: x
(596:17) RPAREN: )
(596:19) NUMBER: 0
(596:20) RPAREN: )
(597:8) LPAREN: (
(597:9) LPAREN: (
(597:10) IDENTIFIER: not
(597:14) LPAREN: (
(597:15) IDENTIFIER: pair?
(597:21) IDENTIFIER: x
(597:22) RPAREN: )
(597:23) RPAREN: )
(597:25) NUMBER: 1
(597:26) RPAREN: )
(598:8) LPAREN: (
(598:9) IDENTIFIER: else
(598:14) LPAREN: (
(598:15) IDENTIFIER: +
(598:17) LPAREN: (
(598:18) IDENTIFIER: count-leaves
(598:31) LPAREN: (
(598:32) IDENTIFIER: car
(598:36) IDENTIFIER: x
(598:37) RPAREN: )
(598:38) RPAREN: )
(599:17) LPAREN: (
(599:18) IDENTIFIER: count-leaves
(599:31) LPAREN: (
(599:32) IDENTIFIER: cdr
(599:36) IDENTIFIER: x
(599:37) RPAREN: )
(599:38) RPAREN: )
(599:39) RPAREN: )
(599:40) RPAREN: )
(599:41) RPAREN: )
(599:42) RPAREN: )
(600:0) LPAREN: (
(600:1) IDENTIFIER: define
(600:8) IDENTIFIER: x
(600:10) LPAREN: (
(600:11) IDENTIFIER: cons
(600:16) LPAREN: (
(600:17) IDENTIFIER: list
(600:22) NUMBER: 1
(600:24) NUMBER: 2
(600:25) RPAREN: )
(600:27) LPAREN: (
(600:28) IDENTIFIER: list
(600:33) NUMBER: 3
(600:35) NUMBER: 4
(600:36) RPAREN: )
(600:37) RPAREN: )
(600:38) RPAREN: )
(601:0) LPAREN: (
(601:1) IDENTIFIER: count-leaves
(601:14) IDENTIFIER: x
(601:15) RPAREN: )
(604:0) LPAREN: (
(604:1) IDENTIFIER: count-leaves
(604:14) LPAREN: (
(604:15) IDENTIFIER: list
(604:20) IDENTIFIER: x
(604:22) IDENTIFIER: x
(604:23) RPAREN: )
(604:24) RPAREN: )
(609:0) LPAREN: (
(609:1) IDENTIFIER: define
(609:8) LPAREN: (
(609:9) IDENTIFIER: odd?
(609:14) IDENTIFIER: x
(609:15) RPAREN: )
(609:17) LPAREN: (
(609:18) IDENTIFIER: =
(609:20) NUMBER: 1
(609:22) LPAREN: (
(609:23) IDENTIFIER: remainder
(609:33) IDENTIFIER: x
(609:35) NUMBER: 2
(609:36) RPAREN: )
(609:37) RPAREN: )
(609:38) RPAREN: )
(610:0) LPAREN: (
(610:1) IDENTIFIER: define
(610:8) LPAREN: (
(610:9) IDENTIFIER: filter
(610:16) IDENTIFIER: predicate
(610:26) IDENTIFIER: sequence
(610:34) RPAREN: )
(611:2) LPAREN: (
(611:3) IDENTIFIER: cond
(611:8) LPAREN: (
(611:9) LPAREN: (
(611:10) IDENTIFIER: null?
(611:16) IDENTIFIER: sequence
(611:24) RPAREN: )
(611:26) IDENTIFIER: nil
(611:29) RPAREN: )
(612:8) LPAREN: (
(612:9) LPAREN: (
(612:10) IDENTIFIER: predicate
(612:20) LPAREN: (
(612:21) IDENTIFIER: car
(612:25) IDENTIFIER: sequence
(612:33) RPAREN: )
(612:34) RPAREN: )
(613:9) LPAREN: (
(613:10) IDENTIFIER: cons
(613:15) LPAREN: (
(613:16) IDENTIFIER: car
(613:20) IDENTIFIER: sequence
(613:28) RPAREN: )
(614:15) LPAREN: (
(614:16) IDENTIFIER: filter
(614:23) IDENTIFIER: predicate
(614:33) LPAREN: (
(614:34) IDENTIFIER: cdr
(614:38) IDENTIFIER: sequence
(614:46) RPAREN: )
(614:47) RPAREN: )
(614:48) RPAREN: )
(614:49) RPAREN: )
(615:8) LPAREN: (
(615:9) IDENTIFIER: else
(615:14) LPAREN: (
(615:15) IDENTIFIER: filter
(615:22) IDENTIFIER: predicate
(615:32) LPAREN: (
(615:33) IDENTIFIER: cdr
(615:37) IDENTIFIER: sequence
(615:45) RPAREN: )
(615:46) RPAREN: )
(615:47) RPAREN: )
(615:48) RPAREN: )
(615:49) RPAREN: )
(616:0) LPAREN: (
(616:1) IDENTIFIER: filter
(616:8) IDENTIFIER: odd?
(616:13) LPAREN: (
(616:14) IDENTIFIER: list
(616:19) NUMBER: 1
(616:21) NUMBER: 2
(616:23) NUMBER: 3
(616:25) NUMBER: 4
(616:27) NUMBER: 5
(616:28) RPAREN: )
(616:29) RPAREN: )
(619:0) LPAREN: (
(619:1) IDENTIFIER: define
(619:8) LPAREN: (
(619:9) IDENTIFIER: accumulate
(619:20) IDENTIFIER: op
(619:23) IDENTIFIER: initial
(619:31) IDENTIFIER: sequence
(619:39) RPAREN: )
(620:2) LPAREN: (
(620:3) IDENTIFIER: if
(620:6) LPAREN: (
(620:7) IDENTIFIER: null?
(620:13) IDENTIFIER: sequence
(620:21) RPAREN: )
(621:6) IDENTIFIER: initial
(622:6) LPAREN: (
(622:7) IDENTIFIER: op
(622:10) LPAREN: (
(622:11) IDENTIFIER: car
(622:15) IDENTIFIER: sequence
(622:23) RPAREN: )
(623:10) LPAREN: (
(623:11) IDENTIFIER: accumulate
(623:22) IDENTIFIER: op
(623:25) IDENTIFIER: initial
(623:33) LPAREN: (
(623:34) IDENTIFIER: cdr
(623:38) IDENTIFIER: sequence
(623:46) RPAREN: )
(623:47) RPAREN: )
(623:48) RPAREN: )
(623:49) RPAREN: )
(623:50) RPAREN: )
(624:0) LPAREN: (
(624:1) IDENTIFIER: accumulate
(624:12) IDENTIFIER: +
(624:14) NUMBER: 0
(624:16) LPAREN: (
(624:17) IDENTIFIER: list
(624:22) NUMBER: 1
(624:24) NUMBER: 2
(624:26) NUMBER: 3
(624:28) NUMBER: 4
(624:30) NUMBER: 5
(624:31) RPAREN: )
(624:32) RPAREN: )
(627:0) LPAREN: (
(627:1) IDENTIFIER: accumulate
(627:12) IDENTIFIER: *
(627:14) NUMBER: 1
(627:16) LPAREN: (
(627:17) IDENTIFIER: list
(627:22) NUMBER: 1
(627:24) NUMBER: 2
(627:26) NUMBER: 3
(627:28) NUMBER: 4
(627:30) NUMBER: 5
(627:31) RPAREN: )
(627:32) RPAREN: )
(630:0) LPAREN: (
(630:1) IDENTIFIER: accumulate
(630:12) IDENTIFIER: cons
(630:17) IDENTIFIER: nil
(630:21) LPAREN: (
(630:22) IDENTIFIER: list
(630:27) NUMBER: 1
(630:29) NUMBER: 2
(630:31) NUMBER: 3
(630:33) NUMBER: 4
(630:35) NUMBER: 5
(630:36) RPAREN: )
(630:37) RPAREN: )
(633:0) LPAREN: (
(633:1) IDENTIFIER: define
(633:8) LPAREN: (
(633:9) IDENTIFIER: enumerate-interval
(633:28) IDENTIFIER: low
(633:32) IDENTIFIER: high
(633:36) RPAREN: )
(634:2) LPAREN: (
(634:3) IDENTIFIER: if
(634:6) LPAREN: (
(634:7) IDENTIFIER: >
(634:9) IDENTIFIER: low
(634:13) IDENTIFIER: high
(634:17) RPAREN: )
(635:6) IDENTIFIER: nil
(636:6) LPAREN: (
(636:7) IDENTIFIER: cons
(636:12) IDENTIFIER: low
(636:16) LPAREN: (
(636:17) IDENTIFIER: enumerate-interval
(636:36) LPAREN: (
(636:37) IDENTIFIER: +
(636:39) IDENTIFIER: low
(636:43) NUMBER: 1
(636:44) RPAREN: )
(636:46) IDENTIFIER: high
(636:50) RPAREN: )
(636:51) RPAREN: )
(636:52) RPAREN: )
(636:53) RPAREN: )
(637:0) LPAREN: (
(637:1) IDENTIFIER: enumerate-interval
(637:20) NUMBER: 2
(637:22) NUMBER: 7
(637:23) RPAREN: )
(640:0) LPAREN: (
(640:1) IDENTIFIER: define
(640:8) LPAREN: (
(640:9) IDENTIFIER: enumerate-tree
(640:24) IDENTIFIER: tree
(640:28) RPAREN: )
(641:2) LPAREN: (
(641:3) IDENTIFIER: cond
(641:8) LPAREN: (
(641:9) LPAREN: (
(641:10) IDENTIFIER: null?
(641:16) IDENTIFIER: tree
(641:20) RPAREN: )
(641:22) IDENTIFIER: nil
(641:25) RPAREN: )
(642:8) LPAREN: (
(642:9) LPAREN: (
(642:10) IDENTIFIER: not
(642:14) LPAREN: (
(642:15) IDENTIFIER: pair?
(642:21) IDENTIFIER: tree
(642:25) RPAREN: )
(642:26) RPAREN: )
(642:28) LPAREN: (
(642:29) IDENTIFIER: list
(642:34) IDENTIFIER: tree
(642:38) RPAREN: )
(642:39) RPAREN: )
(643:8) LPAREN: (
(643:9) IDENTIFIER: else
(643:14) LPAREN: (
(643:15) IDENTIFIER: append
(643:22) LPAREN: (
(643:23) IDENTIFIER: enumerate-tree
(643:38) LPAREN: (
(643:39) IDENTIFIER: car
(643:43) IDENTIFIER: tree
(643:47) RPAREN: )
(643:48) RPAREN: )
(644:22) LPAREN: (
(644:23) IDENTIFIER: enumerate-tree
(644:38) LPAREN: (
(644:39) IDENTIFIER: cdr
(644:43) IDENTIFIER: tree
(644:47) RPAREN: )
(644:48) RPAREN: )
(644:49) RPAREN: )
(644:50) RPAREN: )
(644:51) RPAREN: )
(644:52) RPAREN: )
(645:0) LPAREN: (
(645:1) IDENTIFIER: enumerate-tree
(645:16) LPAREN: (
(645:17) IDENTIFIER: list
(645:22) NUMBER: 1
(645:24) LPAREN: (
(645:25) IDENTIFIER: list
(645:30) NUMBER: 2
(645:32) LPAREN: (
(645:33) IDENTIFIER: list
(645:38) NUMBER: 3
(645:40) NUMBER: 4
(645:41) RPAREN: )
(645:42) RPAREN: )
(645:44) NUMBER: 5
(645:45) RPAREN: )
(645:46) RPAREN: )
(650:0) LPAREN: (
(650:1) IDENTIFIER: define
(650:8) IDENTIFIER: a
(650:10) NUMBER: 1
(650:11) RPAREN: )
(652:0) LPAREN: (
(652:1) IDENTIFIER: define
(652:8) IDENTIFIER: b
(652:10) NUMBER: 2
(652:11) RPAREN: )
(654:0) LPAREN: (
(654:1) IDENTIFIER: list
(654:6) IDENTIFIER: a
(654:8) IDENTIFIER: b
(654:9) RPAREN: )
(657:0) LPAREN: (
(657:1) IDENTIFIER: list
(657:6) QUOTE: '
(657:7) IDENTIFIER: a
(657:9) QUOTE: '
(657:10) IDENTIFIER: b
(657:11) RPAREN: )
(660:0) LPAREN: (
(660:1) IDENTIFIER: list
(660:6) QUOTE: '
(660:7) IDENTIFIER: a
(660:9) IDENTIFIER: b
(660:10) RPAREN: )
(663:0) LPAREN: (
(663:1) IDENTIFIER: car
(663:5) QUOTE: '
(663:6) LPAREN: (
(663:7) IDENTIFIER: a
(663:9) IDENTIFIER: b
(663:11) IDENTIFIER: c
(663:12) RPAREN: )
(663:13) RPAREN: )
(666:0) LPAREN: (
(666:1) IDENTIFIER: cdr
(666:5) QUOTE: '
(666:6) LPAREN: (
(666:7) IDENTIFIER: a
(666:9) IDENTIFIER: b
(666:11) IDENTIFIER: c
(666:12) RPAREN: )
(666:13) RPAREN: )
(669:0) LPAREN: (
(669:1) IDENTIFIER: define
(669:8) LPAREN: (
(669:9) IDENTIFIER: memq
(669:14) IDENTIFIER: item
(669:19) IDENTIFIER: x
(669:20) RPAREN: )
(670:2) LPAREN: (
(670:3) IDENTIFIER: cond
(670:8) LPAREN: (
(670:9) LPAREN: (
(670:10) IDENTIFIER: null?
(670:16) IDENTIFIER: x
(670:17) RPAREN: )
(670:19) IDENTIFIER: false
(670:24) RPAREN: )
(671:8) LPAREN: (
(671:9) LPAREN: (
(671:10) IDENTIFIER: eq?
(671:14) IDENTIFIER: item
(671:19) LPAREN: (
(671:20) IDENTIFIER: car
(671:24) IDENTIFIER: x
(671:25) RPAREN: )
(671:26) RPAREN: )
(671:28) IDENTIFIER: x
(671:29) RPAREN: )
(672:8) LPAREN: (
(672:9) IDENTIFIER: else
(672:14) LPAREN: (
(672:15) IDENTIFIER: memq
(672:20) IDENTIFIER: item
(672:25) LPAREN: (
(672:26) IDENTIFIER: cdr
(672:30) IDENTIFIER: x
(672:31) RPAREN: )
(672:32) RPAREN: )
(672:33) RPAREN: )
(672:34) RPAREN: )
(672:35) RPAREN: )
(673:0) LPAREN: (
(673:1) IDENTIFIER: memq
(673:6) QUOTE: '
(673:7) IDENTIFIER: apple
(673:13) QUOTE: '
(673:14) LPAREN: (
(673:15) IDENTIFIER: pear
(673:20) IDENTIFIER: banana
(673:27) IDENTIFIER: prune
(673:32) RPAREN: )
(673:33) RPAREN: )
(676:0) LPAREN: (
(676:1) IDENTIFIER: memq
(676:6) QUOTE: '
(676:7) IDENTIFIER: apple
(676:13) QUOTE: '
(676:14) LPAREN: (
(676:15) IDENTIFIER: x
(676:17) LPAREN: (
(676:18) IDENTIFIER: apple
(676:24) IDENTIFIER: sauce
(676:29) RPAREN: )
(676:31) IDENTIFIER: y
(676:33) IDENTIFIER: apple
(676:39) IDENTIFIER: pear
(676:43) RPAREN: )
(676:44) RPAREN: )
(679:0) LPAREN: (
(679:1) IDENTIFIER: define
(679:8) LPAREN: (
(679:9) IDENTIFIER: equal?
(679:16) IDENTIFIER: x
(679:18) IDENTIFIER: y
(679:19) RPAREN: )
(680:2) LPAREN: (
(680:3) IDENTIFIER: cond
(680:8) LPAREN: (
(680:9) LPAREN: (
(680:10) IDENTIFIER: pair?
(680:16) IDENTIFIER: x
(680:17) RPAREN: )
(680:19) LPAREN: (
(680:20) IDENTIFIER: and
(680:24) LPAREN: (
(680:25) IDENTIFIER: pair?
(680:31) IDENTIFIER: y
(680:32) RPAREN: )
(681:24) LPAREN: (
(681:25) IDENTIFIER: equal?
(681:32) LPAREN: (
(681:33) IDENTIFIER: car
(681:37) IDENTIFIER: x
(681:38) RPAREN: )
(681:40) LPAREN: (
(681:41) IDENTIFIER: car
(681:45) IDENTIFIER: y
(681:46) RPAREN: )
(681:47) RPAREN: )
(682:24) LPAREN: (
(682:25) IDENTIFIER: equal?
(682:32) LPAREN: (
(682:33) IDENTIFIER: cdr
(682:37) IDENTIFIER: x
(682:38) RPAREN: )
(682:40) LPAREN: (
(682:41) IDENTIFIER: cdr
(682:45) IDENTIFIER: y
(682:46) RPAREN: )
(682:47) RPAREN: )
(682:48) RPAREN: )
(682:49) RPAREN: )
(683:8) LPAREN: (
(683:9) LPAREN: (
(683:10) IDENTIFIER: null?
(683:16) IDENTIFIER: x
(683:17) RPAREN: )
(683:19) LPAREN: (
(683:20) IDENTIFIER: null?
(683:26) IDENTIFIER: y
(683:27) RPAREN: )
(683:28) RPAREN: )
(684:8) LPAREN: (
(684:9) IDENTIFIER: else
(684:14) LPAREN: (
(684:15) IDENTIFIER: eq?
(684:19) IDENTIFIER: x
(684:21) IDENTIFIER: y
(684:22) RPAREN: )
(684:23) RPAREN: )
(684:24) RPAREN: )
(684:25) RPAREN: )
(685:0) LPAREN: (
(685:1) IDENTIFIER: equal?
(685:8) QUOTE: '
(685:9) LPAREN: (
(685:10) NUMBER: 1
(685:12) NUMBER: 2
(685:14) LPAREN: (
(685:15) IDENTIFIER: three
(685:20) RPAREN: )
(685:21) RPAREN: )
(685:23) QUOTE: '
(685:24) LPAREN: (
(685:25) NUMBER: 1
(685:27) NUMBER: 2
(685:29) LPAREN: (
(685:30) IDENTIFIER: three
(685:35) RPAREN: )
(685:36) RPAREN: )
(685:37) RPAREN: )
(688:0) LPAREN: (
(688:1) IDENTIFIER: equal?
(688:8) QUOTE: '
(688:9) LPAREN: (
(688:10) NUMBER: 1
(688:12) NUMBER: 2
(688:14) LPAREN: (
(688:15) IDENTIFIER: three
(688:20) RPAREN: )
(688:21) RPAREN: )
(688:23) QUOTE: '
(688:24) LPAREN: (
(688:25) NUMBER: 1
(688:27) NUMBER: 2
(688:29) IDENTIFIER: three
(688:34) RPAREN: )
(688:35) RPAREN: )
(691:0) LPAREN: (
(691:1) IDENTIFIER: equal?
(691:8) QUOTE: '
(691:9) LPAREN: (
(691:10) NUMBER: 1
(691:12) NUMBER: 2
(691:14) IDENTIFIER: three
(691:19) RPAREN: )
(691:21) QUOTE: '
(691:22) LPAREN: (
(691:23) NUMBER: 1
(691:25) NUMBER: 2
(691:27) LPAREN: (
(691:28) IDENTIFIER: three
(691:33) RPAREN: )
(691:34) RPAREN: )
(691:35) RPAREN: )
(696:0) LPAREN: (
(696:1) IDENTIFIER: define
(696:8) IDENTIFIER: double
(696:15) LPAREN: (
(696:16) IDENTIFIER: lambda
(696:23) LPAREN: (
(696:24) IDENTIFIER: x
(696:25) RPAREN: )
(696:27) LPAREN: (
(696:28) IDENTIFIER: *
(696:30) NUMBER: 2
(696:32) IDENTIFIER: x
(696:33) RPAREN: )
(696:34) RPAREN: )
(696:35) RPAREN: )
(697:0) LPAREN: (
(697:1) IDENTIFIER: double
(697:8) NUMBER: 5
(697:9) RPAREN: )
(700:0) LPAREN: (
(700:1) IDENTIFIER: define
(700:8) IDENTIFIER: compose
(700:16) LPAREN: (
(700:17) IDENTIFIER: lambda
(700:24) LPAREN: (
(700:25) IDENTIFIER: f
(700:27) IDENTIFIER: g
(700:28) RPAREN: )
(700:30) LPAREN: (
(700:31) IDENTIFIER: lambda
(700:38) LPAREN: (
(700:39) IDENTIFIER: x
(700:40) RPAREN: )
(700:42) LPAREN: (
(700:43) IDENTIFIER: f
(700:45) LPAREN: (
(700:46) IDENTIFIER: g
(700:48) IDENTIFIER: x
(700:49) RPAREN: )
(700:50) RPAREN: )
(700:51) RPAREN: )
(700:52) RPAREN: )
(700:53) RPAREN: )
(701:0) LPAREN: (
(701:1) LPAREN: (
(701:2) IDENTIFIER: compose
(701:10) IDENTIFIER: list
(701:15) IDENTIFIER: double
(701:21) RPAREN: )
(701:23) NUMBER: 5
(701:24) RPAREN: )
(704:0) LPAREN: (
(704:1) IDENTIFIER: define
(704:8) IDENTIFIER: apply-twice
(704:20) LPAREN: (
(704:21) IDENTIFIER: lambda
(704:28) LPAREN: (
(704:29) IDENTIFIER: f
(704:30) RPAREN: )
(704:32) LPAREN: (
(704:33) IDENTIFIER: compose
(704:41) IDENTIFIER: f
(704:43) IDENTIFIER: f
(704:44) RPAREN: )
(704:45) RPAREN: )
(704:46) RPAREN: )
(705:0) LPAREN: (
(705:1) LPAREN: (
(705:2) IDENTIFIER: apply-twice
(705:14) IDENTIFIER: double
(705:20) RPAREN: )
(705:22) NUMBER: 5
(705:23) RPAREN: )
(708:0) LPAREN: (
(708:1) LPAREN: (
(708:2) IDENTIFIER: apply-twice
(708:14) LPAREN: (
(708:15) IDENTIFIER: apply-twice
(708:27) IDENTIFIER: double
(708:33) RPAREN: )
(708:34) RPAREN: )
(708:36) NUMBER: 5
(708:37) RPAREN: )
(711:0) LPAREN: (
(711:1) IDENTIFIER: define
(711:8) IDENTIFIER: fact
(711:13) LPAREN: (
(711:14) IDENTIFIER: lambda
(711:21) LPAREN: (
(711:22) IDENTIFIER: n
(711:23) RPAREN: )
(711:25) LPAREN: (
(711:26) IDENTIFIER: if
(711:29) LPAREN: (
(711:30) IDENTIFIER: <=
(711:33) IDENTIFIER: n
(711:35) NUMBER: 1
(711:36) RPAREN: )
(711:38) NUMBER: 1
(711:40) LPAREN: (
(711:41) IDENTIFIER: *
(711:43) IDENTIFIER: n
(711:45) LPAREN: (
(711:46) IDENTIFIER: fact
(711:51) LPAREN: (
(711:52) IDENTIFIER: -
(711:54) IDENTIFIER: n
(711:56) NUMBER: 1
(711:57) RPAREN: )
(711:58) RPAREN: )
(711:59) RPAREN: )
(711:60) RPAREN: )
(711:61) RPAREN: )
(711:62) RPAREN: )
(712:0) LPAREN: (
(712:1) IDENTIFIER: fact
(712:6) NUMBER: 3
(712:7) RPAREN: )
(715:0) LPAREN: (
(715:1) IDENTIFIER: fact
(715:6) NUMBER: 50
(715:8) RPAREN: )
(718:0) LPAREN: (
(718:1) IDENTIFIER: define
(718:8) LPAREN: (
(718:9) IDENTIFIER: combine
(718:17) IDENTIFIER: f
(718:18) RPAREN: )
(719:2) LPAREN: (
(719:3) IDENTIFIER: lambda
(719:10) LPAREN: (
(719:11) IDENTIFIER: x
(719:13) IDENTIFIER: y
(719:14) RPAREN: )
(720:4) LPAREN: (
(720:5) IDENTIFIER: if
(720:8) LPAREN: (
(720:9) IDENTIFIER: null?
(720:15) IDENTIFIER: x
(720:16) RPAREN: )
(720:18) IDENTIFIER: nil
(721:6) LPAREN: (
(721:7) IDENTIFIER: f
(721:9) LPAREN: (
(721:10) IDENTIFIER: list
(721:15) LPAREN: (
(721:16) IDENTIFIER: car
(721:20) IDENTIFIER: x
(721:21) RPAREN: )
(721:23) LPAREN: (
(721:24) IDENTIFIER: car
(721:28) IDENTIFIER: y
(721:29) RPAREN: )
(721:30) RPAREN: )
(722:9) LPAREN: (
(722:10) LPAREN: (
(722:11) IDENTIFIER: combine
(722:19) IDENTIFIER: f
(722:20) RPAREN: )
(722:22) LPAREN: (
(722:23) IDENTIFIER: cdr
(722:27) IDENTIFIER: x
(722:28) RPAREN: )
(722:30) LPAREN: (
(722:31) IDENTIFIER: cdr
(722:35) IDENTIFIER: y
(722:36) RPAREN: )
(722:37) RPAREN: )
(722:38) RPAREN: )
(722:39) RPAREN: )
(722:40) RPAREN: )
(722:41) RPAREN: )
(723:0) LPAREN: (
(723:1) IDENTIFIER: define
(723:8) IDENTIFIER: zip
(723:12) LPAREN: (
(723:13) IDENTIFIER: combine
(723:21) IDENTIFIER: cons
(723:25) RPAREN: )
(723:26) RPAREN: )
(724:0) LPAREN: (
(724:1) IDENTIFIER: zip
(724:5) LPAREN: (
(724:6) IDENTIFIER: list
(724:11) NUMBER: 1
(724:13) NUMBER: 2
(724:15) NUMBER: 3
(724:17) NUMBER: 4
(724:18) RPAREN: )
(724:20) LPAREN: (
(724:21) IDENTIFIER: list
(724:26) NUMBER: 5
(724:28) NUMBER: 6
(724:30) NUMBER: 7
(724:32) NUMBER: 8
(724:33) RPAREN: )
(724:34) RPAREN: )
(727:0) LPAREN: (
(727:1) IDENTIFIER: define
(727:8) IDENTIFIER: riff-shuffle
(727:21) LPAREN: (
(727:22) IDENTIFIER: lambda
(727:29) LPAREN: (
(727:30) IDENTIFIER: deck
(727:34) RPAREN: )
(727:36) LPAREN: (
(727:37) IDENTIFIER: begin
(728:4) LPAREN: (
(728:5) IDENTIFIER: define
(728:12) IDENTIFIER: take
(728:17) LPAREN: (
(728:18) IDENTIFIER: lambda
(728:25) LPAREN: (
(728:26) IDENTIFIER: n
(728:28) IDENTIFIER: seq
(728:31) RPAREN: )
(728:33) LPAREN: (
(728:34) IDENTIFIER: if
(728:37) LPAREN: (
(728:38) IDENTIFIER: <=
(728:41) IDENTIFIER: n
(728:43) NUMBER: 0
(728:44) RPAREN: )
(728:46) LPAREN: (
(728:47) IDENTIFIER: quote
(728:53) LPAREN: (
(728:54) RPAREN: )
(728:55) RPAREN: )
(728:57) LPAREN: (
(728:58) IDENTIFIER: cons
(728:63) LPAREN: (
(728:64) IDENTIFIER: car
(728:68) IDENTIFIER: seq
(728:71) RPAREN: )
(728:73) LPAREN: (
(728:74) IDENTIFIER: take
(728:79) LPAREN: (
(728:80) IDENTIFIER: -
(728:82) IDENTIFIER: n
(728:84) NUMBER: 1
(728:85) RPAREN: )
(728:87) LPAREN: (
(728:88) IDENTIFIER: cdr
(728:92) IDENTIFIER: seq
(728:95) RPAREN: )
(728:96) RPAREN: )
(728:97) RPAREN: )
(728:98) RPAREN: )
(728:99) RPAREN: )
(728:100) RPAREN: )
(729:4) LPAREN: (
(729:5) IDENTIFIER: define
(729:12) IDENTIFIER: drop
(729:17) LPAREN: (
(729:18) IDENTIFIER: lambda
(729:25) LPAREN: (
(729:26) IDENTIFIER: n
(729:28) IDENTIFIER: seq
(729:31) RPAREN: )
(729:33) LPAREN: (
(729:34) IDENTIFIER: if
(729:37) LPAREN: (
(729:38) IDENTIFIER: <=
(729:41) IDENTIFIER: n
(729:43) NUMBER: 0
(729:44) RPAREN: )
(729:46) IDENTIFIER: seq
(729:50) LPAREN: (
(729:51) IDENTIFIER: drop
(729:56) LPAREN: (
(729:57) IDENTIFIER: -
(729:59) IDENTIFIER: n
(729:61) NUMBER: 1
(729:62) RPAREN: )
(729:64) LPAREN: (
(729:65) IDENTIFIER: cdr
(729:69) IDENTIFIER: seq
(729:72) RPAREN: )
(729:73) RPAREN: )
(729:74) RPAREN: )
(729:75) RPAREN: )
(729:76) RPAREN: )
(730:4) LPAREN: (
(730:5) IDENTIFIER: define
(730:12) IDENTIFIER: mid
(730:16) LPAREN: (
(730:17) IDENTIFIER: lambda
(730:24) LPAREN: (
(730:25) IDENTIFIER: seq
(730:28) RPAREN: )
(730:30) LPAREN: (
(730:31) IDENTIFIER: /
(730:33) LPAREN: (
(730:34) IDENTIFIER: length
(730:41) IDENTIFIER: seq
(730:44) RPAREN: )
(730:46) NUMBER: 2
(730:47) RPAREN: )
(730:48) RPAREN: )
(730:49) RPAREN: )
(731:4) LPAREN: (
(731:5) LPAREN: (
(731:6) IDENTIFIER: combine
(731:14) IDENTIFIER: append
(731:20) RPAREN: )
(731:22) LPAREN: (
(731:23) IDENTIFIER: take
(731:28) LPAREN: (
(731:29) IDENTIFIER: mid
(731:33) IDENTIFIER: deck
(731:37) RPAREN: )
(731:39) IDENTIFIER: deck
(731:43) RPAREN: )
(731:45) LPAREN: (
(731:46) IDENTIFIER: drop
(731:51) LPAREN: (
(731:52) IDENTIFIER: mid
(731:56) IDENTIFIER: deck
(731:60) RPAREN: )
(731:62) IDENTIFIER: deck
(731:66) RPAREN: )
(731:67) RPAREN: )
(731:68) RPAREN: )
(731:69) RPAREN: )
(731:70) RPAREN: )
(732:0) LPAREN: (
(732:1) IDENTIFIER: riff-shuffle
(732:14) LPAREN: (
(732:15) IDENTIFIER: list
(732:20) NUMBER: 1
(732:22) NUMBER: 2
(732:24) NUMBER: 3
(732:26) NUMBER: 4
(732:28) NUMBER: 5
(732:30) NUMBER: 6
(732:32) NUMBER: 7
(732:34) NUMBER: 8
(732:35) RPAREN: )
(732:36) RPAREN: )
(735:0) LPAREN: (
(735:1) LPAREN: (
(735:2) IDENTIFIER: apply-twice
(735:14) IDENTIFIER: riff-shuffle
(735:26) RPAREN: )
(735:28) LPAREN: (
(735:29) IDENTIFIER: list
(735:34) NUMBER: 1
(735:36) NUMBER: 2
(735:38) NUMBER: 3
(735:40) NUMBER: 4
(735:42) NUMBER: 5
(735:44) NUMBER: 6
(735:46) NUMBER: 7
(735:48) NUMBER: 8
(735:49) RPAREN: )
(735:50) RPAREN: )
(738:0) LPAREN: (
(738:1) IDENTIFIER: riff-shuffle
(738:14) LPAREN: (
(738:15) IDENTIFIER: riff-shuffle
(738:28) LPAREN: (
(738:29) IDENTIFIER: riff-shuffle
(738:42) LPAREN: (
(738:43) IDENTIFIER: list
(738:48) NUMBER: 1
(738:50) NUMBER: 2
(738:52) NUMBER: 3
(738:54) NUMBER: 4
(738:56) NUMBER: 5
(738:58) NUMBER: 6
(738:60) NUMBER: 7
(738:62) NUMBER: 8
(738:63) RPAREN: )
(738:64) RPAREN: )
(738:65) RPAREN: )
(738:66) RPAREN: )
(743:0) LPAREN: (
(743:1) IDENTIFIER: apply
(743:7) IDENTIFIER: square
(743:14) QUOTE: '
(743:15) LPAREN: (
(743:16) NUMBER: 2
(743:17) RPAREN: )
(743:18) RPAREN: )
(746:0) LPAREN: (
(746:1) IDENTIFIER: apply
(746:7) IDENTIFIER: +
(746:9) QUOTE: '
(746:10) LPAREN: (
(746:11) NUMBER: 1
(746:13) NUMBER: 2
(746:15) NUMBER: 3
(746:17) NUMBER: 4
(746:18) RPAREN: )
(746:19) RPAREN: )
(749:0) LPAREN: (
(749:1) IDENTIFIER: apply
(749:7) LPAREN: (
(749:8) IDENTIFIER: if
(749:11) IDENTIFIER: false
(749:17) IDENTIFIER: +
(749:19) IDENTIFIER: append
(749:25) RPAREN: )
(749:27) QUOTE: '
(749:28) LPAREN: (
(749:29) LPAREN: (
(749:30) NUMBER: 1
(749:32) NUMBER: 2
(749:33) RPAREN: )
(749:35) LPAREN: (
(749:36) NUMBER: 3
(749:38) NUMBER: 4
(749:39) RPAREN: )
(749:40) RPAREN: )
(749:41) RPAREN: )
(752:0) LPAREN: (
(752:1) IDENTIFIER: if
(752:4) NUMBER: 0
(752:6) NUMBER: 1
(752:8) NUMBER: 2
(752:9) RPAREN: )
(755:0) LPAREN: (
(755:1) IDENTIFIER: if
(755:4) QUOTE: '
(755:5) LPAREN: (
(755:6) RPAREN: )
(755:8) NUMBER: 1
(755:10) NUMBER: 2
(755:11) RPAREN: )
(758:0) LPAREN: (
(758:1) IDENTIFIER: or
(758:4) IDENTIFIER: false
(758:10) IDENTIFIER: true
(758:14) RPAREN: )
(761:0) LPAREN: (
(761:1) IDENTIFIER: or
(761:3) RPAREN: )
(764:0) LPAREN: (
(764:1) IDENTIFIER: and
(764:4) RPAREN: )
(767:0) LPAREN: (
(767:1) IDENTIFIER: or
(767:4) NUMBER: 1
(767:6) NUMBER: 2
(767:8) NUMBER: 3
(767:9) RPAREN: )
(770:0) LPAREN: (
(770:1) IDENTIFIER: and
(770:5) NUMBER: 1
(770:7) NUMBER: 2
(770:9) NUMBER: 3
(770:10) RPAREN: )
(773:0) LPAREN: (
(773:1) IDENTIFIER: and
(773:5) IDENTIFIER: False
(773:11) LPAREN: (
(773:12) IDENTIFIER: /
(773:14) NUMBER: 1
(773:16) NUMBER: 0
(773:17) RPAREN: )
(773:18) RPAREN: )
(776:0) LPAREN: (
(776:1) IDENTIFIER: and
(776:5) IDENTIFIER: True
(776:10) LPAREN: (
(776:11) IDENTIFIER: /
(776:13) NUMBER: 1
(776:15) NUMBER: 0
(776:16) RPAREN: )
(776:17) RPAREN: )
(779:0) LPAREN: (
(779:1) IDENTIFIER: or
(779:4) NUMBER: 3
(779:6) LPAREN: (
(779:7) IDENTIFIER: /
(779:9) NUMBER: 1
(779:11) NUMBER: 0
(779:12) RPAREN: )
(779:13) RPAREN: )
(782:0) LPAREN: (
(782:1) IDENTIFIER: or
(782:4) IDENTIFIER: False
(782:10) LPAREN: (
(782:11) IDENTIFIER: /
(782:13) NUMBER: 1
(782:15) NUMBER: 0
(782:16) RPAREN: )
(782:17) RPAREN: )
(785:0) LPAREN: (
(785:1) IDENTIFIER: or
(785:4) LPAREN: (
(785:5) IDENTIFIER: quote
(785:11) IDENTIFIER: hello
(785:16) RPAREN: )
(785:18) LPAREN: (
(785:19) IDENTIFIER: quote
(785:25) IDENTIFIER: world
(785:30) RPAREN: )
(785:31) RPAREN: )
(788:0) LPAREN: (
(788:1) IDENTIFIER: if
(788:4) IDENTIFIER: nil
(788:8) NUMBER: 1
(788:10) NUMBER: 2
(788:11) RPAREN: )
(791:0) LPAREN: (
(791:1) IDENTIFIER: if
(791:4) NUMBER: 0
(791:6) NUMBER: 1
(791:8) NUMBER: 2
(791:9) RPAREN: )
(794:0) LPAREN: (
(794:1) IDENTIFIER: if
(794:4) LPAREN: (
(794:5) IDENTIFIER: or
(794:8) IDENTIFIER: false
(794:14) IDENTIFIER: False
(794:20) BOOL: #f
(794:22) RPAREN: )
(794:24) NUMBER: 1
(794:26) NUMBER: 2
(794:27) RPAREN: )
(797:0) LPAREN: (
(797:1) IDENTIFIER: define
(797:8) LPAREN: (
(797:9) IDENTIFIER: loop
(797:13) RPAREN: )
(797:15) LPAREN: (
(797:16) IDENTIFIER: loop
(797:20) RPAREN: )
(797:21) RPAREN: )
(798:0) LPAREN: (
(798:1) IDENTIFIER: cond
(798:6) LPAREN: (
(798:7) IDENTIFIER: false
(798:13) LPAREN: (
(798:14) IDENTIFIER: loop
(798:18) RPAREN: )
(798:19) RPAREN: )
(799:6) LPAREN: (
(799:7) NUMBER: 12
(799:9) RPAREN: )
(799:10) RPAREN: )
(802:0) LPAREN: (
(802:1) LPAREN: (
(802:2) IDENTIFIER: lambda
(802:9) LPAREN: (
(802:10) IDENTIFIER: x
(802:11) RPAREN: )
(802:13) LPAREN: (
(802:14) IDENTIFIER: display
(802:22) IDENTIFIER: x
(802:23) RPAREN: )
(802:25) LPAREN: (
(802:26) IDENTIFIER: newline
(802:33) RPAREN: )
(802:35) IDENTIFIER: x
(802:36) RPAREN: )
(802:38) NUMBER: 2
(802:39) RPAREN: )
(805:0) LPAREN: (
(805:1) IDENTIFIER: define
(805:8) IDENTIFIER: g
(805:10) LPAREN: (
(805:11) IDENTIFIER: mu
(805:14) LPAREN: (
(805:15) RPAREN: )
(805:17) IDENTIFIER: x
(805:18) RPAREN: )
(805:19) RPAREN: )
(806:0) LPAREN: (
(806:1) IDENTIFIER: define
(806:8) LPAREN: (
(806:9) IDENTIFIER: high
(806:14) IDENTIFIER: f
(806:16) IDENTIFIER: x
(806:17) RPAREN: )
(807:2) LPAREN: (
(807:3) IDENTIFIER: f
(807:4) RPAREN: )
(807:5) RPAREN: )
(809:0) LPAREN: (
(809:1) IDENTIFIER: high
(809:6) IDENTIFIER: g
(809:8) NUMBER: 2
(809:9) RPAREN: )
(812:0) LPAREN: (
(812:1) IDENTIFIER: define
(812:8) LPAREN: (
(812:9) IDENTIFIER: print-and-square
(812:26) IDENTIFIER: x
(812:27) RPAREN: )
(813:2) LPAREN: (
(813:3) IDENTIFIER: print
(813:9) IDENTIFIER: x
(813:10) RPAREN: )
(814:2) LPAREN: (
(814:3) IDENTIFIER: square
(814:10) IDENTIFIER: x
(814:11) RPAREN: )
(814:12) RPAREN: )
(815:0) LPAREN: (
(815:1) IDENTIFIER: print-and-square
(815:18) NUMBER: 12
(815:20) RPAREN: )
(818:0) LPAREN: (
(818:1) IDENTIFIER: /
(818:3) NUMBER: 1
(818:5) NUMBER: 0
(818:6) RPAREN: )
(821:0) LPAREN: (
(821:1) IDENTIFIER: define
(821:8) IDENTIFIER: addx
(821:13) LPAREN: (
(821:14) IDENTIFIER: mu
(821:17) LPAREN: (
(821:18) IDENTIFIER: x
(821:19) RPAREN: )
(821:21) LPAREN: (
(821:22) IDENTIFIER: +
(821:24) IDENTIFIER: x
(821:26) IDENTIFIER: y
(821:27) RPAREN: )
(821:28) RPAREN: )
(821:29) RPAREN: )
(822:0) LPAREN: (
(822:1) IDENTIFIER: define
(822:8) IDENTIFIER: add2xy
(822:15) LPAREN: (
(822:16) IDENTIFIER: lambda
(822:23) LPAREN: (
(822:24) IDENTIFIER: x
(822:26) IDENTIFIER: y
(822:27) RPAREN: )
(822:29) LPAREN: (
(822:30) IDENTIFIER: addx
(822:35) LPAREN: (
(822:36) IDENTIFIER: +
(822:38) IDENTIFIER: x
(822:40) IDENTIFIER: x
(822:41) RPAREN: )
(822:42) RPAREN: )
(822:43) RPAREN: )
(822:44) RPAREN: )
(823:0) LPAREN: (
(823:1) IDENTIFIER: add2xy
(823:8) NUMBER: 3
(823:10) NUMBER: 7
(823:11) RPAREN: )
(832:0) LPAREN: (
(832:1) IDENTIFIER: define
(832:8) LPAREN: (
(832:9) IDENTIFIER: len
(832:13) IDENTIFIER: s
(832:14) RPAREN: )
(833:2) LPAREN: (
(833:3) IDENTIFIER: if
(833:6) LPAREN: (
(833:7) IDENTIFIER: eq?
(833:11) IDENTIFIER: s
(833:13) QUOTE: '
(833:14) LPAREN: (
(833:15) RPAREN: )
(833:16) RPAREN: )
(834:4) NUMBER: 0
(835:4) LPAREN: (
(835:5) IDENTIFIER: +
(835:7) NUMBER: 1
(835:9) LPAREN: (
(835:10) IDENTIFIER: len
(835:14) LPAREN: (
(835:15) IDENTIFIER: cdr
(835:19) IDENTIFIER: s
(835:20) RPAREN: )
(835:21) RPAREN: )
(835:22) RPAREN: )
(835:23) RPAREN: )
(835:24) RPAREN: )
(836:0) LPAREN: (
(836:1) IDENTIFIER: len
(836:5) QUOTE: '
(836:6) LPAREN: (
(836:7) NUMBER: 1
(836:9) NUMBER: 2
(836:11) NUMBER: 3
(836:13) NUMBER: 4
(836:14) RPAREN: )
(836:15) RPAREN: )
(846:0) LPAREN: (
(846:1) IDENTIFIER: define
(846:8) LPAREN: (
(846:9) IDENTIFIER: sum
(846:13) IDENTIFIER: n
(846:15) IDENTIFIER: total
(846:20) RPAREN: )
(847:2) LPAREN: (
(847:3) IDENTIFIER: if
(847:6) LPAREN: (
(847:7) IDENTIFIER: zero?
(847:13) IDENTIFIER: n
(847:14) RPAREN: )
(847:16) IDENTIFIER: total
(848:4) LPAREN: (
(848:5) IDENTIFIER: sum
(848:9) LPAREN: (
(848:10) IDENTIFIER: -
(848:12) IDENTIFIER: n
(848:14) NUMBER: 1
(848:15) RPAREN: )
(848:17) LPAREN: (
(848:18) IDENTIFIER: +
(848:20) IDENTIFIER: n
(848:22) IDENTIFIER: total
(848:27) RPAREN: )
(848:28) RPAREN: )
(848:29) RPAREN: )
(848:30) RPAREN: )
(849:0) LPAREN: (
(849:1) IDENTIFIER: sum
(849:5) NUMBER: 1001
(849:10) NUMBER: 0
(849:11) RPAREN: )
(852:0) LPAREN: (
(852:1) IDENTIFIER: exit
(852:5) RPAREN: )
